******************************************************************************
               TMS320C6x Linker PC v7.4.24                     
******************************************************************************
>> Linked Fri Oct 18 00:53:34 2019

OUTPUT FILE NAME:   <HW4_Final.out>
ENTRY POINT SYMBOL: "_c_int00"  address: 00003b60


MEMORY CONFIGURATION

         name            origin    length      used     unused   attr    fill
----------------------  --------  ---------  --------  --------  ----  --------
  IRAM                  00000000   00030000  000061d0  00029e30  RWIX
  L2RAM                 00030000   00010000  00000000  00010000  RWIX
  EMIFCE0               80000000   10000000  00000000  10000000  RWIX
  EMIFCE1               90000000   10000000  00000000  10000000  RWIX
  EMIFCE2               a0000000   10000000  00000000  10000000  RWIX
  EMIFCE3               b0000000   10000000  00000000  10000000  RWIX


SECTION ALLOCATION MAP

 output                                  attributes/
section   page    origin      length       input sections
--------  ----  ----------  ----------   ----------------
.bss       0    00000000    00000000     UNINITIALIZED

.data      0    00000000    00000000     UNINITIALIZED

.pinit     0    00000000    00000000     UNINITIALIZED

.text      0    00000000    00004080     
                  00000000    000015c0     main.obj (.text)
                  000015c0    00000480     dsk6713bsl.lib : dsk6713.obj (.text)
                  00001a40    00000300                    : dsk6713_aic23_opencodec.obj (.text)
                  00001d40    000002c0     main.obj (.text:retain)
                  00002000    00000280     csl6713.lib : csl_edma.obj (.text:_EDMA_open)
                  00002280    00000240     rts6700.lib : memcpy62.obj (.text:_memcpy)
                  000024c0    00000220     csl6713.lib : csl.obj (.text:__CSL_init)
                  000026e0    000001c0                 : csl_irq.obj (.text:_IRQ_map)
                  000028a0    000001c0                 : csl_irq.obj (.text:_mux2Tables)
                  00002a60    000001a0                 : csl_edma.obj (.text:_EDMA_allocTable)
                  00002c00    000001a0                 : csl_mcbsp.obj (.text:_MCBSP_reset)
                  00002da0    00000140                 : csl_edma.obj (.text:_EDMA_reset)
                  00002ee0    00000140                 : csl_timer.obj (.text:_TIMER_open)
                  00003020    00000140     dsk6713bsl.lib : dsk6713_aic23_registers.obj (.text)
                  00003160    00000120     csl6713.lib : csl_timer.obj (.text:_TIMER_reset)
                  00003280    00000100                 : csl_mcbsp.obj (.text:_MCBSP_open)
                  00003380    00000100                 : csl_mcbsp.obj (.text:_MCBSP_start)
                  00003480    00000100     rts6700.lib : autoinit.obj (.text:__auto_init)
                  00003580    000000e0     csl6713.lib : csl_edma.obj (.text:_EDMA_config)
                  00003660    000000e0     rts6700.lib : strasg.obj (.text:__strasg)
                  00003740    000000e0                 : exit.obj (.text:_exit)
                  00003820    000000c0     csl6713.lib : csl_edma.obj (.text:_EDMA_clearPram)
                  000038e0    000000c0     rts6700.lib : cpy_tbl.obj (.text:_copy_in)
                  000039a0    000000a0     csl6713.lib : csl_irq.obj (.text:__IRQ_init)
                  00003a40    000000a0                 : csl_irq.obj (.text:_setMux)
                  00003ae0    00000080     rts6700.lib : cpp_init.obj (.text:___TI_cpp_init)
                  00003b60    00000080                 : boot.obj (.text:_c_int00)
                  00003be0    00000080     dsk6713bsl.lib : dsk6713_dip.obj (.text)
                  00003c60    00000060     csl6713.lib : csl_edma.obj (.text:_EDMA_disableChannel)
                  00003cc0    00000060                 : csl_edma.obj (.text:_EDMA_enableChannel)
                  00003d20    00000060                 : csl_edma.obj (.text:_EDMA_intDisable)
                  00003d80    00000060                 : csl_edma.obj (.text:_EDMA_intEnable)
                  00003de0    00000060                 : csl_edma.obj (.text:_EDMA_qdmaConfig)
                  00003e40    00000040                 : csl_irq.obj (.text:_IRQ_enable)
                  00003e80    00000040                 : csl_irq.obj (.text:_IRQ_reset)
                  00003ec0    00000040     rts6700.lib : args_main.obj (.text:__args_main)
                  00003f00    00000020     csl6713.lib : csl.obj (.text:_CSL6713_LIB_)
                  00003f20    00000020                 : csl_edma.obj (.text:_EDMA_intClear)
                  00003f40    00000020                 : csl_edma.obj (.text:_EDMA_intTest)
                  00003f60    00000020                 : csl_irq.obj (.text:_IRQ_globalDisable)
                  00003f80    00000020                 : csl_irq.obj (.text:_IRQ_globalEnable)
                  00003fa0    00000020                 : csl_irq.obj (.text:_IRQ_nmiEnable)
                  00003fc0    00000020                 : csl_irq.obj (.text:_IRQ_setVecs)
                  00003fe0    00000020                 : csl_mcbsp.obj (.text:_MCBSP_read)
                  00004000    00000020                 : csl_mcbsp.obj (.text:_MCBSP_write)
                  00004020    00000020     rts6700.lib : exit.obj (.text:_abort)
                  00004040    00000020     csl6713.lib : csl_irq.obj (.text)
                  00004060    00000020     vectors_intr.obj (.text)

.stack     0    00004080    00000800     UNINITIALIZED
                  00004080    00000008     rts6700.lib : boot.obj (.stack)
                  00004088    000007f8     --HOLE--

.cinit     0    00004880    000005e4     
                  00004880    000002f6     main.obj (.cinit)
                  00004b76    00000002     --HOLE-- [fill = 0]
                  00004b78    0000012c     csl6713.lib : csl_irq.obj (.cinit)
                  00004ca4    00000004     --HOLE-- [fill = 0]
                  00004ca8    00000070                 : csl_edma.obj (.cinit)
                  00004d18    00000054                 : csl_mcbsp.obj (.cinit)
                  00004d6c    00000004     --HOLE-- [fill = 0]
                  00004d70    0000004c                 : csl_timer.obj (.cinit)
                  00004dbc    00000004     --HOLE-- [fill = 0]
                  00004dc0    0000003c                 : csl.obj (.cinit)
                  00004dfc    00000004     --HOLE-- [fill = 0]
                  00004e00    00000030     dsk6713bsl.lib : dsk6713_aic23_registers.obj (.cinit)
                  00004e30    0000002c     rts6700.lib : exit.obj (.cinit)
                  00004e5c    00000004     --HOLE-- [fill = 0]
                  00004e60    00000004     (.pad.cinit) [fill = 0]

.far       0    00004e64    0000050c     UNINITIALIZED
                  00004e64    00000302     main.obj (.far)
                  00005166    00000002     dsk6713bsl.lib : dsk6713.obj (.far)
                  00005168    000000f4     csl6713.lib : csl_irq.obj (.far)
                  0000525c    00000054                 : csl_edma.obj (.far)
                  000052b0    00000038                 : csl_mcbsp.obj (.far)
                  000052e8    00000028                 : csl.obj (.far)
                  00005310    00000028     dsk6713bsl.lib : dsk6713_aic23_registers.obj (.far)
                  00005338    00000024     csl6713.lib : csl_timer.obj (.far)
                  0000535c    0000000c     rts6700.lib : exit.obj (.far)
                  00005368    00000008     dsk6713bsl.lib : dsk6713_aic23_opencodec.obj (.far)

.const     0    00005370    00000060     
                  00005370    00000040     dsk6713bsl.lib : dsk6713_aic23_opencodec.obj (.const)
                  000053b0    00000020                    : dsk6713.obj (.const)

.buffers   0    00005400    00000c00     UNINITIALIZED
                  00005400    00000c00     main.obj (.buffers)

.vecs      0    00006000    00000200     
                  00006000    00000200     vectors_intr.obj (.vecs)


GLOBAL SYMBOLS: SORTED ALPHABETICALLY BY Name 

address    name
--------   ----
00000000   $bss
00000000   .bss
00000000   .data
00000000   .text
00004020   C$$EXIT
00004e90   _AIC_data
00003f00   _CSL6713_LIB_
00005368   _DSK6713_AIC23_codeccontrolhandle
0000536c   _DSK6713_AIC23_codecdatahandle
000030e0   _DSK6713_AIC23_config
00001a40   _DSK6713_AIC23_openCodec
000030b8   _DSK6713_AIC23_rget
00003020   _DSK6713_AIC23_rset
00003be8   _DSK6713_DIP_get
00003be0   _DSK6713_DIP_init
000019d4   _DSK6713_getVersion
0000160c   _DSK6713_init
00001928   _DSK6713_rget
0000193c   _DSK6713_rset
00005166   _DSK6713_version
00001950   _DSK6713_wait
000019a8   _DSK6713_waitusec
00002a60   _EDMA_allocTable
00003820   _EDMA_clearPram
00003580   _EDMA_config
00003c60   _EDMA_disableChannel
00003cc0   _EDMA_enableChannel
00003f20   _EDMA_intClear
00003d20   _EDMA_intDisable
00003d80   _EDMA_intEnable
00003f40   _EDMA_intTest
00002000   _EDMA_open
00003de0   _EDMA_qdmaConfig
00002da0   _EDMA_reset
00004f80   _Filters
00004e94   _Glo
00003e40   _IRQ_enable
00003f60   _IRQ_globalDisable
00003f80   _IRQ_globalEnable
000026e0   _IRQ_map
00003fa0   _IRQ_nmiEnable
00003e80   _IRQ_reset
00003fc0   _IRQ_setVecs
00003280   _MCBSP_open
00003fe0   _MCBSP_read
00002c00   _MCBSP_reset
00003380   _MCBSP_start
00004000   _MCBSP_write
00000b08   _Mult_fp
00002ee0   _TIMER_open
00003160   _TIMER_reset
000024c0   __CSL_init
00005254   __IRQ_dispatchTable
00005190   __IRQ_eventTable
00004040   __IRQ_hookFetchPacket
000039a0   __IRQ_init
00005214   __IRQ_intTable
000052e0   __MCBSP_hDev0
000052e4   __MCBSP_hDev1
00004880   __STACK_END
00000800   __STACK_SIZE
00005338   __TIMER_deviceTable
00005358   __TIMER_hBios
00005350   __TIMER_hDev0
00005354   __TIMER_hDev1
00000001   __TI_args_main
00003ae0   ___TI_cpp_init
00005364   ___TI_enable_exit_profile_output
ffffffff   ___TI_pprof_out_hndl
ffffffff   ___TI_prof_data_size
ffffffff   ___TI_prof_data_start
ffffffff   ___binit__
00000000   ___bss__
ffffffff   ___c_args__
00004880   ___cinit__
00000000   ___data__
00000000   ___edata__
00000000   ___end__
00004080   ___etext__
ffffffff   ___pinit__
00000000   ___text__
00003ec0   __args_main
00003480   __auto_init
0000535c   __cleanup_ptr
00005360   __dtors_ptr
00004080   __stack
00003660   __strasg
00004020   _abort
00003b60   _c_int00
00001d40   _c_int8
00004f20   _cfgEdmaPang_rx
00004f68   _cfgEdmaPang_tx
00004ef0   _cfgEdmaPing_rx
00004f38   _cfgEdmaPing_tx
00004f08   _cfgEdmaPong_rx
00004f50   _cfgEdmaPong_tx
00004eb0   _cfgEdma_rx
00004ed8   _cfgEdma_tx
00004e64   _config1
00000664   _convolution
000038e0   _copy_in
00003740   _exit
0000007c   _forever_loop
00004e8c   _hCodec
00004eac   _hEdmaPang_rx
00004ed4   _hEdmaPang_tx
00004ea4   _hEdmaPing_rx
00004ecc   _hEdmaPing_tx
00004ea8   _hEdmaPong_rx
00004ed0   _hEdmaPong_tx
00004ea0   _hEdma_rx
00004ec8   _hEdma_tx
00000ce0   _init
00000c90   _input_sample
00000048   _main
00002280   _memcpy
00000c38   _output_sample
00000b98   _rounding
00005800   _rx_pang
00005400   _rx_ping
00005600   _rx_pong
00000c08   _scale_down
00005270   _tccAllocTable
00000638   _test
00005e00   _tx_pang
00005a00   _tx_ping
00005c00   _tx_pong
00006020   _vector1
00006140   _vector10
00006160   _vector11
00006180   _vector12
000061a0   _vector13
000061c0   _vector14
000061e0   _vector15
00006040   _vector2
00006060   _vector3
00006080   _vector4
000060a0   _vector5
000060c0   _vector6
000060e0   _vector7
00006120   _vector9
00006000   _vectors
ffffffff   binit
00004880   cinit
00000000   edata
00000000   end
00004080   etext
ffffffff   pinit


GLOBAL SYMBOLS: SORTED BY Symbol Address 

address    name
--------   ----
00000000   $bss
00000000   .bss
00000000   .data
00000000   .text
00000000   ___bss__
00000000   ___data__
00000000   ___edata__
00000000   ___end__
00000000   ___text__
00000000   edata
00000000   end
00000001   __TI_args_main
00000048   _main
0000007c   _forever_loop
00000638   _test
00000664   _convolution
00000800   __STACK_SIZE
00000b08   _Mult_fp
00000b98   _rounding
00000c08   _scale_down
00000c38   _output_sample
00000c90   _input_sample
00000ce0   _init
0000160c   _DSK6713_init
00001928   _DSK6713_rget
0000193c   _DSK6713_rset
00001950   _DSK6713_wait
000019a8   _DSK6713_waitusec
000019d4   _DSK6713_getVersion
00001a40   _DSK6713_AIC23_openCodec
00001d40   _c_int8
00002000   _EDMA_open
00002280   _memcpy
000024c0   __CSL_init
000026e0   _IRQ_map
00002a60   _EDMA_allocTable
00002c00   _MCBSP_reset
00002da0   _EDMA_reset
00002ee0   _TIMER_open
00003020   _DSK6713_AIC23_rset
000030b8   _DSK6713_AIC23_rget
000030e0   _DSK6713_AIC23_config
00003160   _TIMER_reset
00003280   _MCBSP_open
00003380   _MCBSP_start
00003480   __auto_init
00003580   _EDMA_config
00003660   __strasg
00003740   _exit
00003820   _EDMA_clearPram
000038e0   _copy_in
000039a0   __IRQ_init
00003ae0   ___TI_cpp_init
00003b60   _c_int00
00003be0   _DSK6713_DIP_init
00003be8   _DSK6713_DIP_get
00003c60   _EDMA_disableChannel
00003cc0   _EDMA_enableChannel
00003d20   _EDMA_intDisable
00003d80   _EDMA_intEnable
00003de0   _EDMA_qdmaConfig
00003e40   _IRQ_enable
00003e80   _IRQ_reset
00003ec0   __args_main
00003f00   _CSL6713_LIB_
00003f20   _EDMA_intClear
00003f40   _EDMA_intTest
00003f60   _IRQ_globalDisable
00003f80   _IRQ_globalEnable
00003fa0   _IRQ_nmiEnable
00003fc0   _IRQ_setVecs
00003fe0   _MCBSP_read
00004000   _MCBSP_write
00004020   C$$EXIT
00004020   _abort
00004040   __IRQ_hookFetchPacket
00004080   ___etext__
00004080   __stack
00004080   etext
00004880   __STACK_END
00004880   ___cinit__
00004880   cinit
00004e64   _config1
00004e8c   _hCodec
00004e90   _AIC_data
00004e94   _Glo
00004ea0   _hEdma_rx
00004ea4   _hEdmaPing_rx
00004ea8   _hEdmaPong_rx
00004eac   _hEdmaPang_rx
00004eb0   _cfgEdma_rx
00004ec8   _hEdma_tx
00004ecc   _hEdmaPing_tx
00004ed0   _hEdmaPong_tx
00004ed4   _hEdmaPang_tx
00004ed8   _cfgEdma_tx
00004ef0   _cfgEdmaPing_rx
00004f08   _cfgEdmaPong_rx
00004f20   _cfgEdmaPang_rx
00004f38   _cfgEdmaPing_tx
00004f50   _cfgEdmaPong_tx
00004f68   _cfgEdmaPang_tx
00004f80   _Filters
00005166   _DSK6713_version
00005190   __IRQ_eventTable
00005214   __IRQ_intTable
00005254   __IRQ_dispatchTable
00005270   _tccAllocTable
000052e0   __MCBSP_hDev0
000052e4   __MCBSP_hDev1
00005338   __TIMER_deviceTable
00005350   __TIMER_hDev0
00005354   __TIMER_hDev1
00005358   __TIMER_hBios
0000535c   __cleanup_ptr
00005360   __dtors_ptr
00005364   ___TI_enable_exit_profile_output
00005368   _DSK6713_AIC23_codeccontrolhandle
0000536c   _DSK6713_AIC23_codecdatahandle
00005400   _rx_ping
00005600   _rx_pong
00005800   _rx_pang
00005a00   _tx_ping
00005c00   _tx_pong
00005e00   _tx_pang
00006000   _vectors
00006020   _vector1
00006040   _vector2
00006060   _vector3
00006080   _vector4
000060a0   _vector5
000060c0   _vector6
000060e0   _vector7
00006120   _vector9
00006140   _vector10
00006160   _vector11
00006180   _vector12
000061a0   _vector13
000061c0   _vector14
000061e0   _vector15
ffffffff   ___TI_pprof_out_hndl
ffffffff   ___TI_prof_data_size
ffffffff   ___TI_prof_data_start
ffffffff   ___binit__
ffffffff   ___c_args__
ffffffff   ___pinit__
ffffffff   binit
ffffffff   pinit

[148 symbols]
