<?xml version="1.0"?>
<link_info>
   <banner>TMS320C6x Linker PC v7.4.24</banner>
   <copyright>Copyright (c) 1996-2017 Texas Instruments Incorporated</copyright>
   <link_time>0x5d8d9d89</link_time>
   <output_file>HW3.out</output_file>
   <entry_point>
      <name>_c_int00</name>
      <address>0x3680</address>
   </entry_point>
   <input_file_list>
      <input_file id="fl-2">
         <path>.\</path>
         <kind>object</kind>
         <file>main.obj</file>
         <name>main.obj</name>
      </input_file>
      <input_file id="fl-3">
         <path>.\</path>
         <kind>object</kind>
         <file>vectors_intr.obj</file>
         <name>vectors_intr.obj</name>
      </input_file>
      <input_file id="fl-80">
         <path>C:\ti\ccsv6\tools\compiler\c6000_7.4.24\lib\</path>
         <kind>archive</kind>
         <file>rts6700.lib</file>
         <name>boot.obj</name>
      </input_file>
      <input_file id="fl-81">
         <path>C:\ti\ccsv6\tools\compiler\c6000_7.4.24\lib\</path>
         <kind>archive</kind>
         <file>rts6700.lib</file>
         <name>divi.obj</name>
      </input_file>
      <input_file id="fl-82">
         <path>C:\ti\ccsv6\tools\compiler\c6000_7.4.24\lib\</path>
         <kind>archive</kind>
         <file>rts6700.lib</file>
         <name>exit.obj</name>
      </input_file>
      <input_file id="fl-83">
         <path>C:\ti\ccsv6\tools\compiler\c6000_7.4.24\lib\</path>
         <kind>archive</kind>
         <file>rts6700.lib</file>
         <name>args_main.obj</name>
      </input_file>
      <input_file id="fl-84">
         <path>C:\ti\ccsv6\tools\compiler\c6000_7.4.24\lib\</path>
         <kind>archive</kind>
         <file>rts6700.lib</file>
         <name>autoinit.obj</name>
      </input_file>
      <input_file id="fl-85">
         <path>C:\ti\ccsv6\tools\compiler\c6000_7.4.24\lib\</path>
         <kind>archive</kind>
         <file>rts6700.lib</file>
         <name>cpp_init.obj</name>
      </input_file>
      <input_file id="fl-86">
         <path>C:\ti\ccsv6\tools\compiler\c6000_7.4.24\lib\</path>
         <kind>archive</kind>
         <file>rts6700.lib</file>
         <name>cpy_tbl.obj</name>
      </input_file>
      <input_file id="fl-87">
         <path>C:\ti\ccsv6\tools\compiler\c6000_7.4.24\lib\</path>
         <kind>archive</kind>
         <file>rts6700.lib</file>
         <name>memcpy62.obj</name>
      </input_file>
      <input_file id="fl-88">
         <path>C:\Program Files\C6xCSL\lib_2x\</path>
         <kind>archive</kind>
         <file>csl6713.lib</file>
         <name>csl.obj</name>
      </input_file>
      <input_file id="fl-89">
         <path>C:\Program Files\C6xCSL\lib_2x\</path>
         <kind>archive</kind>
         <file>csl6713.lib</file>
         <name>csl_edma.obj</name>
      </input_file>
      <input_file id="fl-8a">
         <path>C:\Program Files\C6xCSL\lib_2x\</path>
         <kind>archive</kind>
         <file>csl6713.lib</file>
         <name>csl_irq.obj</name>
      </input_file>
      <input_file id="fl-8b">
         <path>C:\Program Files\C6xCSL\lib_2x\</path>
         <kind>archive</kind>
         <file>csl6713.lib</file>
         <name>csl_mcbsp.obj</name>
      </input_file>
      <input_file id="fl-8c">
         <path>C:\Program Files\C6xCSL\lib_2x\</path>
         <kind>archive</kind>
         <file>csl6713.lib</file>
         <name>csl_timer.obj</name>
      </input_file>
      <input_file id="fl-8d">
         <path>C:\Users\tsolisra\Documents\Em\DSK6713\c6000\dsk6713\lib\</path>
         <kind>archive</kind>
         <file>dsk6713bsl.lib</file>
         <name>dsk6713.obj</name>
      </input_file>
      <input_file id="fl-8e">
         <path>C:\Users\tsolisra\Documents\Em\DSK6713\c6000\dsk6713\lib\</path>
         <kind>archive</kind>
         <file>dsk6713bsl.lib</file>
         <name>dsk6713_aic23_opencodec.obj</name>
      </input_file>
      <input_file id="fl-8f">
         <path>C:\Users\tsolisra\Documents\Em\DSK6713\c6000\dsk6713\lib\</path>
         <kind>archive</kind>
         <file>dsk6713bsl.lib</file>
         <name>dsk6713_aic23_registers.obj</name>
      </input_file>
      <input_file id="fl-90">
         <path>C:\Users\tsolisra\Documents\Em\DSK6713\c6000\dsk6713\lib\</path>
         <kind>archive</kind>
         <file>dsk6713bsl.lib</file>
         <name>dsk6713_dip.obj</name>
      </input_file>
      <input_file id="fl-91">
         <path>C:\ti\ccsv6\tools\compiler\c6000_7.4.24\lib\</path>
         <kind>archive</kind>
         <file>rts6700.lib</file>
         <name>strasg.obj</name>
      </input_file>
   </input_file_list>
   <object_component_list>
      <object_component id="oc-74">
         <name>.text</name>
         <load_address>0x0</load_address>
         <run_address>0x0</run_address>
         <size>0x1040</size>
         <input_file_ref idref="fl-2"/>
      </object_component>
      <object_component id="oc-50">
         <name>.text</name>
         <load_address>0x1040</load_address>
         <run_address>0x1040</run_address>
         <size>0x480</size>
         <input_file_ref idref="fl-8d"/>
      </object_component>
      <object_component id="oc-56">
         <name>.text</name>
         <load_address>0x14c0</load_address>
         <run_address>0x14c0</run_address>
         <size>0x300</size>
         <input_file_ref idref="fl-8e"/>
      </object_component>
      <object_component id="oc-1c">
         <name>.text:retain</name>
         <load_address>0x17c0</load_address>
         <run_address>0x17c0</run_address>
         <size>0x2c0</size>
         <input_file_ref idref="fl-2"/>
      </object_component>
      <object_component id="oc-7e">
         <name>.text:_EDMA_open</name>
         <load_address>0x1a80</load_address>
         <run_address>0x1a80</run_address>
         <size>0x260</size>
         <input_file_ref idref="fl-89"/>
      </object_component>
      <object_component id="oc-72">
         <name>.text:_memcpy</name>
         <load_address>0x1ce0</load_address>
         <run_address>0x1ce0</run_address>
         <size>0x240</size>
         <input_file_ref idref="fl-87"/>
      </object_component>
      <object_component id="oc-7f">
         <name>.text:_EDMA_allocTable</name>
         <load_address>0x1f20</load_address>
         <run_address>0x1f20</run_address>
         <size>0x200</size>
         <input_file_ref idref="fl-89"/>
      </object_component>
      <object_component id="oc-78">
         <name>.text:__CSL_init</name>
         <load_address>0x2120</load_address>
         <run_address>0x2120</run_address>
         <size>0x1c0</size>
         <input_file_ref idref="fl-88"/>
      </object_component>
      <object_component id="oc-85">
         <name>.text:_IRQ_map</name>
         <load_address>0x22e0</load_address>
         <run_address>0x22e0</run_address>
         <size>0x1a0</size>
         <input_file_ref idref="fl-8a"/>
      </object_component>
      <object_component id="oc-76">
         <name>.text:_MCBSP_reset</name>
         <load_address>0x2480</load_address>
         <run_address>0x2480</run_address>
         <size>0x180</size>
         <input_file_ref idref="fl-8b"/>
      </object_component>
      <object_component id="oc-8b">
         <name>.text:_TIMER_open</name>
         <load_address>0x2600</load_address>
         <run_address>0x2600</run_address>
         <size>0x160</size>
         <input_file_ref idref="fl-8c"/>
      </object_component>
      <object_component id="oc-5c">
         <name>.text</name>
         <load_address>0x2760</load_address>
         <run_address>0x2760</run_address>
         <size>0x140</size>
         <input_file_ref idref="fl-8f"/>
      </object_component>
      <object_component id="oc-8c">
         <name>.text:_EDMA_reset</name>
         <load_address>0x28a0</load_address>
         <run_address>0x28a0</run_address>
         <size>0x120</size>
         <input_file_ref idref="fl-89"/>
      </object_component>
      <object_component id="oc-90">
         <name>.text:_TIMER_reset</name>
         <load_address>0x29c0</load_address>
         <run_address>0x29c0</run_address>
         <size>0x120</size>
         <input_file_ref idref="fl-8c"/>
      </object_component>
      <object_component id="oc-79">
         <name>.text:__divi</name>
         <load_address>0x2ae0</load_address>
         <run_address>0x2ae0</run_address>
         <size>0x120</size>
         <input_file_ref idref="fl-81"/>
      </object_component>
      <object_component id="oc-8f">
         <name>.text:_mux2Tables</name>
         <load_address>0x2c00</load_address>
         <run_address>0x2c00</run_address>
         <size>0x120</size>
         <input_file_ref idref="fl-8a"/>
      </object_component>
      <object_component id="oc-70">
         <name>.text:_MCBSP_start</name>
         <load_address>0x2d20</load_address>
         <run_address>0x2d20</run_address>
         <size>0x100</size>
         <input_file_ref idref="fl-8b"/>
      </object_component>
      <object_component id="oc-69">
         <name>.text:__auto_init</name>
         <load_address>0x2e20</load_address>
         <run_address>0x2e20</run_address>
         <size>0x100</size>
         <input_file_ref idref="fl-84"/>
      </object_component>
      <object_component id="oc-80">
         <name>.text:_EDMA_config</name>
         <load_address>0x2f20</load_address>
         <run_address>0x2f20</run_address>
         <size>0xe0</size>
         <input_file_ref idref="fl-89"/>
      </object_component>
      <object_component id="oc-6f">
         <name>.text:_MCBSP_open</name>
         <load_address>0x3000</load_address>
         <run_address>0x3000</run_address>
         <size>0xe0</size>
         <input_file_ref idref="fl-8b"/>
      </object_component>
      <object_component id="oc-6e">
         <name>.text:__strasg</name>
         <load_address>0x30e0</load_address>
         <run_address>0x30e0</run_address>
         <size>0xe0</size>
         <input_file_ref idref="fl-91"/>
      </object_component>
      <object_component id="oc-6b">
         <name>.text:_exit</name>
         <load_address>0x31c0</load_address>
         <run_address>0x31c0</run_address>
         <size>0xe0</size>
         <input_file_ref idref="fl-82"/>
      </object_component>
      <object_component id="oc-7d">
         <name>.text:_EDMA_clearPram</name>
         <load_address>0x32a0</load_address>
         <run_address>0x32a0</run_address>
         <size>0xc0</size>
         <input_file_ref idref="fl-89"/>
      </object_component>
      <object_component id="oc-71">
         <name>.text:_copy_in</name>
         <load_address>0x3360</load_address>
         <run_address>0x3360</run_address>
         <size>0xc0</size>
         <input_file_ref idref="fl-86"/>
      </object_component>
      <object_component id="oc-92">
         <name>.text:_getMux</name>
         <load_address>0x3420</load_address>
         <run_address>0x3420</run_address>
         <size>0xc0</size>
         <input_file_ref idref="fl-8a"/>
      </object_component>
      <object_component id="oc-8e">
         <name>.text:_setMux</name>
         <load_address>0x34e0</load_address>
         <run_address>0x34e0</run_address>
         <size>0xa0</size>
         <input_file_ref idref="fl-8a"/>
      </object_component>
      <object_component id="oc-8a">
         <name>.text:__IRQ_init</name>
         <load_address>0x3580</load_address>
         <run_address>0x3580</run_address>
         <size>0x80</size>
         <input_file_ref idref="fl-8a"/>
      </object_component>
      <object_component id="oc-73">
         <name>.text:___TI_cpp_init</name>
         <load_address>0x3600</load_address>
         <run_address>0x3600</run_address>
         <size>0x80</size>
         <input_file_ref idref="fl-85"/>
      </object_component>
      <object_component id="oc-17">
         <name>.text:_c_int00</name>
         <load_address>0x3680</load_address>
         <run_address>0x3680</run_address>
         <size>0x80</size>
         <input_file_ref idref="fl-80"/>
      </object_component>
      <object_component id="oc-62">
         <name>.text</name>
         <load_address>0x3700</load_address>
         <run_address>0x3700</run_address>
         <size>0x80</size>
         <input_file_ref idref="fl-90"/>
      </object_component>
      <object_component id="oc-91">
         <name>.text:_EDMA_disableChannel</name>
         <load_address>0x3780</load_address>
         <run_address>0x3780</run_address>
         <size>0x60</size>
         <input_file_ref idref="fl-89"/>
      </object_component>
      <object_component id="oc-83">
         <name>.text:_EDMA_enableChannel</name>
         <load_address>0x37e0</load_address>
         <run_address>0x37e0</run_address>
         <size>0x60</size>
         <input_file_ref idref="fl-89"/>
      </object_component>
      <object_component id="oc-81">
         <name>.text:_EDMA_intDisable</name>
         <load_address>0x3840</load_address>
         <run_address>0x3840</run_address>
         <size>0x60</size>
         <input_file_ref idref="fl-89"/>
      </object_component>
      <object_component id="oc-82">
         <name>.text:_EDMA_intEnable</name>
         <load_address>0x38a0</load_address>
         <run_address>0x38a0</run_address>
         <size>0x60</size>
         <input_file_ref idref="fl-89"/>
      </object_component>
      <object_component id="oc-8d">
         <name>.text:_EDMA_qdmaConfig</name>
         <load_address>0x3900</load_address>
         <run_address>0x3900</run_address>
         <size>0x60</size>
         <input_file_ref idref="fl-89"/>
      </object_component>
      <object_component id="oc-87">
         <name>.text:_IRQ_enable</name>
         <load_address>0x3960</load_address>
         <run_address>0x3960</run_address>
         <size>0x40</size>
         <input_file_ref idref="fl-8a"/>
      </object_component>
      <object_component id="oc-86">
         <name>.text:_IRQ_reset</name>
         <load_address>0x39a0</load_address>
         <run_address>0x39a0</run_address>
         <size>0x40</size>
         <input_file_ref idref="fl-8a"/>
      </object_component>
      <object_component id="oc-6a">
         <name>.text:__args_main</name>
         <load_address>0x39e0</load_address>
         <run_address>0x39e0</run_address>
         <size>0x40</size>
         <input_file_ref idref="fl-83"/>
      </object_component>
      <object_component id="oc-77">
         <name>.text:_CSL6713_LIB_</name>
         <load_address>0x3a20</load_address>
         <run_address>0x3a20</run_address>
         <size>0x20</size>
         <input_file_ref idref="fl-88"/>
      </object_component>
      <object_component id="oc-6d">
         <name>.text:_EDMA_intClear</name>
         <load_address>0x3a40</load_address>
         <run_address>0x3a40</run_address>
         <size>0x20</size>
         <input_file_ref idref="fl-89"/>
      </object_component>
      <object_component id="oc-6c">
         <name>.text:_EDMA_intTest</name>
         <load_address>0x3a60</load_address>
         <run_address>0x3a60</run_address>
         <size>0x20</size>
         <input_file_ref idref="fl-89"/>
      </object_component>
      <object_component id="oc-7c">
         <name>.text:_IRQ_globalDisable</name>
         <load_address>0x3a80</load_address>
         <run_address>0x3a80</run_address>
         <size>0x20</size>
         <input_file_ref idref="fl-8a"/>
      </object_component>
      <object_component id="oc-88">
         <name>.text:_IRQ_globalEnable</name>
         <load_address>0x3aa0</load_address>
         <run_address>0x3aa0</run_address>
         <size>0x20</size>
         <input_file_ref idref="fl-8a"/>
      </object_component>
      <object_component id="oc-89">
         <name>.text:_IRQ_nmiEnable</name>
         <load_address>0x3ac0</load_address>
         <run_address>0x3ac0</run_address>
         <size>0x20</size>
         <input_file_ref idref="fl-8a"/>
      </object_component>
      <object_component id="oc-84">
         <name>.text:_IRQ_setVecs</name>
         <load_address>0x3ae0</load_address>
         <run_address>0x3ae0</run_address>
         <size>0x20</size>
         <input_file_ref idref="fl-8a"/>
      </object_component>
      <object_component id="oc-7b">
         <name>.text:_MCBSP_read</name>
         <load_address>0x3b00</load_address>
         <run_address>0x3b00</run_address>
         <size>0x20</size>
         <input_file_ref idref="fl-8b"/>
      </object_component>
      <object_component id="oc-7a">
         <name>.text:_MCBSP_write</name>
         <load_address>0x3b20</load_address>
         <run_address>0x3b20</run_address>
         <size>0x20</size>
         <input_file_ref idref="fl-8b"/>
      </object_component>
      <object_component id="oc-75">
         <name>.text:_abort</name>
         <load_address>0x3b40</load_address>
         <run_address>0x3b40</run_address>
         <size>0x20</size>
         <input_file_ref idref="fl-82"/>
      </object_component>
      <object_component id="oc-46">
         <name>.text</name>
         <load_address>0x3b60</load_address>
         <run_address>0x3b60</run_address>
         <size>0x20</size>
         <input_file_ref idref="fl-8a"/>
      </object_component>
      <object_component id="oc-20">
         <name>.text</name>
         <load_address>0x3b80</load_address>
         <run_address>0x3b80</run_address>
         <size>0x20</size>
         <input_file_ref idref="fl-3"/>
      </object_component>
      <object_component id="oc-26">
         <name>.stack</name>
         <uninitialized>true</uninitialized>
         <run_address>0x3ba0</run_address>
         <size>0x8</size>
         <input_file_ref idref="fl-80"/>
      </object_component>
      <object_component id="oc-b7">
         <name>.stack</name>
         <uninitialized>true</uninitialized>
         <run_address>0x3ba0</run_address>
         <size>0x0</size>
      </object_component>
      <object_component id="oc-58">
         <name>.const</name>
         <load_address>0x4ad0</load_address>
         <run_address>0x4ad0</run_address>
         <size>0x40</size>
         <input_file_ref idref="fl-8e"/>
      </object_component>
      <object_component id="oc-52">
         <name>.const</name>
         <load_address>0x4b10</load_address>
         <run_address>0x4b10</run_address>
         <size>0x20</size>
         <input_file_ref idref="fl-8d"/>
      </object_component>
      <object_component id="oc-1a">
         <name>.far</name>
         <uninitialized>true</uninitialized>
         <run_address>0x47a4</run_address>
         <size>0x121</size>
         <input_file_ref idref="fl-2"/>
      </object_component>
      <object_component id="oc-2e">
         <name>.far</name>
         <uninitialized>true</uninitialized>
         <run_address>0x4abc</run_address>
         <size>0xc</size>
         <input_file_ref idref="fl-82"/>
      </object_component>
      <object_component id="oc-41">
         <name>.far</name>
         <uninitialized>true</uninitialized>
         <run_address>0x4a48</run_address>
         <size>0x28</size>
         <input_file_ref idref="fl-88"/>
      </object_component>
      <object_component id="oc-44">
         <name>.far</name>
         <uninitialized>true</uninitialized>
         <run_address>0x49bc</run_address>
         <size>0x54</size>
         <input_file_ref idref="fl-89"/>
      </object_component>
      <object_component id="oc-48">
         <name>.far</name>
         <uninitialized>true</uninitialized>
         <run_address>0x48c8</run_address>
         <size>0xf4</size>
         <input_file_ref idref="fl-8a"/>
      </object_component>
      <object_component id="oc-4b">
         <name>.far</name>
         <uninitialized>true</uninitialized>
         <run_address>0x4a10</run_address>
         <size>0x38</size>
         <input_file_ref idref="fl-8b"/>
      </object_component>
      <object_component id="oc-4e">
         <name>.far</name>
         <uninitialized>true</uninitialized>
         <run_address>0x4a98</run_address>
         <size>0x24</size>
         <input_file_ref idref="fl-8c"/>
      </object_component>
      <object_component id="oc-51">
         <name>.far</name>
         <uninitialized>true</uninitialized>
         <run_address>0x48c6</run_address>
         <size>0x2</size>
         <input_file_ref idref="fl-8d"/>
      </object_component>
      <object_component id="oc-57">
         <name>.far</name>
         <uninitialized>true</uninitialized>
         <run_address>0x4ac8</run_address>
         <size>0x8</size>
         <input_file_ref idref="fl-8e"/>
      </object_component>
      <object_component id="oc-5e">
         <name>.far</name>
         <uninitialized>true</uninitialized>
         <run_address>0x4a70</run_address>
         <size>0x28</size>
         <input_file_ref idref="fl-8f"/>
      </object_component>
      <object_component id="oc-47">
         <name>.cinit</name>
         <load_address>0x43a0</load_address>
         <run_address>0x43a0</run_address>
         <size>0x12c</size>
         <input_file_ref idref="fl-8a"/>
      </object_component>
      <object_component id="oc-19">
         <name>.cinit</name>
         <load_address>0x44d0</load_address>
         <run_address>0x44d0</run_address>
         <size>0x114</size>
         <input_file_ref idref="fl-2"/>
      </object_component>
      <object_component id="oc-43">
         <name>.cinit</name>
         <load_address>0x45e8</load_address>
         <run_address>0x45e8</run_address>
         <size>0x70</size>
         <input_file_ref idref="fl-89"/>
      </object_component>
      <object_component id="oc-4a">
         <name>.cinit</name>
         <load_address>0x4658</load_address>
         <run_address>0x4658</run_address>
         <size>0x54</size>
         <input_file_ref idref="fl-8b"/>
      </object_component>
      <object_component id="oc-4d">
         <name>.cinit</name>
         <load_address>0x46b0</load_address>
         <run_address>0x46b0</run_address>
         <size>0x4c</size>
         <input_file_ref idref="fl-8c"/>
      </object_component>
      <object_component id="oc-40">
         <name>.cinit</name>
         <load_address>0x4700</load_address>
         <run_address>0x4700</run_address>
         <size>0x3c</size>
         <input_file_ref idref="fl-88"/>
      </object_component>
      <object_component id="oc-5d">
         <name>.cinit</name>
         <load_address>0x4740</load_address>
         <run_address>0x4740</run_address>
         <size>0x30</size>
         <input_file_ref idref="fl-8f"/>
      </object_component>
      <object_component id="oc-2d">
         <name>.cinit</name>
         <load_address>0x4770</load_address>
         <run_address>0x4770</run_address>
         <size>0x2c</size>
         <input_file_ref idref="fl-82"/>
      </object_component>
      <object_component id="oc-18">
         <name>.debug_info</name>
         <load_address>0x0</load_address>
         <run_address>0x0</run_address>
         <size>0x20b0</size>
         <input_file_ref idref="fl-2"/>
      </object_component>
      <object_component id="oc-22">
         <name>.debug_info</name>
         <load_address>0x20b0</load_address>
         <run_address>0x20b0</run_address>
         <size>0xf1</size>
         <input_file_ref idref="fl-3"/>
      </object_component>
      <object_component id="oc-25">
         <name>.debug_info</name>
         <load_address>0x21a1</load_address>
         <run_address>0x21a1</run_address>
         <size>0x70b</size>
         <input_file_ref idref="fl-80"/>
      </object_component>
      <object_component id="oc-29">
         <name>.debug_info</name>
         <load_address>0x28ac</load_address>
         <run_address>0x28ac</run_address>
         <size>0xd0</size>
         <input_file_ref idref="fl-81"/>
      </object_component>
      <object_component id="oc-2c">
         <name>.debug_info</name>
         <load_address>0x297c</load_address>
         <run_address>0x297c</run_address>
         <size>0x7fe</size>
         <input_file_ref idref="fl-82"/>
      </object_component>
      <object_component id="oc-31">
         <name>.debug_info</name>
         <load_address>0x317a</load_address>
         <run_address>0x317a</run_address>
         <size>0x6e1</size>
         <input_file_ref idref="fl-83"/>
      </object_component>
      <object_component id="oc-34">
         <name>.debug_info</name>
         <load_address>0x385b</load_address>
         <run_address>0x385b</run_address>
         <size>0x870</size>
         <input_file_ref idref="fl-84"/>
      </object_component>
      <object_component id="oc-37">
         <name>.debug_info</name>
         <load_address>0x40cb</load_address>
         <run_address>0x40cb</run_address>
         <size>0x6e8</size>
         <input_file_ref idref="fl-85"/>
      </object_component>
      <object_component id="oc-3a">
         <name>.debug_info</name>
         <load_address>0x47b3</load_address>
         <run_address>0x47b3</run_address>
         <size>0x7de</size>
         <input_file_ref idref="fl-86"/>
      </object_component>
      <object_component id="oc-3d">
         <name>.debug_info</name>
         <load_address>0x4f91</load_address>
         <run_address>0x4f91</run_address>
         <size>0x790</size>
         <input_file_ref idref="fl-87"/>
      </object_component>
      <object_component id="oc-54">
         <name>.debug_info</name>
         <load_address>0x5721</load_address>
         <run_address>0x5721</run_address>
         <size>0x8a7</size>
         <input_file_ref idref="fl-8d"/>
      </object_component>
      <object_component id="oc-5a">
         <name>.debug_info</name>
         <load_address>0x5fc8</load_address>
         <run_address>0x5fc8</run_address>
         <size>0x89f</size>
         <input_file_ref idref="fl-8e"/>
      </object_component>
      <object_component id="oc-60">
         <name>.debug_info</name>
         <load_address>0x6867</load_address>
         <run_address>0x6867</run_address>
         <size>0x929</size>
         <input_file_ref idref="fl-8f"/>
      </object_component>
      <object_component id="oc-64">
         <name>.debug_info</name>
         <load_address>0x7190</load_address>
         <run_address>0x7190</run_address>
         <size>0x4c3</size>
         <input_file_ref idref="fl-90"/>
      </object_component>
      <object_component id="oc-66">
         <name>.debug_info</name>
         <load_address>0x7653</load_address>
         <run_address>0x7653</run_address>
         <size>0xd6</size>
         <input_file_ref idref="fl-91"/>
      </object_component>
      <object_component id="oc-b8">
         <name>.debug_info</name>
         <load_address>0x7729</load_address>
         <run_address>0x7729</run_address>
         <size>0x6e</size>
      </object_component>
      <object_component id="oc-1b">
         <name>.buffers</name>
         <uninitialized>true</uninitialized>
         <run_address>0x4b80</run_address>
         <size>0x300</size>
         <input_file_ref idref="fl-2"/>
      </object_component>
      <object_component id="oc-1d">
         <name>.debug_frame</name>
         <load_address>0x0</load_address>
         <run_address>0x0</run_address>
         <size>0x39c</size>
         <input_file_ref idref="fl-2"/>
      </object_component>
      <object_component id="oc-1e">
         <name>.debug_line</name>
         <load_address>0x0</load_address>
         <run_address>0x0</run_address>
         <size>0x2d0</size>
         <input_file_ref idref="fl-2"/>
      </object_component>
      <object_component id="oc-23">
         <name>.debug_line</name>
         <load_address>0x2d0</load_address>
         <run_address>0x2d0</run_address>
         <size>0xcd</size>
         <input_file_ref idref="fl-3"/>
      </object_component>
      <object_component id="oc-27">
         <name>.debug_line</name>
         <load_address>0x39d</load_address>
         <run_address>0x39d</run_address>
         <size>0x3d</size>
         <input_file_ref idref="fl-80"/>
      </object_component>
      <object_component id="oc-2a">
         <name>.debug_line</name>
         <load_address>0x3da</load_address>
         <run_address>0x3da</run_address>
         <size>0x45</size>
         <input_file_ref idref="fl-81"/>
      </object_component>
      <object_component id="oc-2f">
         <name>.debug_line</name>
         <load_address>0x41f</load_address>
         <run_address>0x41f</run_address>
         <size>0x4f</size>
         <input_file_ref idref="fl-82"/>
      </object_component>
      <object_component id="oc-32">
         <name>.debug_line</name>
         <load_address>0x46e</load_address>
         <run_address>0x46e</run_address>
         <size>0x41</size>
         <input_file_ref idref="fl-83"/>
      </object_component>
      <object_component id="oc-35">
         <name>.debug_line</name>
         <load_address>0x4af</load_address>
         <run_address>0x4af</run_address>
         <size>0x47</size>
         <input_file_ref idref="fl-84"/>
      </object_component>
      <object_component id="oc-38">
         <name>.debug_line</name>
         <load_address>0x4f6</load_address>
         <run_address>0x4f6</run_address>
         <size>0x45</size>
         <input_file_ref idref="fl-85"/>
      </object_component>
      <object_component id="oc-3b">
         <name>.debug_line</name>
         <load_address>0x53b</load_address>
         <run_address>0x53b</run_address>
         <size>0x44</size>
         <input_file_ref idref="fl-86"/>
      </object_component>
      <object_component id="oc-3e">
         <name>.debug_line</name>
         <load_address>0x57f</load_address>
         <run_address>0x57f</run_address>
         <size>0x4e</size>
         <input_file_ref idref="fl-87"/>
      </object_component>
      <object_component id="oc-55">
         <name>.debug_line</name>
         <load_address>0x5cd</load_address>
         <run_address>0x5cd</run_address>
         <size>0xb2</size>
         <input_file_ref idref="fl-8d"/>
      </object_component>
      <object_component id="oc-5b">
         <name>.debug_line</name>
         <load_address>0x67f</load_address>
         <run_address>0x67f</run_address>
         <size>0x4f</size>
         <input_file_ref idref="fl-8e"/>
      </object_component>
      <object_component id="oc-61">
         <name>.debug_line</name>
         <load_address>0x6ce</load_address>
         <run_address>0x6ce</run_address>
         <size>0x7e</size>
         <input_file_ref idref="fl-8f"/>
      </object_component>
      <object_component id="oc-65">
         <name>.debug_line</name>
         <load_address>0x74c</load_address>
         <run_address>0x74c</run_address>
         <size>0x51</size>
         <input_file_ref idref="fl-90"/>
      </object_component>
      <object_component id="oc-67">
         <name>.debug_line</name>
         <load_address>0x79d</load_address>
         <run_address>0x79d</run_address>
         <size>0x48</size>
         <input_file_ref idref="fl-91"/>
      </object_component>
      <object_component id="oc-1f">
         <name>.debug_abbrev</name>
         <load_address>0x0</load_address>
         <run_address>0x0</run_address>
         <size>0x220</size>
         <input_file_ref idref="fl-2"/>
      </object_component>
      <object_component id="oc-24">
         <name>.debug_abbrev</name>
         <load_address>0x220</load_address>
         <run_address>0x220</run_address>
         <size>0x21</size>
         <input_file_ref idref="fl-3"/>
      </object_component>
      <object_component id="oc-28">
         <name>.debug_abbrev</name>
         <load_address>0x241</load_address>
         <run_address>0x241</run_address>
         <size>0xfe</size>
         <input_file_ref idref="fl-80"/>
      </object_component>
      <object_component id="oc-2b">
         <name>.debug_abbrev</name>
         <load_address>0x33f</load_address>
         <run_address>0x33f</run_address>
         <size>0x3b</size>
         <input_file_ref idref="fl-81"/>
      </object_component>
      <object_component id="oc-30">
         <name>.debug_abbrev</name>
         <load_address>0x37a</load_address>
         <run_address>0x37a</run_address>
         <size>0x119</size>
         <input_file_ref idref="fl-82"/>
      </object_component>
      <object_component id="oc-33">
         <name>.debug_abbrev</name>
         <load_address>0x493</load_address>
         <run_address>0x493</run_address>
         <size>0xe1</size>
         <input_file_ref idref="fl-83"/>
      </object_component>
      <object_component id="oc-36">
         <name>.debug_abbrev</name>
         <load_address>0x574</load_address>
         <run_address>0x574</run_address>
         <size>0x13f</size>
         <input_file_ref idref="fl-84"/>
      </object_component>
      <object_component id="oc-39">
         <name>.debug_abbrev</name>
         <load_address>0x6b3</load_address>
         <run_address>0x6b3</run_address>
         <size>0xdd</size>
         <input_file_ref idref="fl-85"/>
      </object_component>
      <object_component id="oc-3c">
         <name>.debug_abbrev</name>
         <load_address>0x790</load_address>
         <run_address>0x790</run_address>
         <size>0x10c</size>
         <input_file_ref idref="fl-86"/>
      </object_component>
      <object_component id="oc-3f">
         <name>.debug_abbrev</name>
         <load_address>0x89c</load_address>
         <run_address>0x89c</run_address>
         <size>0xd5</size>
         <input_file_ref idref="fl-87"/>
      </object_component>
      <object_component id="oc-53">
         <name>.debug_abbrev</name>
         <load_address>0x971</load_address>
         <run_address>0x971</run_address>
         <size>0x196</size>
         <input_file_ref idref="fl-8d"/>
      </object_component>
      <object_component id="oc-59">
         <name>.debug_abbrev</name>
         <load_address>0xb07</load_address>
         <run_address>0xb07</run_address>
         <size>0x126</size>
         <input_file_ref idref="fl-8e"/>
      </object_component>
      <object_component id="oc-5f">
         <name>.debug_abbrev</name>
         <load_address>0xc2d</load_address>
         <run_address>0xc2d</run_address>
         <size>0x14e</size>
         <input_file_ref idref="fl-8f"/>
      </object_component>
      <object_component id="oc-63">
         <name>.debug_abbrev</name>
         <load_address>0xd7b</load_address>
         <run_address>0xd7b</run_address>
         <size>0xcf</size>
         <input_file_ref idref="fl-90"/>
      </object_component>
      <object_component id="oc-68">
         <name>.debug_abbrev</name>
         <load_address>0xe4a</load_address>
         <run_address>0xe4a</run_address>
         <size>0x3b</size>
         <input_file_ref idref="fl-91"/>
      </object_component>
      <object_component id="oc-b9">
         <name>.debug_abbrev</name>
         <load_address>0xe85</load_address>
         <run_address>0xe85</run_address>
         <size>0xd</size>
      </object_component>
      <object_component id="oc-21">
         <name>.vecs</name>
         <load_address>0x5000</load_address>
         <run_address>0x5000</run_address>
         <size>0x200</size>
         <input_file_ref idref="fl-3"/>
      </object_component>
      <object_component id="oc-42">
         <name>$BRID</name>
         <load_address>0x0</load_address>
         <run_address>0x0</run_address>
         <size>0x14</size>
         <input_file_ref idref="fl-88"/>
      </object_component>
      <object_component id="oc-45">
         <name>$BRID</name>
         <load_address>0x14</load_address>
         <run_address>0x14</run_address>
         <size>0xe8</size>
         <input_file_ref idref="fl-89"/>
      </object_component>
      <object_component id="oc-49">
         <name>$BRID</name>
         <load_address>0xfc</load_address>
         <run_address>0xfc</run_address>
         <size>0x78</size>
         <input_file_ref idref="fl-8a"/>
      </object_component>
      <object_component id="oc-4c">
         <name>$BRID</name>
         <load_address>0x174</load_address>
         <run_address>0x174</run_address>
         <size>0x7c</size>
         <input_file_ref idref="fl-8b"/>
      </object_component>
      <object_component id="oc-4f">
         <name>$BRID</name>
         <load_address>0x1f0</load_address>
         <run_address>0x1f0</run_address>
         <size>0x60</size>
         <input_file_ref idref="fl-8c"/>
      </object_component>
   </object_component_list>
   <logical_group_list>
      <logical_group id="lg-2">
         <name>.text</name>
         <load_address>0x0</load_address>
         <run_address>0x0</run_address>
         <size>0x3ba0</size>
         <contents>
            <object_component_ref idref="oc-74"/>
            <object_component_ref idref="oc-50"/>
            <object_component_ref idref="oc-56"/>
            <object_component_ref idref="oc-1c"/>
            <object_component_ref idref="oc-7e"/>
            <object_component_ref idref="oc-72"/>
            <object_component_ref idref="oc-7f"/>
            <object_component_ref idref="oc-78"/>
            <object_component_ref idref="oc-85"/>
            <object_component_ref idref="oc-76"/>
            <object_component_ref idref="oc-8b"/>
            <object_component_ref idref="oc-5c"/>
            <object_component_ref idref="oc-8c"/>
            <object_component_ref idref="oc-90"/>
            <object_component_ref idref="oc-79"/>
            <object_component_ref idref="oc-8f"/>
            <object_component_ref idref="oc-70"/>
            <object_component_ref idref="oc-69"/>
            <object_component_ref idref="oc-80"/>
            <object_component_ref idref="oc-6f"/>
            <object_component_ref idref="oc-6e"/>
            <object_component_ref idref="oc-6b"/>
            <object_component_ref idref="oc-7d"/>
            <object_component_ref idref="oc-71"/>
            <object_component_ref idref="oc-92"/>
            <object_component_ref idref="oc-8e"/>
            <object_component_ref idref="oc-8a"/>
            <object_component_ref idref="oc-73"/>
            <object_component_ref idref="oc-17"/>
            <object_component_ref idref="oc-62"/>
            <object_component_ref idref="oc-91"/>
            <object_component_ref idref="oc-83"/>
            <object_component_ref idref="oc-81"/>
            <object_component_ref idref="oc-82"/>
            <object_component_ref idref="oc-8d"/>
            <object_component_ref idref="oc-87"/>
            <object_component_ref idref="oc-86"/>
            <object_component_ref idref="oc-6a"/>
            <object_component_ref idref="oc-77"/>
            <object_component_ref idref="oc-6d"/>
            <object_component_ref idref="oc-6c"/>
            <object_component_ref idref="oc-7c"/>
            <object_component_ref idref="oc-88"/>
            <object_component_ref idref="oc-89"/>
            <object_component_ref idref="oc-84"/>
            <object_component_ref idref="oc-7b"/>
            <object_component_ref idref="oc-7a"/>
            <object_component_ref idref="oc-75"/>
            <object_component_ref idref="oc-46"/>
            <object_component_ref idref="oc-20"/>
         </contents>
      </logical_group>
      <logical_group id="lg-3">
         <name>.stack</name>
         <run_address>0x3ba0</run_address>
         <size>0x800</size>
         <contents>
            <object_component_ref idref="oc-26"/>
            <object_component_ref idref="oc-b7"/>
         </contents>
      </logical_group>
      <logical_group id="lg-4">
         <name>.bss</name>
         <run_address>0x0</run_address>
         <size>0x0</size>
         <contents>
         </contents>
      </logical_group>
      <logical_group id="lg-5">
         <name>.cio</name>
         <run_address>0x0</run_address>
         <size>0x0</size>
         <contents>
         </contents>
      </logical_group>
      <logical_group id="lg-6">
         <name>.const</name>
         <load_address>0x4ad0</load_address>
         <run_address>0x4ad0</run_address>
         <size>0x60</size>
         <contents>
            <object_component_ref idref="oc-58"/>
            <object_component_ref idref="oc-52"/>
         </contents>
      </logical_group>
      <logical_group id="lg-7">
         <name>.data</name>
         <run_address>0x0</run_address>
         <size>0x0</size>
         <contents>
         </contents>
      </logical_group>
      <logical_group id="lg-8">
         <name>.switch</name>
         <run_address>0x0</run_address>
         <size>0x0</size>
         <contents>
         </contents>
      </logical_group>
      <logical_group id="lg-9">
         <name>.sysmem</name>
         <run_address>0x0</run_address>
         <size>0x0</size>
         <contents>
         </contents>
      </logical_group>
      <logical_group id="lg-a">
         <name>.far</name>
         <run_address>0x47a4</run_address>
         <size>0x32c</size>
         <contents>
            <object_component_ref idref="oc-1a"/>
            <object_component_ref idref="oc-2e"/>
            <object_component_ref idref="oc-41"/>
            <object_component_ref idref="oc-44"/>
            <object_component_ref idref="oc-48"/>
            <object_component_ref idref="oc-4b"/>
            <object_component_ref idref="oc-4e"/>
            <object_component_ref idref="oc-51"/>
            <object_component_ref idref="oc-57"/>
            <object_component_ref idref="oc-5e"/>
         </contents>
      </logical_group>
      <logical_group id="lg-b">
         <name>.args</name>
         <run_address>0x0</run_address>
         <size>0x0</size>
         <contents>
         </contents>
      </logical_group>
      <logical_group id="lg-c">
         <name>.ppinfo</name>
         <run_address>0x0</run_address>
         <size>0x0</size>
         <contents>
         </contents>
      </logical_group>
      <logical_group id="lg-d">
         <name>.ppdata</name>
         <run_address>0x0</run_address>
         <size>0x0</size>
         <contents>
         </contents>
      </logical_group>
      <logical_group id="lg-e">
         <name>.pinit</name>
         <run_address>0x0</run_address>
         <size>0x0</size>
         <contents>
         </contents>
      </logical_group>
      <logical_group id="lg-f">
         <name>.cinit</name>
         <load_address>0x43a0</load_address>
         <run_address>0x43a0</run_address>
         <size>0x404</size>
         <contents>
            <object_component_ref idref="oc-47"/>
            <object_component_ref idref="oc-19"/>
            <object_component_ref idref="oc-43"/>
            <object_component_ref idref="oc-4a"/>
            <object_component_ref idref="oc-4d"/>
            <object_component_ref idref="oc-40"/>
            <object_component_ref idref="oc-5d"/>
            <object_component_ref idref="oc-2d"/>
         </contents>
      </logical_group>
      <logical_group id="lg-10">
         <name>.binit</name>
         <run_address>0x0</run_address>
         <size>0x0</size>
         <contents>
         </contents>
      </logical_group>
      <logical_group id="lg-11">
         <name>.init_array</name>
         <run_address>0x0</run_address>
         <size>0x0</size>
         <contents>
         </contents>
      </logical_group>
      <logical_group id="lg-12">
         <name>.neardata</name>
         <run_address>0x0</run_address>
         <size>0x0</size>
         <contents>
         </contents>
      </logical_group>
      <logical_group id="lg-13">
         <name>.fardata</name>
         <run_address>0x0</run_address>
         <size>0x0</size>
         <contents>
         </contents>
      </logical_group>
      <logical_group id="lg-14">
         <name>.rodata</name>
         <run_address>0x0</run_address>
         <size>0x0</size>
         <contents>
         </contents>
      </logical_group>
      <logical_group id="lg-15">
         <name>.c6xabi.exidx</name>
         <run_address>0x0</run_address>
         <size>0x0</size>
         <contents>
         </contents>
      </logical_group>
      <logical_group id="lg-16">
         <name>.c6xabi.extab</name>
         <run_address>0x0</run_address>
         <size>0x0</size>
         <contents>
         </contents>
      </logical_group>
      <logical_group id="lg-a8">
         <name>.debug_info</name>
         <load_address>0x0</load_address>
         <run_address>0x0</run_address>
         <size>0x7797</size>
         <contents>
            <object_component_ref idref="oc-18"/>
            <object_component_ref idref="oc-22"/>
            <object_component_ref idref="oc-25"/>
            <object_component_ref idref="oc-29"/>
            <object_component_ref idref="oc-2c"/>
            <object_component_ref idref="oc-31"/>
            <object_component_ref idref="oc-34"/>
            <object_component_ref idref="oc-37"/>
            <object_component_ref idref="oc-3a"/>
            <object_component_ref idref="oc-3d"/>
            <object_component_ref idref="oc-54"/>
            <object_component_ref idref="oc-5a"/>
            <object_component_ref idref="oc-60"/>
            <object_component_ref idref="oc-64"/>
            <object_component_ref idref="oc-66"/>
            <object_component_ref idref="oc-b8"/>
         </contents>
      </logical_group>
      <logical_group id="lg-aa">
         <name>.buffers</name>
         <run_address>0x4b80</run_address>
         <size>0x300</size>
         <contents>
            <object_component_ref idref="oc-1b"/>
         </contents>
      </logical_group>
      <logical_group id="lg-ac">
         <name>.debug_frame</name>
         <load_address>0x0</load_address>
         <run_address>0x0</run_address>
         <size>0x39c</size>
         <contents>
            <object_component_ref idref="oc-1d"/>
         </contents>
      </logical_group>
      <logical_group id="lg-ae">
         <name>.debug_line</name>
         <load_address>0x0</load_address>
         <run_address>0x0</run_address>
         <size>0x7e5</size>
         <contents>
            <object_component_ref idref="oc-1e"/>
            <object_component_ref idref="oc-23"/>
            <object_component_ref idref="oc-27"/>
            <object_component_ref idref="oc-2a"/>
            <object_component_ref idref="oc-2f"/>
            <object_component_ref idref="oc-32"/>
            <object_component_ref idref="oc-35"/>
            <object_component_ref idref="oc-38"/>
            <object_component_ref idref="oc-3b"/>
            <object_component_ref idref="oc-3e"/>
            <object_component_ref idref="oc-55"/>
            <object_component_ref idref="oc-5b"/>
            <object_component_ref idref="oc-61"/>
            <object_component_ref idref="oc-65"/>
            <object_component_ref idref="oc-67"/>
         </contents>
      </logical_group>
      <logical_group id="lg-b0">
         <name>.debug_abbrev</name>
         <load_address>0x0</load_address>
         <run_address>0x0</run_address>
         <size>0xe92</size>
         <contents>
            <object_component_ref idref="oc-1f"/>
            <object_component_ref idref="oc-24"/>
            <object_component_ref idref="oc-28"/>
            <object_component_ref idref="oc-2b"/>
            <object_component_ref idref="oc-30"/>
            <object_component_ref idref="oc-33"/>
            <object_component_ref idref="oc-36"/>
            <object_component_ref idref="oc-39"/>
            <object_component_ref idref="oc-3c"/>
            <object_component_ref idref="oc-3f"/>
            <object_component_ref idref="oc-53"/>
            <object_component_ref idref="oc-59"/>
            <object_component_ref idref="oc-5f"/>
            <object_component_ref idref="oc-63"/>
            <object_component_ref idref="oc-68"/>
            <object_component_ref idref="oc-b9"/>
         </contents>
      </logical_group>
      <logical_group id="lg-b2">
         <name>.vecs</name>
         <load_address>0x5000</load_address>
         <run_address>0x5000</run_address>
         <size>0x200</size>
         <contents>
            <object_component_ref idref="oc-21"/>
         </contents>
      </logical_group>
      <logical_group id="lg-b4">
         <name>$BRID</name>
         <load_address>0x0</load_address>
         <run_address>0x0</run_address>
         <size>0x250</size>
         <contents>
            <object_component_ref idref="oc-42"/>
            <object_component_ref idref="oc-45"/>
            <object_component_ref idref="oc-49"/>
            <object_component_ref idref="oc-4c"/>
            <object_component_ref idref="oc-4f"/>
         </contents>
      </logical_group>
   </logical_group_list>
   <placement_map>
      <memory_area>
         <name>IRAM</name>
         <page_id>0x0</page_id>
         <origin>0x0</origin>
         <length>0x30000</length>
         <used_space>0x5030</used_space>
         <unused_space>0x2afd0</unused_space>
         <attributes>RWIX</attributes>
         <usage_details>
            <allocated_space>
               <start_address>0x0</start_address>
               <size>0x0</size>
               <logical_group_ref idref="lg-7"/>
            </allocated_space>
            <allocated_space>
               <start_address>0x0</start_address>
               <size>0x0</size>
               <logical_group_ref idref="lg-4"/>
            </allocated_space>
            <allocated_space>
               <start_address>0x0</start_address>
               <size>0x3ba0</size>
               <logical_group_ref idref="lg-2"/>
            </allocated_space>
            <allocated_space>
               <start_address>0x3ba0</start_address>
               <size>0x800</size>
               <logical_group_ref idref="lg-3"/>
            </allocated_space>
            <allocated_space>
               <start_address>0x43a0</start_address>
               <size>0x404</size>
               <logical_group_ref idref="lg-f"/>
            </allocated_space>
            <allocated_space>
               <start_address>0x47a4</start_address>
               <size>0x32c</size>
               <logical_group_ref idref="lg-a"/>
            </allocated_space>
            <allocated_space>
               <start_address>0x4ad0</start_address>
               <size>0x60</size>
               <logical_group_ref idref="lg-6"/>
            </allocated_space>
            <available_space>
               <start_address>0x4b30</start_address>
               <size>0x50</size>
            </available_space>
            <allocated_space>
               <start_address>0x4b80</start_address>
               <size>0x300</size>
               <logical_group_ref idref="lg-aa"/>
            </allocated_space>
            <available_space>
               <start_address>0x4e80</start_address>
               <size>0x180</size>
            </available_space>
            <allocated_space>
               <start_address>0x5000</start_address>
               <size>0x200</size>
               <logical_group_ref idref="lg-b2"/>
            </allocated_space>
            <available_space>
               <start_address>0x5200</start_address>
               <size>0x2ae00</size>
            </available_space>
         </usage_details>
      </memory_area>
      <memory_area>
         <name>L2RAM</name>
         <page_id>0x0</page_id>
         <origin>0x30000</origin>
         <length>0x10000</length>
         <used_space>0x0</used_space>
         <unused_space>0x10000</unused_space>
         <attributes>RWIX</attributes>
         <usage_details>
         </usage_details>
      </memory_area>
      <memory_area>
         <name>EMIFCE0</name>
         <page_id>0x0</page_id>
         <origin>0x80000000</origin>
         <length>0x10000000</length>
         <used_space>0x0</used_space>
         <unused_space>0x10000000</unused_space>
         <attributes>RWIX</attributes>
         <usage_details>
         </usage_details>
      </memory_area>
      <memory_area>
         <name>EMIFCE1</name>
         <page_id>0x0</page_id>
         <origin>0x90000000</origin>
         <length>0x10000000</length>
         <used_space>0x0</used_space>
         <unused_space>0x10000000</unused_space>
         <attributes>RWIX</attributes>
         <usage_details>
         </usage_details>
      </memory_area>
      <memory_area>
         <name>EMIFCE2</name>
         <page_id>0x0</page_id>
         <origin>0xa0000000</origin>
         <length>0x10000000</length>
         <used_space>0x0</used_space>
         <unused_space>0x10000000</unused_space>
         <attributes>RWIX</attributes>
         <usage_details>
         </usage_details>
      </memory_area>
      <memory_area>
         <name>EMIFCE3</name>
         <page_id>0x0</page_id>
         <origin>0xb0000000</origin>
         <length>0x10000000</length>
         <used_space>0x0</used_space>
         <unused_space>0x10000000</unused_space>
         <attributes>RWIX</attributes>
         <usage_details>
         </usage_details>
      </memory_area>
   </placement_map>
   <symbol_table>
      <symbol id="sm-0">
         <name>cinit</name>
         <value>0x43a0</value>
      </symbol>
      <symbol id="sm-1">
         <name>___cinit__</name>
         <value>0x43a0</value>
      </symbol>
      <symbol id="sm-2">
         <name>pinit</name>
         <value>0xffffffff</value>
      </symbol>
      <symbol id="sm-3">
         <name>___pinit__</name>
         <value>0xffffffff</value>
      </symbol>
      <symbol id="sm-4">
         <name>binit</name>
         <value>0xffffffff</value>
      </symbol>
      <symbol id="sm-5">
         <name>___binit__</name>
         <value>0xffffffff</value>
      </symbol>
      <symbol id="sm-6">
         <name>__STACK_SIZE</name>
         <value>0x800</value>
      </symbol>
      <symbol id="sm-7">
         <name>__STACK_END</name>
         <value>0x43a0</value>
      </symbol>
      <symbol id="sm-8">
         <name>___c_args__</name>
         <value>0xffffffff</value>
      </symbol>
      <symbol id="sm-9">
         <name>.text</name>
         <value>0x0</value>
      </symbol>
      <symbol id="sm-a">
         <name>___text__</name>
         <value>0x0</value>
      </symbol>
      <symbol id="sm-b">
         <name>etext</name>
         <value>0x3ba0</value>
      </symbol>
      <symbol id="sm-c">
         <name>___etext__</name>
         <value>0x3ba0</value>
      </symbol>
      <symbol id="sm-d">
         <name>.data</name>
         <value>0x0</value>
      </symbol>
      <symbol id="sm-e">
         <name>___data__</name>
         <value>0x0</value>
      </symbol>
      <symbol id="sm-f">
         <name>edata</name>
         <value>0x0</value>
      </symbol>
      <symbol id="sm-10">
         <name>___edata__</name>
         <value>0x0</value>
      </symbol>
      <symbol id="sm-11">
         <name>.bss</name>
         <value>0x0</value>
      </symbol>
      <symbol id="sm-12">
         <name>___bss__</name>
         <value>0x0</value>
      </symbol>
      <symbol id="sm-13">
         <name>end</name>
         <value>0x0</value>
      </symbol>
      <symbol id="sm-14">
         <name>___end__</name>
         <value>0x0</value>
      </symbol>
      <symbol id="sm-15">
         <name>___TI_pprof_out_hndl</name>
         <value>0xffffffff</value>
      </symbol>
      <symbol id="sm-16">
         <name>___TI_prof_data_start</name>
         <value>0xffffffff</value>
      </symbol>
      <symbol id="sm-17">
         <name>___TI_prof_data_size</name>
         <value>0xffffffff</value>
      </symbol>
      <symbol id="sm-18">
         <name>$bss</name>
         <value>0x0</value>
      </symbol>
      <symbol id="sm-f8">
         <name>_main</name>
         <value>0x48</value>
         <object_component_ref idref="oc-74"/>
      </symbol>
      <symbol id="sm-f9">
         <name>_tx_ping</name>
         <value>0x4d00</value>
         <object_component_ref idref="oc-1b"/>
      </symbol>
      <symbol id="sm-fa">
         <name>_Glo</name>
         <value>0x47d4</value>
         <object_component_ref idref="oc-1a"/>
      </symbol>
      <symbol id="sm-fb">
         <name>_init</name>
         <value>0x768</value>
         <object_component_ref idref="oc-74"/>
      </symbol>
      <symbol id="sm-fc">
         <name>_output_sample</name>
         <value>0x6c0</value>
         <object_component_ref idref="oc-74"/>
      </symbol>
      <symbol id="sm-fd">
         <name>_cfgEdmaPang_rx</name>
         <value>0x4860</value>
         <object_component_ref idref="oc-1a"/>
      </symbol>
      <symbol id="sm-fe">
         <name>_cfgEdmaPing_rx</name>
         <value>0x4830</value>
         <object_component_ref idref="oc-1a"/>
      </symbol>
      <symbol id="sm-ff">
         <name>_cfgEdmaPong_rx</name>
         <value>0x4848</value>
         <object_component_ref idref="oc-1a"/>
      </symbol>
      <symbol id="sm-100">
         <name>_cfgEdmaPang_tx</name>
         <value>0x48a8</value>
         <object_component_ref idref="oc-1a"/>
      </symbol>
      <symbol id="sm-101">
         <name>_cfgEdmaPing_tx</name>
         <value>0x4878</value>
         <object_component_ref idref="oc-1a"/>
      </symbol>
      <symbol id="sm-102">
         <name>_cfgEdmaPong_tx</name>
         <value>0x4890</value>
         <object_component_ref idref="oc-1a"/>
      </symbol>
      <symbol id="sm-103">
         <name>_forever_loop</name>
         <value>0x7c</value>
         <object_component_ref idref="oc-74"/>
      </symbol>
      <symbol id="sm-104">
         <name>_average</name>
         <value>0x370</value>
         <object_component_ref idref="oc-74"/>
      </symbol>
      <symbol id="sm-105">
         <name>_c_int8</name>
         <value>0x17c0</value>
         <object_component_ref idref="oc-1c"/>
      </symbol>
      <symbol id="sm-106">
         <name>_hCodec</name>
         <value>0x47cc</value>
         <object_component_ref idref="oc-1a"/>
      </symbol>
      <symbol id="sm-107">
         <name>_rx_pong</name>
         <value>0x4c00</value>
         <object_component_ref idref="oc-1b"/>
      </symbol>
      <symbol id="sm-108">
         <name>_CPLD_REG0_COPY</name>
         <value>0x48c4</value>
         <object_component_ref idref="oc-1a"/>
      </symbol>
      <symbol id="sm-109">
         <name>_rx_pang</name>
         <value>0x4c80</value>
         <object_component_ref idref="oc-1b"/>
      </symbol>
      <symbol id="sm-10a">
         <name>_config1</name>
         <value>0x47a4</value>
         <object_component_ref idref="oc-1a"/>
      </symbol>
      <symbol id="sm-10b">
         <name>_AIC_data</name>
         <value>0x47d0</value>
         <object_component_ref idref="oc-1a"/>
      </symbol>
      <symbol id="sm-10c">
         <name>_tx_pong</name>
         <value>0x4d80</value>
         <object_component_ref idref="oc-1b"/>
      </symbol>
      <symbol id="sm-10d">
         <name>_hEdmaPong_rx</name>
         <value>0x47e8</value>
         <object_component_ref idref="oc-1a"/>
      </symbol>
      <symbol id="sm-10e">
         <name>_hEdmaPing_rx</name>
         <value>0x47e4</value>
         <object_component_ref idref="oc-1a"/>
      </symbol>
      <symbol id="sm-10f">
         <name>_hEdmaPang_rx</name>
         <value>0x47ec</value>
         <object_component_ref idref="oc-1a"/>
      </symbol>
      <symbol id="sm-110">
         <name>_rx_ping</name>
         <value>0x4b80</value>
         <object_component_ref idref="oc-1b"/>
      </symbol>
      <symbol id="sm-111">
         <name>_input_sample</name>
         <value>0x718</value>
         <object_component_ref idref="oc-74"/>
      </symbol>
      <symbol id="sm-112">
         <name>_hEdma_rx</name>
         <value>0x47e0</value>
         <object_component_ref idref="oc-1a"/>
      </symbol>
      <symbol id="sm-113">
         <name>_tx_pang</name>
         <value>0x4e00</value>
         <object_component_ref idref="oc-1b"/>
      </symbol>
      <symbol id="sm-114">
         <name>_hEdmaPong_tx</name>
         <value>0x4810</value>
         <object_component_ref idref="oc-1a"/>
      </symbol>
      <symbol id="sm-115">
         <name>_hEdmaPing_tx</name>
         <value>0x480c</value>
         <object_component_ref idref="oc-1a"/>
      </symbol>
      <symbol id="sm-116">
         <name>_CPLD_REG0_ADDR</name>
         <value>0x48c0</value>
         <object_component_ref idref="oc-1a"/>
      </symbol>
      <symbol id="sm-117">
         <name>_hEdmaPang_tx</name>
         <value>0x4814</value>
         <object_component_ref idref="oc-1a"/>
      </symbol>
      <symbol id="sm-118">
         <name>_hEdma_tx</name>
         <value>0x4808</value>
         <object_component_ref idref="oc-1a"/>
      </symbol>
      <symbol id="sm-119">
         <name>_cfgEdma_tx</name>
         <value>0x4818</value>
         <object_component_ref idref="oc-1a"/>
      </symbol>
      <symbol id="sm-11a">
         <name>_cfgEdma_rx</name>
         <value>0x47f0</value>
         <object_component_ref idref="oc-1a"/>
      </symbol>
      <symbol id="sm-127">
         <name>_vector10</name>
         <value>0x5140</value>
         <object_component_ref idref="oc-21"/>
      </symbol>
      <symbol id="sm-128">
         <name>_vector11</name>
         <value>0x5160</value>
         <object_component_ref idref="oc-21"/>
      </symbol>
      <symbol id="sm-129">
         <name>_vector12</name>
         <value>0x5180</value>
         <object_component_ref idref="oc-21"/>
      </symbol>
      <symbol id="sm-12a">
         <name>_vector13</name>
         <value>0x51a0</value>
         <object_component_ref idref="oc-21"/>
      </symbol>
      <symbol id="sm-12b">
         <name>_vector14</name>
         <value>0x51c0</value>
         <object_component_ref idref="oc-21"/>
      </symbol>
      <symbol id="sm-12c">
         <name>_vector15</name>
         <value>0x51e0</value>
         <object_component_ref idref="oc-21"/>
      </symbol>
      <symbol id="sm-12d">
         <name>_vectors</name>
         <value>0x5000</value>
         <object_component_ref idref="oc-21"/>
      </symbol>
      <symbol id="sm-12e">
         <name>_vector1</name>
         <value>0x5020</value>
         <object_component_ref idref="oc-21"/>
      </symbol>
      <symbol id="sm-12f">
         <name>_vector3</name>
         <value>0x5060</value>
         <object_component_ref idref="oc-21"/>
      </symbol>
      <symbol id="sm-130">
         <name>_vector2</name>
         <value>0x5040</value>
         <object_component_ref idref="oc-21"/>
      </symbol>
      <symbol id="sm-131">
         <name>_vector5</name>
         <value>0x50a0</value>
         <object_component_ref idref="oc-21"/>
      </symbol>
      <symbol id="sm-132">
         <name>_vector4</name>
         <value>0x5080</value>
         <object_component_ref idref="oc-21"/>
      </symbol>
      <symbol id="sm-133">
         <name>_vector7</name>
         <value>0x50e0</value>
         <object_component_ref idref="oc-21"/>
      </symbol>
      <symbol id="sm-134">
         <name>_vector6</name>
         <value>0x50c0</value>
         <object_component_ref idref="oc-21"/>
      </symbol>
      <symbol id="sm-135">
         <name>_vector9</name>
         <value>0x5120</value>
         <object_component_ref idref="oc-21"/>
      </symbol>
      <symbol id="sm-141">
         <name>_c_int00</name>
         <value>0x3680</value>
         <object_component_ref idref="oc-17"/>
      </symbol>
      <symbol id="sm-142">
         <name>__stack</name>
         <value>0x3ba0</value>
         <object_component_ref idref="oc-26"/>
      </symbol>
      <symbol id="sm-14a">
         <name>__c6xabi_divi</name>
         <value>0x2ae0</value>
         <object_component_ref idref="oc-79"/>
      </symbol>
      <symbol id="sm-14b">
         <name>__divi</name>
         <value>0x2ae0</value>
         <object_component_ref idref="oc-79"/>
      </symbol>
      <symbol id="sm-15b">
         <name>C$$EXIT</name>
         <value>0x3b40</value>
         <object_component_ref idref="oc-75"/>
      </symbol>
      <symbol id="sm-15c">
         <name>_exit</name>
         <value>0x31c0</value>
         <object_component_ref idref="oc-6b"/>
      </symbol>
      <symbol id="sm-15d">
         <name>___TI_enable_exit_profile_output</name>
         <value>0x4ac4</value>
         <object_component_ref idref="oc-2e"/>
      </symbol>
      <symbol id="sm-15e">
         <name>_abort</name>
         <value>0x3b40</value>
         <object_component_ref idref="oc-75"/>
      </symbol>
      <symbol id="sm-15f">
         <name>__cleanup_ptr</name>
         <value>0x4abc</value>
         <object_component_ref idref="oc-2e"/>
      </symbol>
      <symbol id="sm-160">
         <name>__dtors_ptr</name>
         <value>0x4ac0</value>
         <object_component_ref idref="oc-2e"/>
      </symbol>
      <symbol id="sm-16a">
         <name>__args_main</name>
         <value>0x39e0</value>
         <object_component_ref idref="oc-6a"/>
      </symbol>
      <symbol id="sm-16b">
         <name>__TI_args_main</name>
         <value>0x1</value>
      </symbol>
      <symbol id="sm-175">
         <name>__auto_init</name>
         <value>0x2e20</value>
         <object_component_ref idref="oc-69"/>
      </symbol>
      <symbol id="sm-17f">
         <name>___TI_cpp_init</name>
         <value>0x3600</value>
         <object_component_ref idref="oc-73"/>
      </symbol>
      <symbol id="sm-189">
         <name>_copy_in</name>
         <value>0x3360</value>
         <object_component_ref idref="oc-71"/>
      </symbol>
      <symbol id="sm-193">
         <name>_memcpy</name>
         <value>0x1ce0</value>
         <object_component_ref idref="oc-72"/>
      </symbol>
      <symbol id="sm-19f">
         <name>_CSL6713_LIB_</name>
         <value>0x3a20</value>
         <object_component_ref idref="oc-77"/>
      </symbol>
      <symbol id="sm-1a0">
         <name>__CSL_init</name>
         <value>0x2120</value>
         <object_component_ref idref="oc-78"/>
      </symbol>
      <symbol id="sm-1c0">
         <name>_EDMA_intClear</name>
         <value>0x3a40</value>
         <object_component_ref idref="oc-6d"/>
      </symbol>
      <symbol id="sm-1c1">
         <name>_EDMA_enableChannel</name>
         <value>0x37e0</value>
         <object_component_ref idref="oc-83"/>
      </symbol>
      <symbol id="sm-1c2">
         <name>_EDMA_intDisable</name>
         <value>0x3840</value>
         <object_component_ref idref="oc-81"/>
      </symbol>
      <symbol id="sm-1c3">
         <name>_EDMA_config</name>
         <value>0x2f20</value>
         <object_component_ref idref="oc-80"/>
      </symbol>
      <symbol id="sm-1c4">
         <name>_EDMA_clearPram</name>
         <value>0x32a0</value>
         <object_component_ref idref="oc-7d"/>
      </symbol>
      <symbol id="sm-1c5">
         <name>_EDMA_reset</name>
         <value>0x28a0</value>
         <object_component_ref idref="oc-8c"/>
      </symbol>
      <symbol id="sm-1c6">
         <name>_tccAllocTable</name>
         <value>0x49d0</value>
         <object_component_ref idref="oc-44"/>
      </symbol>
      <symbol id="sm-1c7">
         <name>_EDMA_open</name>
         <value>0x1a80</value>
         <object_component_ref idref="oc-7e"/>
      </symbol>
      <symbol id="sm-1c8">
         <name>_EDMA_intTest</name>
         <value>0x3a60</value>
         <object_component_ref idref="oc-6c"/>
      </symbol>
      <symbol id="sm-1c9">
         <name>_EDMA_qdmaConfig</name>
         <value>0x3900</value>
         <object_component_ref idref="oc-8d"/>
      </symbol>
      <symbol id="sm-1ca">
         <name>_EDMA_disableChannel</name>
         <value>0x3780</value>
         <object_component_ref idref="oc-91"/>
      </symbol>
      <symbol id="sm-1cb">
         <name>_EDMA_intEnable</name>
         <value>0x38a0</value>
         <object_component_ref idref="oc-82"/>
      </symbol>
      <symbol id="sm-1cc">
         <name>_EDMA_allocTable</name>
         <value>0x1f20</value>
         <object_component_ref idref="oc-7f"/>
      </symbol>
      <symbol id="sm-1ec">
         <name>_IRQ_setVecs</name>
         <value>0x3ae0</value>
         <object_component_ref idref="oc-84"/>
      </symbol>
      <symbol id="sm-1ed">
         <name>__IRQ_eventTable</name>
         <value>0x48f0</value>
         <object_component_ref idref="oc-48"/>
      </symbol>
      <symbol id="sm-1ee">
         <name>_IRQ_nmiEnable</name>
         <value>0x3ac0</value>
         <object_component_ref idref="oc-89"/>
      </symbol>
      <symbol id="sm-1ef">
         <name>_IRQ_reset</name>
         <value>0x39a0</value>
         <object_component_ref idref="oc-86"/>
      </symbol>
      <symbol id="sm-1f0">
         <name>__IRQ_intTable</name>
         <value>0x4974</value>
         <object_component_ref idref="oc-48"/>
      </symbol>
      <symbol id="sm-1f1">
         <name>_IRQ_globalEnable</name>
         <value>0x3aa0</value>
         <object_component_ref idref="oc-88"/>
      </symbol>
      <symbol id="sm-1f2">
         <name>_IRQ_globalDisable</name>
         <value>0x3a80</value>
         <object_component_ref idref="oc-7c"/>
      </symbol>
      <symbol id="sm-1f3">
         <name>_IRQ_map</name>
         <value>0x22e0</value>
         <object_component_ref idref="oc-85"/>
      </symbol>
      <symbol id="sm-1f4">
         <name>__IRQ_init</name>
         <value>0x3580</value>
         <object_component_ref idref="oc-8a"/>
      </symbol>
      <symbol id="sm-1f5">
         <name>_IRQ_enable</name>
         <value>0x3960</value>
         <object_component_ref idref="oc-87"/>
      </symbol>
      <symbol id="sm-1f6">
         <name>__IRQ_dispatchTable</name>
         <value>0x49b4</value>
         <object_component_ref idref="oc-48"/>
      </symbol>
      <symbol id="sm-1f7">
         <name>__IRQ_hookFetchPacket</name>
         <value>0x3b60</value>
         <object_component_ref idref="oc-46"/>
      </symbol>
      <symbol id="sm-209">
         <name>_MCBSP_reset</name>
         <value>0x2480</value>
         <object_component_ref idref="oc-76"/>
      </symbol>
      <symbol id="sm-20a">
         <name>_MCBSP_read</name>
         <value>0x3b00</value>
         <object_component_ref idref="oc-7b"/>
      </symbol>
      <symbol id="sm-20b">
         <name>_MCBSP_open</name>
         <value>0x3000</value>
         <object_component_ref idref="oc-6f"/>
      </symbol>
      <symbol id="sm-20c">
         <name>__MCBSP_hDev0</name>
         <value>0x4a40</value>
         <object_component_ref idref="oc-4b"/>
      </symbol>
      <symbol id="sm-20d">
         <name>__MCBSP_hDev1</name>
         <value>0x4a44</value>
         <object_component_ref idref="oc-4b"/>
      </symbol>
      <symbol id="sm-20e">
         <name>_MCBSP_start</name>
         <value>0x2d20</value>
         <object_component_ref idref="oc-70"/>
      </symbol>
      <symbol id="sm-20f">
         <name>_MCBSP_write</name>
         <value>0x3b20</value>
         <object_component_ref idref="oc-7a"/>
      </symbol>
      <symbol id="sm-21b">
         <name>_TIMER_reset</name>
         <value>0x29c0</value>
         <object_component_ref idref="oc-90"/>
      </symbol>
      <symbol id="sm-21c">
         <name>_TIMER_open</name>
         <value>0x2600</value>
         <object_component_ref idref="oc-8b"/>
      </symbol>
      <symbol id="sm-21d">
         <name>__TIMER_hDev0</name>
         <value>0x4ab0</value>
         <object_component_ref idref="oc-4e"/>
      </symbol>
      <symbol id="sm-21e">
         <name>__TIMER_hDev1</name>
         <value>0x4ab4</value>
         <object_component_ref idref="oc-4e"/>
      </symbol>
      <symbol id="sm-21f">
         <name>__TIMER_hBios</name>
         <value>0x4ab8</value>
         <object_component_ref idref="oc-4e"/>
      </symbol>
      <symbol id="sm-220">
         <name>__TIMER_deviceTable</name>
         <value>0x4a98</value>
         <object_component_ref idref="oc-4e"/>
      </symbol>
      <symbol id="sm-22e">
         <name>_DSK6713_init</name>
         <value>0x108c</value>
         <object_component_ref idref="oc-50"/>
      </symbol>
      <symbol id="sm-22f">
         <name>_DSK6713_version</name>
         <value>0x48c6</value>
         <object_component_ref idref="oc-51"/>
      </symbol>
      <symbol id="sm-230">
         <name>_DSK6713_rget</name>
         <value>0x13a8</value>
         <object_component_ref idref="oc-50"/>
      </symbol>
      <symbol id="sm-231">
         <name>_DSK6713_wait</name>
         <value>0x13d0</value>
         <object_component_ref idref="oc-50"/>
      </symbol>
      <symbol id="sm-232">
         <name>_DSK6713_rset</name>
         <value>0x13bc</value>
         <object_component_ref idref="oc-50"/>
      </symbol>
      <symbol id="sm-233">
         <name>_DSK6713_waitusec</name>
         <value>0x1428</value>
         <object_component_ref idref="oc-50"/>
      </symbol>
      <symbol id="sm-234">
         <name>_DSK6713_getVersion</name>
         <value>0x1454</value>
         <object_component_ref idref="oc-50"/>
      </symbol>
      <symbol id="sm-242">
         <name>_DSK6713_AIC23_codeccontrolhandle</name>
         <value>0x4ac8</value>
         <object_component_ref idref="oc-57"/>
      </symbol>
      <symbol id="sm-243">
         <name>_DSK6713_AIC23_codecdatahandle</name>
         <value>0x4acc</value>
         <object_component_ref idref="oc-57"/>
      </symbol>
      <symbol id="sm-244">
         <name>_DSK6713_AIC23_openCodec</name>
         <value>0x14c0</value>
         <object_component_ref idref="oc-56"/>
      </symbol>
      <symbol id="sm-252">
         <name>_DSK6713_AIC23_config</name>
         <value>0x2820</value>
         <object_component_ref idref="oc-5c"/>
      </symbol>
      <symbol id="sm-253">
         <name>_DSK6713_AIC23_rget</name>
         <value>0x27f8</value>
         <object_component_ref idref="oc-5c"/>
      </symbol>
      <symbol id="sm-254">
         <name>_DSK6713_AIC23_rset</name>
         <value>0x2760</value>
         <object_component_ref idref="oc-5c"/>
      </symbol>
      <symbol id="sm-25e">
         <name>_DSK6713_DIP_init</name>
         <value>0x3700</value>
         <object_component_ref idref="oc-62"/>
      </symbol>
      <symbol id="sm-25f">
         <name>_DSK6713_DIP_get</name>
         <value>0x3708</value>
         <object_component_ref idref="oc-62"/>
      </symbol>
      <symbol id="sm-267">
         <name>__strasg</name>
         <value>0x30e0</value>
         <object_component_ref idref="oc-6e"/>
      </symbol>
   </symbol_table>
</link_info>
