<?xml version="1.0"?>
<link_info>
   <banner>TMS320C6x Linker PC v7.4.7</banner>
   <copyright>Copyright (c) 1996-2014 Texas Instruments Incorporated</copyright>
   <link_time>0x5dcad730</link_time>
   <output_file>FBIOS.out</output_file>
   <entry_point>
      <name>_c_int00</name>
      <address>0x93c0</address>
   </entry_point>
   <input_file_list>
      <input_file id="fl-2">
         <path>.\</path>
         <kind>object</kind>
         <file>FBIOScfg.obj</file>
         <name>FBIOScfg.obj</name>
      </input_file>
      <input_file id="fl-3">
         <path>.\</path>
         <kind>object</kind>
         <file>FBIOScfg_c.obj</file>
         <name>FBIOScfg_c.obj</name>
      </input_file>
      <input_file id="fl-4">
         <path>.\</path>
         <kind>object</kind>
         <file>main.obj</file>
         <name>main.obj</name>
      </input_file>
      <input_file id="fl-89">
         <path>c:\ti\bios_5_42_01_09\packages\ti\bios\lib\</path>
         <kind>archive</kind>
         <file>biosC6000.a67</file>
         <name>clk_htime.o67</name>
      </input_file>
      <input_file id="fl-8a">
         <path>c:\ti\bios_5_42_01_09\packages\ti\bios\lib\</path>
         <kind>archive</kind>
         <file>bios.a67</file>
         <name>biosdata.o67</name>
      </input_file>
      <input_file id="fl-8b">
         <path>c:\ti\bios_5_42_01_09\packages\ti\bios\lib\</path>
         <kind>archive</kind>
         <file>bios.a67</file>
         <name>hwi_disp_asm.o67</name>
      </input_file>
      <input_file id="fl-8c">
         <path>c:\ti\bios_5_42_01_09\packages\ti\bios\lib\</path>
         <kind>archive</kind>
         <file>lnkrtdx.a67</file>
         <name>rtdx.o67</name>
      </input_file>
      <input_file id="fl-8d">
         <path>c:\ti\bios_5_42_01_09\packages\ti\bios\lib\</path>
         <kind>archive</kind>
         <file>bios.a67</file>
         <name>swi.o67</name>
      </input_file>
      <input_file id="fl-8e">
         <path>c:\ti\bios_5_42_01_09\packages\ti\bios\lib\</path>
         <kind>archive</kind>
         <file>bios.a67</file>
         <name>fxn_c.o67</name>
      </input_file>
      <input_file id="fl-8f">
         <path>c:\ti\bios_5_42_01_09\packages\ti\bios\lib\</path>
         <kind>archive</kind>
         <file>bios.a67</file>
         <name>gbl_cslpllinit62.o67</name>
      </input_file>
      <input_file id="fl-90">
         <path>c:\ti\bios_5_42_01_09\packages\ti\bios\lib\</path>
         <kind>archive</kind>
         <file>bios.a67</file>
         <name>knl_tick.o67</name>
      </input_file>
      <input_file id="fl-91">
         <path>c:\ti\bios_5_42_01_09\packages\ti\bios\lib\</path>
         <kind>archive</kind>
         <file>bios.a67</file>
         <name>utl_doab.o67</name>
      </input_file>
      <input_file id="fl-92">
         <path>c:\ti\bios_5_42_01_09\packages\ti\bios\lib\</path>
         <kind>archive</kind>
         <file>bios.a67</file>
         <name>utl_doer.o67</name>
      </input_file>
      <input_file id="fl-93">
         <path>c:\ti\bios_5_42_01_09\packages\ti\bios\lib\</path>
         <kind>archive</kind>
         <file>bios.a67</file>
         <name>utl_putc.o67</name>
      </input_file>
      <input_file id="fl-94">
         <path>c:\ti\bios_5_42_01_09\packages\ti\bios\lib\</path>
         <kind>archive</kind>
         <file>bios.a67</file>
         <name>utl_halt.o67</name>
      </input_file>
      <input_file id="fl-95">
         <path>c:\ti\bios_5_42_01_09\packages\ti\bios\lib\</path>
         <kind>archive</kind>
         <file>biosC6000.a67</file>
         <name>clk.o67</name>
      </input_file>
      <input_file id="fl-96">
         <path>c:\ti\bios_5_42_01_09\packages\ti\bios\lib\</path>
         <kind>archive</kind>
         <file>bios.a67</file>
         <name>fxn.o67</name>
      </input_file>
      <input_file id="fl-97">
         <path>c:\ti\bios_5_42_01_09\packages\ti\bios\lib\</path>
         <kind>archive</kind>
         <file>bios.a67</file>
         <name>boot.o67</name>
      </input_file>
      <input_file id="fl-98">
         <path>c:\ti\bios_5_42_01_09\packages\ti\bios\lib\</path>
         <kind>archive</kind>
         <file>bios.a67</file>
         <name>trc.o67</name>
      </input_file>
      <input_file id="fl-99">
         <path>c:\ti\bios_5_42_01_09\packages\ti\bios\lib\</path>
         <kind>archive</kind>
         <file>bios.a67</file>
         <name>hwi.o67</name>
      </input_file>
      <input_file id="fl-9a">
         <path>c:\ti\bios_5_42_01_09\packages\ti\bios\lib\</path>
         <kind>archive</kind>
         <file>bios.a67</file>
         <name>idl.o67</name>
      </input_file>
      <input_file id="fl-9b">
         <path>c:\ti\bios_5_42_01_09\packages\ti\bios\lib\</path>
         <kind>archive</kind>
         <file>bios.a67</file>
         <name>knl_swit.o67</name>
      </input_file>
      <input_file id="fl-9c">
         <path>c:\ti\bios_5_42_01_09\packages\ti\bios\lib\</path>
         <kind>archive</kind>
         <file>bios.a67</file>
         <name>log.o67</name>
      </input_file>
      <input_file id="fl-9d">
         <path>c:\ti\bios_5_42_01_09\packages\ti\bios\lib\</path>
         <kind>archive</kind>
         <file>bios.a67</file>
         <name>pip.o67</name>
      </input_file>
      <input_file id="fl-9e">
         <path>c:\ti\bios_5_42_01_09\packages\ti\bios\lib\</path>
         <kind>archive</kind>
         <file>bios.a67</file>
         <name>prd.o67</name>
      </input_file>
      <input_file id="fl-9f">
         <path>c:\ti\bios_5_42_01_09\packages\ti\bios\lib\</path>
         <kind>archive</kind>
         <file>bios.a67</file>
         <name>sts.o67</name>
      </input_file>
      <input_file id="fl-a0">
         <path>c:\ti\bios_5_42_01_09\packages\ti\bios\lib\</path>
         <kind>archive</kind>
         <file>bios.a67</file>
         <name>clk_data.o67</name>
      </input_file>
      <input_file id="fl-a1">
         <path>c:\ti\bios_5_42_01_09\packages\ti\bios\lib\</path>
         <kind>archive</kind>
         <file>bios.a67</file>
         <name>clk_data2.o67</name>
      </input_file>
      <input_file id="fl-a2">
         <path>c:\ti\bios_5_42_01_09\packages\ti\bios\lib\</path>
         <kind>archive</kind>
         <file>biosC6000.a67</file>
         <name>clk_start.o67</name>
      </input_file>
      <input_file id="fl-a3">
         <path>c:\ti\bios_5_42_01_09\packages\ti\bios\lib\</path>
         <kind>archive</kind>
         <file>biosC6000.a67</file>
         <name>clk_stop.o67</name>
      </input_file>
      <input_file id="fl-a4">
         <path>C:\Program Files\C6xCSL\lib_3x\</path>
         <kind>archive</kind>
         <file>csl6713.lib</file>
         <name>csl.obj</name>
      </input_file>
      <input_file id="fl-a5">
         <path>D:\Em\DSK6713\c6000\dsk6713\lib\</path>
         <kind>archive</kind>
         <file>dsk6713bsl.lib</file>
         <name>dsk6713_dip.obj</name>
      </input_file>
      <input_file id="fl-a6">
         <path>D:\Em\DSK6713\c6000\dsk6713\lib\</path>
         <kind>archive</kind>
         <file>dsk6713bsl.lib</file>
         <name>dsk6713_led.obj</name>
      </input_file>
      <input_file id="fl-a7">
         <path>D:\Em\DSK6713\c6000\dsk6713\lib\</path>
         <kind>archive</kind>
         <file>dsk6713bsl.lib</file>
         <name>dsk6713.obj</name>
      </input_file>
      <input_file id="fl-a8">
         <path>c:\ti\bios_5_42_01_09\packages\ti\bios\lib\</path>
         <kind>archive</kind>
         <file>bios.a67</file>
         <name>gbl_cslcacheinit.o67</name>
      </input_file>
      <input_file id="fl-a9">
         <path>c:\ti\bios_5_42_01_09\packages\ti\bios\lib\</path>
         <kind>archive</kind>
         <file>bios.a67</file>
         <name>gbl_vers.o67</name>
      </input_file>
      <input_file id="fl-aa">
         <path>c:\ti\bios_5_42_01_09\packages\ti\bios\lib\</path>
         <kind>archive</kind>
         <file>bios.a67</file>
         <name>hwi_c.o67</name>
      </input_file>
      <input_file id="fl-ab">
         <path>c:\ti\bios_5_42_01_09\packages\ti\bios\lib\</path>
         <kind>archive</kind>
         <file>bios.a67</file>
         <name>knl.o67</name>
      </input_file>
      <input_file id="fl-ac">
         <path>c:\ti\bios_5_42_01_09\packages\ti\bios\lib\</path>
         <kind>archive</kind>
         <file>bios.a67</file>
         <name>knl_exit.o67</name>
      </input_file>
      <input_file id="fl-ad">
         <path>c:\ti\bios_5_42_01_09\packages\ti\bios\lib\</path>
         <kind>archive</kind>
         <file>bios.a67</file>
         <name>knl_chec.o67</name>
      </input_file>
      <input_file id="fl-ae">
         <path>c:\ti\bios_5_42_01_09\packages\ti\bios\lib\</path>
         <kind>archive</kind>
         <file>bios.a67</file>
         <name>knl_post.o67</name>
      </input_file>
      <input_file id="fl-af">
         <path>c:\ti\bios_5_42_01_09\packages\ti\bios\lib\</path>
         <kind>archive</kind>
         <file>bios.a67</file>
         <name>knl_ipos.o67</name>
      </input_file>
      <input_file id="fl-b0">
         <path>c:\ti\bios_5_42_01_09\packages\ti\bios\lib\</path>
         <kind>archive</kind>
         <file>bios.a67</file>
         <name>knl_run.o67</name>
      </input_file>
      <input_file id="fl-b1">
         <path>c:\ti\bios_5_42_01_09\packages\ti\bios\lib\</path>
         <kind>archive</kind>
         <file>bios.a67</file>
         <name>obj_init.o67</name>
      </input_file>
      <input_file id="fl-b2">
         <path>c:\ti\bios_5_42_01_09\packages\ti\bios\lib\</path>
         <kind>archive</kind>
         <file>bios.a67</file>
         <name>prd_c.o67</name>
      </input_file>
      <input_file id="fl-b3">
         <path>c:\ti\bios_5_42_01_09\packages\ti\rtdx\lib\c6000\</path>
         <kind>archive</kind>
         <file>rtdx.lib</file>
         <name>buffer2.o62</name>
      </input_file>
      <input_file id="fl-b4">
         <path>c:\ti\bios_5_42_01_09\packages\ti\rtdx\lib\c6000\</path>
         <kind>archive</kind>
         <file>rtdx.lib</file>
         <name>buffer1.o62</name>
      </input_file>
      <input_file id="fl-b5">
         <path>c:\ti\bios_5_42_01_09\packages\ti\rtdx\lib\c6000\</path>
         <kind>archive</kind>
         <file>rtdx.lib</file>
         <name>intr_tgt.o62</name>
      </input_file>
      <input_file id="fl-b6">
         <path>c:\ti\bios_5_42_01_09\packages\ti\rtdx\lib\c6000\</path>
         <kind>archive</kind>
         <file>rtdx.lib</file>
         <name>rtdx_mon.o62</name>
      </input_file>
      <input_file id="fl-b7">
         <path>c:\ti\bios_5_42_01_09\packages\ti\bios\lib\</path>
         <kind>archive</kind>
         <file>bios.a67</file>
         <name>sem_pend_binary.o67</name>
      </input_file>
      <input_file id="fl-b8">
         <path>c:\ti\bios_5_42_01_09\packages\ti\bios\lib\</path>
         <kind>archive</kind>
         <file>bios.a67</file>
         <name>sem_pend.o67</name>
      </input_file>
      <input_file id="fl-b9">
         <path>c:\ti\bios_5_42_01_09\packages\ti\bios\lib\</path>
         <kind>archive</kind>
         <file>bios.a67</file>
         <name>sem_post_asm.o67</name>
      </input_file>
      <input_file id="fl-ba">
         <path>c:\ti\bios_5_42_01_09\packages\ti\bios\lib\</path>
         <kind>archive</kind>
         <file>bios.a67</file>
         <name>sem_post.o67</name>
      </input_file>
      <input_file id="fl-bb">
         <path>c:\ti\bios_5_42_01_09\packages\ti\bios\lib\</path>
         <kind>archive</kind>
         <file>bios.a67</file>
         <name>sts_set.o67</name>
      </input_file>
      <input_file id="fl-bc">
         <path>C:\Program Files\C6xCSL\lib_3x\</path>
         <kind>archive</kind>
         <file>csl6713.lib</file>
         <name>csl_timer.obj</name>
      </input_file>
      <input_file id="fl-bd">
         <path>c:\ti\bios_5_42_01_09\packages\ti\bios\lib\</path>
         <kind>archive</kind>
         <file>bios.a67</file>
         <name>tsk.o67</name>
      </input_file>
      <input_file id="fl-be">
         <path>c:\ti\bios_5_42_01_09\packages\ti\bios\lib\</path>
         <kind>archive</kind>
         <file>bios.a67</file>
         <name>tsk_exit.o67</name>
      </input_file>
      <input_file id="fl-bf">
         <path>c:\ti\bios_5_42_01_09\packages\ti\bios\lib\</path>
         <kind>archive</kind>
         <file>bios.a67</file>
         <name>sys_exit.o67</name>
      </input_file>
      <input_file id="fl-c0">
         <path>c:\ti\bios_5_42_01_09\packages\ti\bios\lib\</path>
         <kind>archive</kind>
         <file>bios.a67</file>
         <name>sys.o67</name>
      </input_file>
      <input_file id="fl-c1">
         <path>c:\ti\bios_5_42_01_09\packages\ti\bios\lib\</path>
         <kind>archive</kind>
         <file>bios.a67</file>
         <name>tsk_init.o67</name>
      </input_file>
      <input_file id="fl-c2">
         <path>c:\ti\bios_5_42_01_09\packages\ti\bios\lib\</path>
         <kind>archive</kind>
         <file>bios.a67</file>
         <name>tsk_setu.o67</name>
      </input_file>
      <input_file id="fl-c3">
         <path>c:\ti\bios_5_42_01_09\packages\ti\bios\lib\</path>
         <kind>archive</kind>
         <file>bios.a67</file>
         <name>tsk_stup.o67</name>
      </input_file>
      <input_file id="fl-c4">
         <path>c:\ti\bios_5_42_01_09\packages\ti\bios\lib\</path>
         <kind>archive</kind>
         <file>bios.a67</file>
         <name>lck.o67</name>
      </input_file>
      <input_file id="fl-c5">
         <path>c:\ti\bios_5_42_01_09\packages\ti\bios\lib\</path>
         <kind>archive</kind>
         <file>bios.a67</file>
         <name>sem_pend_counting.o67</name>
      </input_file>
      <input_file id="fl-c6">
         <path>c:\ti\bios_5_42_01_09\packages\ti\bios\lib\</path>
         <kind>archive</kind>
         <file>bios.a67</file>
         <name>sys_abor.o67</name>
      </input_file>
      <input_file id="fl-c7">
         <path>c:\ti\bios_5_42_01_09\packages\ti\bios\lib\</path>
         <kind>archive</kind>
         <file>bios.a67</file>
         <name>gbl_setL2CacheMode.o67</name>
      </input_file>
      <input_file id="fl-c8">
         <path>C:\Program Files\C6xCSL\lib_3x\</path>
         <kind>archive</kind>
         <file>csl6713.lib</file>
         <name>csl_irq.obj</name>
      </input_file>
      <input_file id="fl-c9">
         <path>c:\ti\bios_5_42_01_09\packages\ti\bios\lib\</path>
         <kind>archive</kind>
         <file>bios.a67</file>
         <name>sem_dopo.o67</name>
      </input_file>
      <input_file id="fl-ca">
         <path>c:\ti\bios_5_42_01_09\packages\ti\bios\lib\</path>
         <kind>archive</kind>
         <file>bios.a67</file>
         <name>autoinit.o67</name>
      </input_file>
      <input_file id="fl-cb">
         <path>C:\ti\ccsv6\tools\compiler\c6000_7.4.7\lib\</path>
         <kind>archive</kind>
         <file>rts6700.lib</file>
         <name>divi.obj</name>
      </input_file>
      <input_file id="fl-cc">
         <path>C:\ti\ccsv6\tools\compiler\c6000_7.4.7\lib\</path>
         <kind>archive</kind>
         <file>rts6700.lib</file>
         <name>_lock.obj</name>
      </input_file>
      <input_file id="fl-cd">
         <path>C:\ti\ccsv6\tools\compiler\c6000_7.4.7\lib\</path>
         <kind>archive</kind>
         <file>rts6700.lib</file>
         <name>strasg.obj</name>
      </input_file>
      <input_file id="fl-ce">
         <path>C:\ti\ccsv6\tools\compiler\c6000_7.4.7\lib\</path>
         <kind>archive</kind>
         <file>rts6700.lib</file>
         <name>atexit.obj</name>
      </input_file>
      <input_file id="fl-cf">
         <path>C:\ti\ccsv6\tools\compiler\c6000_7.4.7\lib\</path>
         <kind>archive</kind>
         <file>rts6700.lib</file>
         <name>sinit.obj</name>
      </input_file>
      <input_file id="fl-d0">
         <path>C:\ti\ccsv6\tools\compiler\c6000_7.4.7\lib\</path>
         <kind>archive</kind>
         <file>rts6700.lib</file>
         <name>exit.obj</name>
      </input_file>
      <input_file id="fl-d1">
         <path>C:\ti\ccsv6\tools\compiler\c6000_7.4.7\lib\</path>
         <kind>archive</kind>
         <file>rts6700.lib</file>
         <name>memcpy62.obj</name>
      </input_file>
   </input_file_list>
   <object_component_list>
      <object_component id="oc-5e">
         <name>.vers</name>
         <load_address>0x0</load_address>
         <run_address>0x0</run_address>
         <size>0x3c</size>
         <input_file_ref idref="fl-2"/>
      </object_component>
      <object_component id="oc-4e">
         <name>.clk</name>
         <uninitialized>true</uninitialized>
         <run_address>0x9e78</run_address>
         <size>0x8</size>
         <input_file_ref idref="fl-2"/>
      </object_component>
      <object_component id="oc-4f">
         <name>.prd</name>
         <uninitialized>true</uninitialized>
         <run_address>0x9e3c</run_address>
         <size>0x20</size>
         <input_file_ref idref="fl-2"/>
      </object_component>
      <object_component id="oc-7">
         <name>HWI_A_VECS</name>
         <load_address>0x0</load_address>
         <run_address>0x0</run_address>
         <size>0x0</size>
      </object_component>
      <object_component id="oc-52">
         <name>.hwi_vec</name>
         <load_address>0x0</load_address>
         <run_address>0x0</run_address>
         <size>0x200</size>
         <input_file_ref idref="fl-2"/>
      </object_component>
      <object_component id="oc-53">
         <name>.swi</name>
         <uninitialized>true</uninitialized>
         <run_address>0x9b5c</run_address>
         <size>0x58</size>
         <input_file_ref idref="fl-2"/>
      </object_component>
      <object_component id="oc-54">
         <name>.tsk</name>
         <uninitialized>true</uninitialized>
         <run_address>0x9a3c</run_address>
         <size>0x120</size>
         <input_file_ref idref="fl-2"/>
      </object_component>
      <object_component id="oc-5d">
         <name>.idl</name>
         <uninitialized>true</uninitialized>
         <run_address>0x9e84</run_address>
         <size>0x4</size>
         <input_file_ref idref="fl-2"/>
      </object_component>
      <object_component id="oc-5c">
         <name>.idlcal</name>
         <uninitialized>true</uninitialized>
         <run_address>0x9e88</run_address>
         <size>0x4</size>
         <input_file_ref idref="fl-2"/>
      </object_component>
      <object_component id="oc-64">
         <name>.bss</name>
         <uninitialized>true</uninitialized>
         <run_address>0x982c</run_address>
         <size>0x8</size>
         <input_file_ref idref="fl-4"/>
      </object_component>
      <object_component id="oc-6d">
         <name>.bss</name>
         <uninitialized>true</uninitialized>
         <run_address>0x9620</run_address>
         <size>0xcc</size>
         <input_file_ref idref="fl-8a"/>
      </object_component>
      <object_component id="oc-6f">
         <name>.bss</name>
         <uninitialized>true</uninitialized>
         <run_address>0x9520</run_address>
         <size>0x100</size>
         <input_file_ref idref="fl-8b"/>
      </object_component>
      <object_component id="oc-73">
         <name>.bss</name>
         <uninitialized>true</uninitialized>
         <run_address>0x97e8</run_address>
         <size>0x18</size>
         <input_file_ref idref="fl-8c"/>
      </object_component>
      <object_component id="oc-79">
         <name>.bss</name>
         <uninitialized>true</uninitialized>
         <run_address>0x96ec</run_address>
         <size>0x9c</size>
         <input_file_ref idref="fl-8d"/>
      </object_component>
      <object_component id="oc-a7">
         <name>.bss</name>
         <uninitialized>true</uninitialized>
         <run_address>0x97d0</run_address>
         <size>0x18</size>
         <input_file_ref idref="fl-99"/>
      </object_component>
      <object_component id="oc-c2">
         <name>.bss</name>
         <uninitialized>true</uninitialized>
         <run_address>0x981c</run_address>
         <size>0x8</size>
         <input_file_ref idref="fl-a0"/>
      </object_component>
      <object_component id="oc-c5">
         <name>.bss</name>
         <uninitialized>true</uninitialized>
         <run_address>0x9834</run_address>
         <size>0x4</size>
         <input_file_ref idref="fl-a1"/>
      </object_component>
      <object_component id="oc-f0">
         <name>.bss</name>
         <uninitialized>true</uninitialized>
         <run_address>0x9788</run_address>
         <size>0x48</size>
         <input_file_ref idref="fl-ab"/>
      </object_component>
      <object_component id="oc-116">
         <name>.bss</name>
         <uninitialized>true</uninitialized>
         <run_address>0x9800</run_address>
         <size>0x10</size>
         <input_file_ref idref="fl-b4"/>
      </object_component>
      <object_component id="oc-13f">
         <name>.bss</name>
         <uninitialized>true</uninitialized>
         <run_address>0x9810</run_address>
         <size>0xc</size>
         <input_file_ref idref="fl-bd"/>
      </object_component>
      <object_component id="oc-14d">
         <name>.bss</name>
         <uninitialized>true</uninitialized>
         <run_address>0x9824</run_address>
         <size>0x8</size>
         <input_file_ref idref="fl-c0"/>
      </object_component>
      <object_component id="oc-16e">
         <name>.bss</name>
         <uninitialized>true</uninitialized>
         <run_address>0x9838</run_address>
         <size>0x4</size>
         <input_file_ref idref="fl-c7"/>
      </object_component>
      <object_component id="oc-86">
         <name>.far</name>
         <uninitialized>true</uninitialized>
         <run_address>0x7ce4</run_address>
         <size>0x10</size>
         <input_file_ref idref="fl-90"/>
      </object_component>
      <object_component id="oc-93">
         <name>.far</name>
         <uninitialized>true</uninitialized>
         <run_address>0x7cf4</run_address>
         <size>0xc</size>
         <input_file_ref idref="fl-93"/>
      </object_component>
      <object_component id="oc-d1">
         <name>.far</name>
         <uninitialized>true</uninitialized>
         <run_address>0x7c78</run_address>
         <size>0x28</size>
         <input_file_ref idref="fl-a4"/>
      </object_component>
      <object_component id="oc-da">
         <name>.far</name>
         <uninitialized>true</uninitialized>
         <run_address>0x7d1a</run_address>
         <size>0x2</size>
         <input_file_ref idref="fl-a6"/>
      </object_component>
      <object_component id="oc-df">
         <name>.far</name>
         <uninitialized>true</uninitialized>
         <run_address>0x7d18</run_address>
         <size>0x2</size>
         <input_file_ref idref="fl-a7"/>
      </object_component>
      <object_component id="oc-f3">
         <name>.far</name>
         <uninitialized>true</uninitialized>
         <run_address>0x7aa0</run_address>
         <size>0xd8</size>
         <input_file_ref idref="fl-ab"/>
      </object_component>
      <object_component id="oc-10b">
         <name>.far</name>
         <uninitialized>true</uninitialized>
         <run_address>0x7bd4</run_address>
         <size>0x54</size>
         <input_file_ref idref="fl-b1"/>
      </object_component>
      <object_component id="oc-13b">
         <name>.far</name>
         <uninitialized>true</uninitialized>
         <run_address>0x7ca0</run_address>
         <size>0x24</size>
         <input_file_ref idref="fl-bc"/>
      </object_component>
      <object_component id="oc-142">
         <name>.far</name>
         <uninitialized>true</uninitialized>
         <run_address>0x7b78</run_address>
         <size>0x5c</size>
         <input_file_ref idref="fl-bd"/>
      </object_component>
      <object_component id="oc-150">
         <name>.far</name>
         <uninitialized>true</uninitialized>
         <run_address>0x7cc4</run_address>
         <size>0x20</size>
         <input_file_ref idref="fl-c0"/>
      </object_component>
      <object_component id="oc-15d">
         <name>.far</name>
         <uninitialized>true</uninitialized>
         <run_address>0x7c28</run_address>
         <size>0x50</size>
         <input_file_ref idref="fl-c3"/>
      </object_component>
      <object_component id="oc-176">
         <name>.far</name>
         <uninitialized>true</uninitialized>
         <run_address>0x79ac</run_address>
         <size>0xf4</size>
         <input_file_ref idref="fl-c8"/>
      </object_component>
      <object_component id="oc-187">
         <name>.far</name>
         <uninitialized>true</uninitialized>
         <run_address>0x7d0c</run_address>
         <size>0x8</size>
         <input_file_ref idref="fl-cc"/>
      </object_component>
      <object_component id="oc-18f">
         <name>.far</name>
         <uninitialized>true</uninitialized>
         <run_address>0x7824</run_address>
         <size>0x188</size>
         <input_file_ref idref="fl-ce"/>
      </object_component>
      <object_component id="oc-194">
         <name>.far</name>
         <uninitialized>true</uninitialized>
         <run_address>0x7d14</run_address>
         <size>0x4</size>
         <input_file_ref idref="fl-cf"/>
      </object_component>
      <object_component id="oc-199">
         <name>.far</name>
         <uninitialized>true</uninitialized>
         <run_address>0x7d00</run_address>
         <size>0xc</size>
         <input_file_ref idref="fl-d0"/>
      </object_component>
      <object_component id="oc-5a">
         <name>.sem</name>
         <uninitialized>true</uninitialized>
         <run_address>0x9de8</run_address>
         <size>0x2c</size>
         <input_file_ref idref="fl-2"/>
      </object_component>
      <object_component id="oc-75">
         <name>.bios</name>
         <load_address>0x200</load_address>
         <run_address>0x200</run_address>
         <size>0x600</size>
         <input_file_ref idref="fl-8c"/>
      </object_component>
      <object_component id="oc-171">
         <name>.bios</name>
         <load_address>0x800</load_address>
         <run_address>0x800</run_address>
         <size>0x5e0</size>
         <input_file_ref idref="fl-c7"/>
      </object_component>
      <object_component id="oc-42">
         <name>.bios</name>
         <load_address>0xde0</load_address>
         <run_address>0xde0</run_address>
         <size>0x540</size>
         <input_file_ref idref="fl-8d"/>
      </object_component>
      <object_component id="oc-43">
         <name>.bios</name>
         <load_address>0x1320</load_address>
         <run_address>0x1320</run_address>
         <size>0x460</size>
         <input_file_ref idref="fl-8b"/>
      </object_component>
      <object_component id="oc-ba">
         <name>.bios</name>
         <load_address>0x1780</load_address>
         <run_address>0x1780</run_address>
         <size>0x3a0</size>
         <input_file_ref idref="fl-9e"/>
      </object_component>
      <object_component id="oc-106">
         <name>.bios</name>
         <load_address>0x1b20</load_address>
         <run_address>0x1b20</run_address>
         <size>0x2c0</size>
         <input_file_ref idref="fl-b0"/>
      </object_component>
      <object_component id="oc-12b">
         <name>.bios</name>
         <load_address>0x1de0</load_address>
         <run_address>0x1de0</run_address>
         <size>0x2c0</size>
         <input_file_ref idref="fl-b8"/>
      </object_component>
      <object_component id="oc-46">
         <name>.bios</name>
         <load_address>0x20a0</load_address>
         <run_address>0x20a0</run_address>
         <size>0x260</size>
         <input_file_ref idref="fl-90"/>
      </object_component>
      <object_component id="oc-b6">
         <name>.bios</name>
         <load_address>0x2300</load_address>
         <run_address>0x2300</run_address>
         <size>0x240</size>
         <input_file_ref idref="fl-9d"/>
      </object_component>
      <object_component id="oc-17b">
         <name>.bios</name>
         <load_address>0x2540</load_address>
         <run_address>0x2540</run_address>
         <size>0x220</size>
         <input_file_ref idref="fl-c9"/>
      </object_component>
      <object_component id="oc-157">
         <name>.bios</name>
         <load_address>0x2760</load_address>
         <run_address>0x2760</run_address>
         <size>0x200</size>
         <input_file_ref idref="fl-c2"/>
      </object_component>
      <object_component id="oc-ae">
         <name>.bios</name>
         <load_address>0x2960</load_address>
         <run_address>0x2960</run_address>
         <size>0x1c0</size>
         <input_file_ref idref="fl-9b"/>
      </object_component>
      <object_component id="oc-99">
         <name>.bios</name>
         <load_address>0x2b20</load_address>
         <run_address>0x2b20</run_address>
         <size>0x1c0</size>
         <input_file_ref idref="fl-95"/>
      </object_component>
      <object_component id="oc-146">
         <name>.bios</name>
         <load_address>0x2ce0</load_address>
         <run_address>0x2ce0</run_address>
         <size>0x1a0</size>
         <input_file_ref idref="fl-be"/>
      </object_component>
      <object_component id="oc-17f">
         <name>.bios</name>
         <load_address>0x2e80</load_address>
         <run_address>0x2e80</run_address>
         <size>0x180</size>
         <input_file_ref idref="fl-ca"/>
      </object_component>
      <object_component id="oc-15e">
         <name>.bios</name>
         <load_address>0x3000</load_address>
         <run_address>0x3000</run_address>
         <size>0x180</size>
         <input_file_ref idref="fl-c3"/>
      </object_component>
      <object_component id="oc-f9">
         <name>.bios</name>
         <load_address>0x3180</load_address>
         <run_address>0x3180</run_address>
         <size>0x140</size>
         <input_file_ref idref="fl-ad"/>
      </object_component>
      <object_component id="oc-e5">
         <name>.bios</name>
         <load_address>0x32c0</load_address>
         <run_address>0x32c0</run_address>
         <size>0xe0</size>
         <input_file_ref idref="fl-a8"/>
      </object_component>
      <object_component id="oc-f6">
         <name>.bios</name>
         <load_address>0x33a0</load_address>
         <run_address>0x33a0</run_address>
         <size>0xe0</size>
         <input_file_ref idref="fl-ac"/>
      </object_component>
      <object_component id="oc-10f">
         <name>.bios</name>
         <load_address>0x3480</load_address>
         <run_address>0x3480</run_address>
         <size>0xe0</size>
         <input_file_ref idref="fl-b2"/>
      </object_component>
      <object_component id="oc-133">
         <name>.bios</name>
         <load_address>0x3560</load_address>
         <run_address>0x3560</run_address>
         <size>0xe0</size>
         <input_file_ref idref="fl-ba"/>
      </object_component>
      <object_component id="oc-12e">
         <name>.bios</name>
         <load_address>0x3640</load_address>
         <run_address>0x3640</run_address>
         <size>0xe0</size>
         <input_file_ref idref="fl-b9"/>
      </object_component>
      <object_component id="oc-102">
         <name>.bios</name>
         <load_address>0x3720</load_address>
         <run_address>0x3720</run_address>
         <size>0xc0</size>
         <input_file_ref idref="fl-af"/>
      </object_component>
      <object_component id="oc-fe">
         <name>.bios</name>
         <load_address>0x37e0</load_address>
         <run_address>0x37e0</run_address>
         <size>0xc0</size>
         <input_file_ref idref="fl-ae"/>
      </object_component>
      <object_component id="oc-163">
         <name>.bios</name>
         <load_address>0x38a0</load_address>
         <run_address>0x38a0</run_address>
         <size>0xc0</size>
         <input_file_ref idref="fl-c4"/>
      </object_component>
      <object_component id="oc-14a">
         <name>.bios</name>
         <load_address>0x3960</load_address>
         <run_address>0x3960</run_address>
         <size>0xc0</size>
         <input_file_ref idref="fl-bf"/>
      </object_component>
      <object_component id="oc-44">
         <name>.bios</name>
         <load_address>0x3a20</load_address>
         <run_address>0x3a20</run_address>
         <size>0xc0</size>
         <input_file_ref idref="fl-89"/>
      </object_component>
      <object_component id="oc-9d">
         <name>.bios</name>
         <load_address>0x3ae0</load_address>
         <run_address>0x3ae0</run_address>
         <size>0x80</size>
         <input_file_ref idref="fl-96"/>
      </object_component>
      <object_component id="oc-b2">
         <name>.bios</name>
         <load_address>0x3b60</load_address>
         <run_address>0x3b60</run_address>
         <size>0x80</size>
         <input_file_ref idref="fl-9c"/>
      </object_component>
      <object_component id="oc-be">
         <name>.bios</name>
         <load_address>0x3be0</load_address>
         <run_address>0x3be0</run_address>
         <size>0x80</size>
         <input_file_ref idref="fl-9f"/>
      </object_component>
      <object_component id="oc-ec">
         <name>.bios</name>
         <load_address>0x3c60</load_address>
         <run_address>0x3c60</run_address>
         <size>0x60</size>
         <input_file_ref idref="fl-aa"/>
      </object_component>
      <object_component id="oc-126">
         <name>.bios</name>
         <load_address>0x3cc0</load_address>
         <run_address>0x3cc0</run_address>
         <size>0x60</size>
         <input_file_ref idref="fl-b7"/>
      </object_component>
      <object_component id="oc-166">
         <name>.bios</name>
         <load_address>0x3d20</load_address>
         <run_address>0x3d20</run_address>
         <size>0x60</size>
         <input_file_ref idref="fl-c5"/>
      </object_component>
      <object_component id="oc-16b">
         <name>.bios</name>
         <load_address>0x3d80</load_address>
         <run_address>0x3d80</run_address>
         <size>0x60</size>
         <input_file_ref idref="fl-c6"/>
      </object_component>
      <object_component id="oc-45">
         <name>.bios</name>
         <load_address>0x3de0</load_address>
         <run_address>0x3de0</run_address>
         <size>0x60</size>
         <input_file_ref idref="fl-93"/>
      </object_component>
      <object_component id="oc-c8">
         <name>.bios</name>
         <load_address>0x3e40</load_address>
         <run_address>0x3e40</run_address>
         <size>0x60</size>
         <input_file_ref idref="fl-a2"/>
      </object_component>
      <object_component id="oc-3f">
         <name>.bios</name>
         <load_address>0x3ea0</load_address>
         <run_address>0x3ea0</run_address>
         <size>0x40</size>
         <input_file_ref idref="fl-91"/>
      </object_component>
      <object_component id="oc-cc">
         <name>.bios</name>
         <load_address>0x3ee0</load_address>
         <run_address>0x3ee0</run_address>
         <size>0x40</size>
         <input_file_ref idref="fl-a3"/>
      </object_component>
      <object_component id="oc-49">
         <name>.bios</name>
         <load_address>0x3f20</load_address>
         <run_address>0x3f20</run_address>
         <size>0x20</size>
         <input_file_ref idref="fl-8e"/>
      </object_component>
      <object_component id="oc-e8">
         <name>.bios</name>
         <load_address>0x3f40</load_address>
         <run_address>0x3f40</run_address>
         <size>0x20</size>
         <input_file_ref idref="fl-a9"/>
      </object_component>
      <object_component id="oc-a9">
         <name>.bios</name>
         <load_address>0x3f60</load_address>
         <run_address>0x3f60</run_address>
         <size>0x20</size>
         <input_file_ref idref="fl-9a"/>
      </object_component>
      <object_component id="oc-136">
         <name>.bios</name>
         <load_address>0x3f80</load_address>
         <run_address>0x3f80</run_address>
         <size>0x20</size>
         <input_file_ref idref="fl-bb"/>
      </object_component>
      <object_component id="oc-48">
         <name>.bios</name>
         <load_address>0x3fa0</load_address>
         <run_address>0x3fa0</run_address>
         <size>0x20</size>
         <input_file_ref idref="fl-92"/>
      </object_component>
      <object_component id="oc-47">
         <name>.bios</name>
         <load_address>0x3fc0</load_address>
         <run_address>0x3fc0</run_address>
         <size>0x20</size>
         <input_file_ref idref="fl-94"/>
      </object_component>
      <object_component id="oc-11a">
         <name>.pinit</name>
         <load_address>0x9bf4</load_address>
         <run_address>0x9bf4</run_address>
         <size>0x4</size>
         <input_file_ref idref="fl-b4"/>
      </object_component>
      <object_component id="oc-123">
         <name>.pinit</name>
         <load_address>0x9bf8</load_address>
         <run_address>0x9bf8</run_address>
         <size>0x4</size>
         <input_file_ref idref="fl-b6"/>
      </object_component>
      <object_component id="oc-4d">
         <name>.sys</name>
         <uninitialized>true</uninitialized>
         <run_address>0x9e5c</run_address>
         <size>0x10</size>
         <input_file_ref idref="fl-2"/>
      </object_component>
      <object_component id="oc-de">
         <name>.text</name>
         <load_address>0x3fe0</load_address>
         <run_address>0x3fe0</run_address>
         <size>0x480</size>
         <input_file_ref idref="fl-a7"/>
      </object_component>
      <object_component id="oc-19f">
         <name>.text</name>
         <load_address>0x4460</load_address>
         <run_address>0x4460</run_address>
         <size>0x360</size>
         <input_file_ref idref="fl-4"/>
      </object_component>
      <object_component id="oc-1a8">
         <name>.text:_memcpy</name>
         <load_address>0x47c0</load_address>
         <run_address>0x47c0</run_address>
         <size>0x240</size>
         <input_file_ref idref="fl-d1"/>
      </object_component>
      <object_component id="oc-1ab">
         <name>.text:__CSL_init</name>
         <load_address>0x4a00</load_address>
         <run_address>0x4a00</run_address>
         <size>0x220</size>
         <input_file_ref idref="fl-a4"/>
      </object_component>
      <object_component id="oc-d9">
         <name>.text</name>
         <load_address>0x4c20</load_address>
         <run_address>0x4c20</run_address>
         <size>0x1e0</size>
         <input_file_ref idref="fl-a6"/>
      </object_component>
      <object_component id="oc-1ba">
         <name>.text:_mux2Tables</name>
         <load_address>0x4e00</load_address>
         <run_address>0x4e00</run_address>
         <size>0x1c0</size>
         <input_file_ref idref="fl-c8"/>
      </object_component>
      <object_component id="oc-40">
         <name>.text</name>
         <load_address>0x4fc0</load_address>
         <run_address>0x4fc0</run_address>
         <size>0x180</size>
         <input_file_ref idref="fl-8f"/>
      </object_component>
      <object_component id="oc-1bc">
         <name>.text:_call_dtors</name>
         <load_address>0x5140</load_address>
         <run_address>0x5140</run_address>
         <size>0x160</size>
         <input_file_ref idref="fl-cf"/>
      </object_component>
      <object_component id="oc-1b4">
         <name>.text:_TIMER_open</name>
         <load_address>0x52a0</load_address>
         <run_address>0x52a0</run_address>
         <size>0x140</size>
         <input_file_ref idref="fl-bc"/>
      </object_component>
      <object_component id="oc-1bb">
         <name>.text:_TIMER_reset</name>
         <load_address>0x53e0</load_address>
         <run_address>0x53e0</run_address>
         <size>0x120</size>
         <input_file_ref idref="fl-bc"/>
      </object_component>
      <object_component id="oc-1ac">
         <name>.text:__divi</name>
         <load_address>0x5500</load_address>
         <run_address>0x5500</run_address>
         <size>0x120</size>
         <input_file_ref idref="fl-cb"/>
      </object_component>
      <object_component id="oc-1a3">
         <name>.text:__strasg</name>
         <load_address>0x5620</load_address>
         <run_address>0x5620</run_address>
         <size>0xe0</size>
         <input_file_ref idref="fl-cd"/>
      </object_component>
      <object_component id="oc-1b1">
         <name>.text:_atexit</name>
         <load_address>0x5700</load_address>
         <run_address>0x5700</run_address>
         <size>0xe0</size>
         <input_file_ref idref="fl-ce"/>
      </object_component>
      <object_component id="oc-15a">
         <name>.text</name>
         <load_address>0x57e0</load_address>
         <run_address>0x57e0</run_address>
         <size>0xc0</size>
         <input_file_ref idref="fl-c3"/>
      </object_component>
      <object_component id="oc-1b3">
         <name>.text:__IRQ_init</name>
         <load_address>0x58a0</load_address>
         <run_address>0x58a0</run_address>
         <size>0xa0</size>
         <input_file_ref idref="fl-c8"/>
      </object_component>
      <object_component id="oc-d5">
         <name>.text</name>
         <load_address>0x5940</load_address>
         <run_address>0x5940</run_address>
         <size>0x80</size>
         <input_file_ref idref="fl-a5"/>
      </object_component>
      <object_component id="oc-1b9">
         <name>.text:___add_dtor</name>
         <load_address>0x59c0</load_address>
         <run_address>0x59c0</run_address>
         <size>0x40</size>
         <input_file_ref idref="fl-cf"/>
      </object_component>
      <object_component id="oc-1aa">
         <name>.text:_CSL6713_LIB_</name>
         <load_address>0x5a00</load_address>
         <run_address>0x5a00</run_address>
         <size>0x20</size>
         <input_file_ref idref="fl-a4"/>
      </object_component>
      <object_component id="oc-1a9">
         <name>.text:__nop</name>
         <load_address>0x5a20</load_address>
         <run_address>0x5a20</run_address>
         <size>0x20</size>
         <input_file_ref idref="fl-cc"/>
      </object_component>
      <object_component id="oc-1a6">
         <name>.text:__register_lock</name>
         <load_address>0x5a40</load_address>
         <run_address>0x5a40</run_address>
         <size>0x20</size>
         <input_file_ref idref="fl-cc"/>
      </object_component>
      <object_component id="oc-1a7">
         <name>.text:__register_unlock</name>
         <load_address>0x5a60</load_address>
         <run_address>0x5a60</run_address>
         <size>0x20</size>
         <input_file_ref idref="fl-cc"/>
      </object_component>
      <object_component id="oc-174">
         <name>.text</name>
         <load_address>0x5a80</load_address>
         <run_address>0x5a80</run_address>
         <size>0x20</size>
         <input_file_ref idref="fl-c8"/>
      </object_component>
      <object_component id="oc-4b">
         <name>.cinit</name>
         <load_address>0x6940</load_address>
         <run_address>0x6940</run_address>
         <size>0x54c</size>
         <input_file_ref idref="fl-2"/>
      </object_component>
      <object_component id="oc-6e">
         <name>.cinit</name>
         <load_address>0x6e90</load_address>
         <run_address>0x6e90</run_address>
         <size>0x26c</size>
         <input_file_ref idref="fl-8a"/>
      </object_component>
      <object_component id="oc-f2">
         <name>.cinit</name>
         <load_address>0x7100</load_address>
         <run_address>0x7100</run_address>
         <size>0x1a4</size>
         <input_file_ref idref="fl-ab"/>
      </object_component>
      <object_component id="oc-175">
         <name>.cinit</name>
         <load_address>0x72a8</load_address>
         <run_address>0x72a8</run_address>
         <size>0x12c</size>
         <input_file_ref idref="fl-c8"/>
      </object_component>
      <object_component id="oc-7a">
         <name>.cinit</name>
         <load_address>0x73d8</load_address>
         <run_address>0x73d8</run_address>
         <size>0xb0</size>
         <input_file_ref idref="fl-8d"/>
      </object_component>
      <object_component id="oc-141">
         <name>.cinit</name>
         <load_address>0x7488</load_address>
         <run_address>0x7488</run_address>
         <size>0x80</size>
         <input_file_ref idref="fl-bd"/>
      </object_component>
      <object_component id="oc-15c">
         <name>.cinit</name>
         <load_address>0x7508</load_address>
         <run_address>0x7508</run_address>
         <size>0x60</size>
         <input_file_ref idref="fl-c3"/>
      </object_component>
      <object_component id="oc-74">
         <name>.cinit</name>
         <load_address>0x7568</load_address>
         <run_address>0x7568</run_address>
         <size>0x5c</size>
         <input_file_ref idref="fl-8c"/>
      </object_component>
      <object_component id="oc-13a">
         <name>.cinit</name>
         <load_address>0x75c8</load_address>
         <run_address>0x75c8</run_address>
         <size>0x4c</size>
         <input_file_ref idref="fl-bc"/>
      </object_component>
      <object_component id="oc-118">
         <name>.cinit</name>
         <load_address>0x7618</load_address>
         <run_address>0x7618</run_address>
         <size>0x4c</size>
         <input_file_ref idref="fl-b4"/>
      </object_component>
      <object_component id="oc-d0">
         <name>.cinit</name>
         <load_address>0x7668</load_address>
         <run_address>0x7668</run_address>
         <size>0x3c</size>
         <input_file_ref idref="fl-a4"/>
      </object_component>
      <object_component id="oc-a8">
         <name>.cinit</name>
         <load_address>0x76a8</load_address>
         <run_address>0x76a8</run_address>
         <size>0x34</size>
         <input_file_ref idref="fl-99"/>
      </object_component>
      <object_component id="oc-92">
         <name>.cinit</name>
         <load_address>0x76e0</load_address>
         <run_address>0x76e0</run_address>
         <size>0x2c</size>
         <input_file_ref idref="fl-93"/>
      </object_component>
      <object_component id="oc-198">
         <name>.cinit</name>
         <load_address>0x7710</load_address>
         <run_address>0x7710</run_address>
         <size>0x2c</size>
         <input_file_ref idref="fl-d0"/>
      </object_component>
      <object_component id="oc-10a">
         <name>.cinit</name>
         <load_address>0x7740</load_address>
         <run_address>0x7740</run_address>
         <size>0x24</size>
         <input_file_ref idref="fl-b1"/>
      </object_component>
      <object_component id="oc-14f">
         <name>.cinit</name>
         <load_address>0x7768</load_address>
         <run_address>0x7768</run_address>
         <size>0x1c</size>
         <input_file_ref idref="fl-c0"/>
      </object_component>
      <object_component id="oc-186">
         <name>.cinit</name>
         <load_address>0x7788</load_address>
         <run_address>0x7788</run_address>
         <size>0x1c</size>
         <input_file_ref idref="fl-cc"/>
      </object_component>
      <object_component id="oc-18e">
         <name>.cinit</name>
         <load_address>0x77a8</load_address>
         <run_address>0x77a8</run_address>
         <size>0x1c</size>
         <input_file_ref idref="fl-ce"/>
      </object_component>
      <object_component id="oc-85">
         <name>.cinit</name>
         <load_address>0x77c8</load_address>
         <run_address>0x77c8</run_address>
         <size>0x18</size>
         <input_file_ref idref="fl-90"/>
      </object_component>
      <object_component id="oc-170">
         <name>.cinit</name>
         <load_address>0x77e0</load_address>
         <run_address>0x77e0</run_address>
         <size>0xc</size>
         <input_file_ref idref="fl-c7"/>
      </object_component>
      <object_component id="oc-ad">
         <name>.cinit</name>
         <load_address>0x77f0</load_address>
         <run_address>0x77f0</run_address>
         <size>0xc</size>
         <input_file_ref idref="fl-9b"/>
      </object_component>
      <object_component id="oc-66">
         <name>.cinit</name>
         <load_address>0x7800</load_address>
         <run_address>0x7800</run_address>
         <size>0xc</size>
         <input_file_ref idref="fl-4"/>
      </object_component>
      <object_component id="oc-193">
         <name>.cinit</name>
         <load_address>0x7810</load_address>
         <run_address>0x7810</run_address>
         <size>0xc</size>
         <input_file_ref idref="fl-cf"/>
      </object_component>
      <object_component id="oc-1ae">
         <name>.switch</name>
         <load_address>0x9e14</load_address>
         <run_address>0x9e14</run_address>
         <size>0x28</size>
         <input_file_ref idref="fl-b6"/>
      </object_component>
      <object_component id="oc-4a">
         <name>.gblinit</name>
         <load_address>0x9bb4</load_address>
         <run_address>0x9bb4</run_address>
         <size>0x40</size>
         <input_file_ref idref="fl-2"/>
      </object_component>
      <object_component id="oc-5b">
         <name>.sysinit</name>
         <load_address>0x9180</load_address>
         <run_address>0x9180</run_address>
         <size>0x240</size>
         <input_file_ref idref="fl-2"/>
      </object_component>
      <object_component id="oc-41">
         <name>.sysinit</name>
         <load_address>0x93c0</load_address>
         <run_address>0x93c0</run_address>
         <size>0xc0</size>
         <input_file_ref idref="fl-97"/>
      </object_component>
      <object_component id="oc-153">
         <name>.sysinit</name>
         <load_address>0x9480</load_address>
         <run_address>0x9480</run_address>
         <size>0x80</size>
         <input_file_ref idref="fl-c1"/>
      </object_component>
      <object_component id="oc-10c">
         <name>.sysinit</name>
         <load_address>0x9500</load_address>
         <run_address>0x9500</run_address>
         <size>0x20</size>
         <input_file_ref idref="fl-b1"/>
      </object_component>
      <object_component id="oc-a6">
         <name>.trcdata</name>
         <load_address>0x9e6c</load_address>
         <run_address>0x9e6c</run_address>
         <size>0xc</size>
         <input_file_ref idref="fl-98"/>
      </object_component>
      <object_component id="oc-4c">
         <name>.rtdx_data</name>
         <uninitialized>true</uninitialized>
         <run_address>0x7d1c</run_address>
         <size>0x410</size>
         <input_file_ref idref="fl-2"/>
      </object_component>
      <object_component id="oc-119">
         <name>.rtdx_data</name>
         <uninitialized>true</uninitialized>
         <run_address>0x812c</run_address>
         <size>0x20</size>
         <input_file_ref idref="fl-b4"/>
      </object_component>
      <object_component id="oc-122">
         <name>.rtdx_data</name>
         <uninitialized>true</uninitialized>
         <run_address>0x814c</run_address>
         <size>0x1c</size>
         <input_file_ref idref="fl-b6"/>
      </object_component>
      <object_component id="oc-1a0">
         <name>.rtdx_text:_RTDX_Poll</name>
         <load_address>0x5aa0</load_address>
         <run_address>0x5aa0</run_address>
         <size>0x400</size>
         <input_file_ref idref="fl-b6"/>
      </object_component>
      <object_component id="oc-1b0">
         <name>.rtdx_text:_RTDX_Buffer_WriteCB</name>
         <load_address>0x5ea0</load_address>
         <run_address>0x5ea0</run_address>
         <size>0x340</size>
         <input_file_ref idref="fl-b4"/>
      </object_component>
      <object_component id="oc-1b7">
         <name>.rtdx_text:_RTDX_write_next</name>
         <load_address>0x61e0</load_address>
         <run_address>0x61e0</run_address>
         <size>0x300</size>
         <input_file_ref idref="fl-b4"/>
      </object_component>
      <object_component id="oc-1b8">
         <name>.rtdx_text:_RTDX_Mon_Queue</name>
         <load_address>0x64e0</load_address>
         <run_address>0x64e0</run_address>
         <size>0x140</size>
         <input_file_ref idref="fl-b6"/>
      </object_component>
      <object_component id="oc-1b6">
         <name>.rtdx_text:_claim</name>
         <load_address>0x6620</load_address>
         <run_address>0x6620</run_address>
         <size>0xe0</size>
         <input_file_ref idref="fl-b4"/>
      </object_component>
      <object_component id="oc-1a5">
         <name>.rtdx_text:_RTDX_Init_RT_Monitor</name>
         <load_address>0x6700</load_address>
         <run_address>0x6700</run_address>
         <size>0x80</size>
         <input_file_ref idref="fl-b6"/>
      </object_component>
      <object_component id="oc-1a4">
         <name>.rtdx_text:_RTDX_Buffer_Initialize</name>
         <load_address>0x6780</load_address>
         <run_address>0x6780</run_address>
         <size>0x60</size>
         <input_file_ref idref="fl-b4"/>
      </object_component>
      <object_component id="oc-1af">
         <name>.rtdx_text:_RTDX_Buffer_ReadCB</name>
         <load_address>0x67e0</load_address>
         <run_address>0x67e0</run_address>
         <size>0x60</size>
         <input_file_ref idref="fl-b3"/>
      </object_component>
      <object_component id="oc-1b5">
         <name>.rtdx_text:_RTDX_Buffer_Size</name>
         <load_address>0x6840</load_address>
         <run_address>0x6840</run_address>
         <size>0x40</size>
         <input_file_ref idref="fl-b4"/>
      </object_component>
      <object_component id="oc-1b2">
         <name>.rtdx_text:_RTDX_Final_RT_Monitor</name>
         <load_address>0x6880</load_address>
         <run_address>0x6880</run_address>
         <size>0x40</size>
         <input_file_ref idref="fl-b6"/>
      </object_component>
      <object_component id="oc-1a1">
         <name>.rtdx_text:_RTDX_Buffer_Read</name>
         <load_address>0x68c0</load_address>
         <run_address>0x68c0</run_address>
         <size>0x20</size>
         <input_file_ref idref="fl-b3"/>
      </object_component>
      <object_component id="oc-1a2">
         <name>.rtdx_text:_RTDX_Buffer_Write</name>
         <load_address>0x68e0</load_address>
         <run_address>0x68e0</run_address>
         <size>0x20</size>
         <input_file_ref idref="fl-b4"/>
      </object_component>
      <object_component id="oc-1ad">
         <name>.rtdx_text:_RTDX_checksum</name>
         <load_address>0x6900</load_address>
         <run_address>0x6900</run_address>
         <size>0x20</size>
         <input_file_ref idref="fl-b6"/>
      </object_component>
      <object_component id="oc-11e">
         <name>.rtdx_text</name>
         <load_address>0x6920</load_address>
         <run_address>0x6920</run_address>
         <size>0x20</size>
         <input_file_ref idref="fl-b5"/>
      </object_component>
      <object_component id="oc-55">
         <name>.TSK_idle$stk</name>
         <uninitialized>true</uninitialized>
         <run_address>0x8968</run_address>
         <size>0x400</size>
         <input_file_ref idref="fl-2"/>
      </object_component>
      <object_component id="oc-56">
         <name>.TSK0$stk</name>
         <uninitialized>true</uninitialized>
         <run_address>0x8168</run_address>
         <size>0x400</size>
         <input_file_ref idref="fl-2"/>
      </object_component>
      <object_component id="oc-57">
         <name>.TSK2$stk</name>
         <uninitialized>true</uninitialized>
         <run_address>0x8568</run_address>
         <size>0x400</size>
         <input_file_ref idref="fl-2"/>
      </object_component>
      <object_component id="oc-58">
         <name>.LOG_system$buf</name>
         <uninitialized>true</uninitialized>
         <run_address>0x9c00</run_address>
         <size>0x100</size>
         <input_file_ref idref="fl-2"/>
      </object_component>
      <object_component id="oc-15f">
         <name>.const</name>
         <load_address>0x9d00</load_address>
         <run_address>0x9d00</run_address>
         <size>0x4e</size>
         <input_file_ref idref="fl-c3"/>
      </object_component>
      <object_component id="oc-8a">
         <name>.const</name>
         <load_address>0x9d4e</load_address>
         <run_address>0x9d4e</run_address>
         <size>0x23</size>
         <input_file_ref idref="fl-91"/>
      </object_component>
      <object_component id="oc-8e">
         <name>.const</name>
         <load_address>0x9d71</load_address>
         <run_address>0x9d71</run_address>
         <size>0x22</size>
         <input_file_ref idref="fl-92"/>
      </object_component>
      <object_component id="oc-e0">
         <name>.const</name>
         <load_address>0x9d94</load_address>
         <run_address>0x9d94</run_address>
         <size>0x20</size>
         <input_file_ref idref="fl-a7"/>
      </object_component>
      <object_component id="oc-143">
         <name>.const</name>
         <load_address>0x9db4</load_address>
         <run_address>0x9db4</run_address>
         <size>0x1</size>
         <input_file_ref idref="fl-bd"/>
      </object_component>
      <object_component id="oc-50">
         <name>.printf</name>
         <load_address>0x9db5</load_address>
         <run_address>0x9db5</run_address>
         <size>0x51</size>
         <input_file_ref idref="fl-2"/>
      </object_component>
      <object_component id="oc-a2">
         <name>.args</name>
         <load_address>0x9e80</load_address>
         <run_address>0x9e80</run_address>
         <size>0x0</size>
         <input_file_ref idref="fl-97"/>
      </object_component>
      <object_component id="oc-35">
         <name>_SYS_PUTCBEG</name>
         <load_address>0x983c</load_address>
         <run_address>0x983c</run_address>
         <size>0x0</size>
      </object_component>
      <object_component id="oc-37">
         <name>_SYS_PUTCEND</name>
         <load_address>0x9a3c</load_address>
         <run_address>0x9a3c</run_address>
         <size>0x0</size>
      </object_component>
      <object_component id="oc-59">
         <name>.log</name>
         <load_address>0x9168</load_address>
         <run_address>0x9168</run_address>
         <size>0x18</size>
         <input_file_ref idref="fl-2"/>
      </object_component>
      <object_component id="oc-51">
         <name>.sts</name>
         <load_address>0x9db8</load_address>
         <run_address>0x9db8</run_address>
         <size>0x30</size>
         <input_file_ref idref="fl-2"/>
      </object_component>
      <object_component id="oc-3d">
         <name>GBL_stackbeg</name>
         <uninitialized>true</uninitialized>
         <run_address>0x8d68</run_address>
         <size>0x0</size>
      </object_component>
      <object_component id="oc-a3">
         <name>.stack</name>
         <uninitialized>true</uninitialized>
         <run_address>0x8d68</run_address>
         <size>0x0</size>
         <input_file_ref idref="fl-97"/>
      </object_component>
      <object_component id="oc-1f3">
         <name>.stack</name>
         <uninitialized>true</uninitialized>
         <run_address>0x8d68</run_address>
         <size>0x0</size>
      </object_component>
      <object_component id="oc-5f">
         <name>.debug_info</name>
         <load_address>0x0</load_address>
         <run_address>0x0</run_address>
         <size>0x300</size>
         <input_file_ref idref="fl-2"/>
      </object_component>
      <object_component id="oc-62">
         <name>.debug_info</name>
         <load_address>0x300</load_address>
         <run_address>0x300</run_address>
         <size>0x5b0</size>
         <input_file_ref idref="fl-3"/>
      </object_component>
      <object_component id="oc-65">
         <name>.debug_info</name>
         <load_address>0x8b0</load_address>
         <run_address>0x8b0</run_address>
         <size>0x1211</size>
         <input_file_ref idref="fl-4"/>
      </object_component>
      <object_component id="oc-6a">
         <name>.debug_info</name>
         <load_address>0x1ac1</load_address>
         <run_address>0x1ac1</run_address>
         <size>0xf8</size>
         <input_file_ref idref="fl-89"/>
      </object_component>
      <object_component id="oc-70">
         <name>.debug_info</name>
         <load_address>0x1bb9</load_address>
         <run_address>0x1bb9</run_address>
         <size>0xb9</size>
         <input_file_ref idref="fl-8b"/>
      </object_component>
      <object_component id="oc-76">
         <name>.debug_info</name>
         <load_address>0x1c72</load_address>
         <run_address>0x1c72</run_address>
         <size>0x1a5</size>
         <input_file_ref idref="fl-8c"/>
      </object_component>
      <object_component id="oc-7b">
         <name>.debug_info</name>
         <load_address>0x1e17</load_address>
         <run_address>0x1e17</run_address>
         <size>0x13c</size>
         <input_file_ref idref="fl-8d"/>
      </object_component>
      <object_component id="oc-7e">
         <name>.debug_info</name>
         <load_address>0x1f53</load_address>
         <run_address>0x1f53</run_address>
         <size>0x607</size>
         <input_file_ref idref="fl-8e"/>
      </object_component>
      <object_component id="oc-81">
         <name>.debug_info</name>
         <load_address>0x255a</load_address>
         <run_address>0x255a</run_address>
         <size>0x6f0</size>
         <input_file_ref idref="fl-8f"/>
      </object_component>
      <object_component id="oc-84">
         <name>.debug_info</name>
         <load_address>0x2c4a</load_address>
         <run_address>0x2c4a</run_address>
         <size>0xf1f</size>
         <input_file_ref idref="fl-90"/>
      </object_component>
      <object_component id="oc-89">
         <name>.debug_info</name>
         <load_address>0x3b69</load_address>
         <run_address>0x3b69</run_address>
         <size>0x7fd</size>
         <input_file_ref idref="fl-91"/>
      </object_component>
      <object_component id="oc-8d">
         <name>.debug_info</name>
         <load_address>0x4366</load_address>
         <run_address>0x4366</run_address>
         <size>0x7ea</size>
         <input_file_ref idref="fl-92"/>
      </object_component>
      <object_component id="oc-91">
         <name>.debug_info</name>
         <load_address>0x4b50</load_address>
         <run_address>0x4b50</run_address>
         <size>0x6d9</size>
         <input_file_ref idref="fl-93"/>
      </object_component>
      <object_component id="oc-96">
         <name>.debug_info</name>
         <load_address>0x5229</load_address>
         <run_address>0x5229</run_address>
         <size>0x690</size>
         <input_file_ref idref="fl-94"/>
      </object_component>
      <object_component id="oc-9a">
         <name>.debug_info</name>
         <load_address>0x58b9</load_address>
         <run_address>0x58b9</run_address>
         <size>0x112</size>
         <input_file_ref idref="fl-95"/>
      </object_component>
      <object_component id="oc-9e">
         <name>.debug_info</name>
         <load_address>0x59cb</load_address>
         <run_address>0x59cb</run_address>
         <size>0x106</size>
         <input_file_ref idref="fl-96"/>
      </object_component>
      <object_component id="oc-a1">
         <name>.debug_info</name>
         <load_address>0x5ad1</load_address>
         <run_address>0x5ad1</run_address>
         <size>0x65a</size>
         <input_file_ref idref="fl-97"/>
      </object_component>
      <object_component id="oc-aa">
         <name>.debug_info</name>
         <load_address>0x612b</load_address>
         <run_address>0x612b</run_address>
         <size>0xaa</size>
         <input_file_ref idref="fl-9a"/>
      </object_component>
      <object_component id="oc-af">
         <name>.debug_info</name>
         <load_address>0x61d5</load_address>
         <run_address>0x61d5</run_address>
         <size>0x11b</size>
         <input_file_ref idref="fl-9b"/>
      </object_component>
      <object_component id="oc-b3">
         <name>.debug_info</name>
         <load_address>0x62f0</load_address>
         <run_address>0x62f0</run_address>
         <size>0xaa</size>
         <input_file_ref idref="fl-9c"/>
      </object_component>
      <object_component id="oc-b7">
         <name>.debug_info</name>
         <load_address>0x639a</load_address>
         <run_address>0x639a</run_address>
         <size>0x10c</size>
         <input_file_ref idref="fl-9d"/>
      </object_component>
      <object_component id="oc-bb">
         <name>.debug_info</name>
         <load_address>0x64a6</load_address>
         <run_address>0x64a6</run_address>
         <size>0xd8</size>
         <input_file_ref idref="fl-9e"/>
      </object_component>
      <object_component id="oc-bf">
         <name>.debug_info</name>
         <load_address>0x657e</load_address>
         <run_address>0x657e</run_address>
         <size>0x106</size>
         <input_file_ref idref="fl-9f"/>
      </object_component>
      <object_component id="oc-c3">
         <name>.debug_info</name>
         <load_address>0x6684</load_address>
         <run_address>0x6684</run_address>
         <size>0x60b</size>
         <input_file_ref idref="fl-a0"/>
      </object_component>
      <object_component id="oc-c6">
         <name>.debug_info</name>
         <load_address>0x6c8f</load_address>
         <run_address>0x6c8f</run_address>
         <size>0x5e5</size>
         <input_file_ref idref="fl-a1"/>
      </object_component>
      <object_component id="oc-c9">
         <name>.debug_info</name>
         <load_address>0x7274</load_address>
         <run_address>0x7274</run_address>
         <size>0xb4</size>
         <input_file_ref idref="fl-a2"/>
      </object_component>
      <object_component id="oc-cd">
         <name>.debug_info</name>
         <load_address>0x7328</load_address>
         <run_address>0x7328</run_address>
         <size>0xb1</size>
         <input_file_ref idref="fl-a3"/>
      </object_component>
      <object_component id="oc-d3">
         <name>.debug_info</name>
         <load_address>0x73d9</load_address>
         <run_address>0x73d9</run_address>
         <size>0xa13</size>
         <input_file_ref idref="fl-a4"/>
      </object_component>
      <object_component id="oc-d7">
         <name>.debug_info</name>
         <load_address>0x7dec</load_address>
         <run_address>0x7dec</run_address>
         <size>0x4c3</size>
         <input_file_ref idref="fl-a5"/>
      </object_component>
      <object_component id="oc-dc">
         <name>.debug_info</name>
         <load_address>0x82af</load_address>
         <run_address>0x82af</run_address>
         <size>0x60b</size>
         <input_file_ref idref="fl-a6"/>
      </object_component>
      <object_component id="oc-e2">
         <name>.debug_info</name>
         <load_address>0x88ba</load_address>
         <run_address>0x88ba</run_address>
         <size>0x8a7</size>
         <input_file_ref idref="fl-a7"/>
      </object_component>
      <object_component id="oc-e4">
         <name>.debug_info</name>
         <load_address>0x9161</load_address>
         <run_address>0x9161</run_address>
         <size>0x7ee</size>
         <input_file_ref idref="fl-a8"/>
      </object_component>
      <object_component id="oc-e9">
         <name>.debug_info</name>
         <load_address>0x994f</load_address>
         <run_address>0x994f</run_address>
         <size>0xb9</size>
         <input_file_ref idref="fl-a9"/>
      </object_component>
      <object_component id="oc-ed">
         <name>.debug_info</name>
         <load_address>0x9a08</load_address>
         <run_address>0x9a08</run_address>
         <size>0x116</size>
         <input_file_ref idref="fl-aa"/>
      </object_component>
      <object_component id="oc-f1">
         <name>.debug_info</name>
         <load_address>0x9b1e</load_address>
         <run_address>0x9b1e</run_address>
         <size>0xbd9</size>
         <input_file_ref idref="fl-ab"/>
      </object_component>
      <object_component id="oc-f5">
         <name>.debug_info</name>
         <load_address>0xa6f7</load_address>
         <run_address>0xa6f7</run_address>
         <size>0xbb1</size>
         <input_file_ref idref="fl-ac"/>
      </object_component>
      <object_component id="oc-fa">
         <name>.debug_info</name>
         <load_address>0xb2a8</load_address>
         <run_address>0xb2a8</run_address>
         <size>0x109</size>
         <input_file_ref idref="fl-ad"/>
      </object_component>
      <object_component id="oc-fd">
         <name>.debug_info</name>
         <load_address>0xb3b1</load_address>
         <run_address>0xb3b1</run_address>
         <size>0x8c8</size>
         <input_file_ref idref="fl-ae"/>
      </object_component>
      <object_component id="oc-101">
         <name>.debug_info</name>
         <load_address>0xbc79</load_address>
         <run_address>0xbc79</run_address>
         <size>0x981</size>
         <input_file_ref idref="fl-af"/>
      </object_component>
      <object_component id="oc-105">
         <name>.debug_info</name>
         <load_address>0xc5fa</load_address>
         <run_address>0xc5fa</run_address>
         <size>0xe4a</size>
         <input_file_ref idref="fl-b0"/>
      </object_component>
      <object_component id="oc-109">
         <name>.debug_info</name>
         <load_address>0xd444</load_address>
         <run_address>0xd444</run_address>
         <size>0x6b8</size>
         <input_file_ref idref="fl-b1"/>
      </object_component>
      <object_component id="oc-110">
         <name>.debug_info</name>
         <load_address>0xdafc</load_address>
         <run_address>0xdafc</run_address>
         <size>0x13e</size>
         <input_file_ref idref="fl-b2"/>
      </object_component>
      <object_component id="oc-113">
         <name>.debug_info</name>
         <load_address>0xdc3a</load_address>
         <run_address>0xdc3a</run_address>
         <size>0xa7f</size>
         <input_file_ref idref="fl-b3"/>
      </object_component>
      <object_component id="oc-117">
         <name>.debug_info</name>
         <load_address>0xe6b9</load_address>
         <run_address>0xe6b9</run_address>
         <size>0x1201</size>
         <input_file_ref idref="fl-b4"/>
      </object_component>
      <object_component id="oc-11d">
         <name>.debug_info</name>
         <load_address>0xf8ba</load_address>
         <run_address>0xf8ba</run_address>
         <size>0x5c1</size>
         <input_file_ref idref="fl-b5"/>
      </object_component>
      <object_component id="oc-121">
         <name>.debug_info</name>
         <load_address>0xfe7b</load_address>
         <run_address>0xfe7b</run_address>
         <size>0xc80</size>
         <input_file_ref idref="fl-b6"/>
      </object_component>
      <object_component id="oc-127">
         <name>.debug_info</name>
         <load_address>0x10afb</load_address>
         <run_address>0x10afb</run_address>
         <size>0xc0</size>
         <input_file_ref idref="fl-b7"/>
      </object_component>
      <object_component id="oc-12a">
         <name>.debug_info</name>
         <load_address>0x10bbb</load_address>
         <run_address>0x10bbb</run_address>
         <size>0x1032</size>
         <input_file_ref idref="fl-b8"/>
      </object_component>
      <object_component id="oc-12f">
         <name>.debug_info</name>
         <load_address>0x11bed</load_address>
         <run_address>0x11bed</run_address>
         <size>0xbd</size>
         <input_file_ref idref="fl-b9"/>
      </object_component>
      <object_component id="oc-132">
         <name>.debug_info</name>
         <load_address>0x11caa</load_address>
         <run_address>0x11caa</run_address>
         <size>0xc5e</size>
         <input_file_ref idref="fl-ba"/>
      </object_component>
      <object_component id="oc-137">
         <name>.debug_info</name>
         <load_address>0x12908</load_address>
         <run_address>0x12908</run_address>
         <size>0xaa</size>
         <input_file_ref idref="fl-bb"/>
      </object_component>
      <object_component id="oc-13d">
         <name>.debug_info</name>
         <load_address>0x129b2</load_address>
         <run_address>0x129b2</run_address>
         <size>0x93b</size>
         <input_file_ref idref="fl-bc"/>
      </object_component>
      <object_component id="oc-140">
         <name>.debug_info</name>
         <load_address>0x132ed</load_address>
         <run_address>0x132ed</run_address>
         <size>0xa57</size>
         <input_file_ref idref="fl-bd"/>
      </object_component>
      <object_component id="oc-145">
         <name>.debug_info</name>
         <load_address>0x13d44</load_address>
         <run_address>0x13d44</run_address>
         <size>0xda7</size>
         <input_file_ref idref="fl-be"/>
      </object_component>
      <object_component id="oc-149">
         <name>.debug_info</name>
         <load_address>0x14aeb</load_address>
         <run_address>0x14aeb</run_address>
         <size>0x7a6</size>
         <input_file_ref idref="fl-bf"/>
      </object_component>
      <object_component id="oc-14e">
         <name>.debug_info</name>
         <load_address>0x15291</load_address>
         <run_address>0x15291</run_address>
         <size>0x659</size>
         <input_file_ref idref="fl-c0"/>
      </object_component>
      <object_component id="oc-152">
         <name>.debug_info</name>
         <load_address>0x158ea</load_address>
         <run_address>0x158ea</run_address>
         <size>0x970</size>
         <input_file_ref idref="fl-c1"/>
      </object_component>
      <object_component id="oc-156">
         <name>.debug_info</name>
         <load_address>0x1625a</load_address>
         <run_address>0x1625a</run_address>
         <size>0xcf1</size>
         <input_file_ref idref="fl-c2"/>
      </object_component>
      <object_component id="oc-15b">
         <name>.debug_info</name>
         <load_address>0x16f4b</load_address>
         <run_address>0x16f4b</run_address>
         <size>0xfe5</size>
         <input_file_ref idref="fl-c3"/>
      </object_component>
      <object_component id="oc-162">
         <name>.debug_info</name>
         <load_address>0x17f30</load_address>
         <run_address>0x17f30</run_address>
         <size>0xbb3</size>
         <input_file_ref idref="fl-c4"/>
      </object_component>
      <object_component id="oc-167">
         <name>.debug_info</name>
         <load_address>0x18ae3</load_address>
         <run_address>0x18ae3</run_address>
         <size>0xb6</size>
         <input_file_ref idref="fl-c5"/>
      </object_component>
      <object_component id="oc-16a">
         <name>.debug_info</name>
         <load_address>0x18b99</load_address>
         <run_address>0x18b99</run_address>
         <size>0x723</size>
         <input_file_ref idref="fl-c6"/>
      </object_component>
      <object_component id="oc-16f">
         <name>.debug_info</name>
         <load_address>0x192bc</load_address>
         <run_address>0x192bc</run_address>
         <size>0xdd7</size>
         <input_file_ref idref="fl-c7"/>
      </object_component>
      <object_component id="oc-178">
         <name>.debug_info</name>
         <load_address>0x1a093</load_address>
         <run_address>0x1a093</run_address>
         <size>0x9ee</size>
         <input_file_ref idref="fl-c8"/>
      </object_component>
      <object_component id="oc-17a">
         <name>.debug_info</name>
         <load_address>0x1aa81</load_address>
         <run_address>0x1aa81</run_address>
         <size>0xd12</size>
         <input_file_ref idref="fl-c9"/>
      </object_component>
      <object_component id="oc-17e">
         <name>.debug_info</name>
         <load_address>0x1b793</load_address>
         <run_address>0x1b793</run_address>
         <size>0x821</size>
         <input_file_ref idref="fl-ca"/>
      </object_component>
      <object_component id="oc-182">
         <name>.debug_info</name>
         <load_address>0x1bfb4</load_address>
         <run_address>0x1bfb4</run_address>
         <size>0xd3</size>
         <input_file_ref idref="fl-cb"/>
      </object_component>
      <object_component id="oc-185">
         <name>.debug_info</name>
         <load_address>0x1c087</load_address>
         <run_address>0x1c087</run_address>
         <size>0x721</size>
         <input_file_ref idref="fl-cc"/>
      </object_component>
      <object_component id="oc-18a">
         <name>.debug_info</name>
         <load_address>0x1c7a8</load_address>
         <run_address>0x1c7a8</run_address>
         <size>0xd9</size>
         <input_file_ref idref="fl-cd"/>
      </object_component>
      <object_component id="oc-18d">
         <name>.debug_info</name>
         <load_address>0x1c881</load_address>
         <run_address>0x1c881</run_address>
         <size>0x7f4</size>
         <input_file_ref idref="fl-ce"/>
      </object_component>
      <object_component id="oc-192">
         <name>.debug_info</name>
         <load_address>0x1d075</load_address>
         <run_address>0x1d075</run_address>
         <size>0x86b</size>
         <input_file_ref idref="fl-cf"/>
      </object_component>
      <object_component id="oc-197">
         <name>.debug_info</name>
         <load_address>0x1d8e0</load_address>
         <run_address>0x1d8e0</run_address>
         <size>0x6e1</size>
         <input_file_ref idref="fl-d0"/>
      </object_component>
      <object_component id="oc-19c">
         <name>.debug_info</name>
         <load_address>0x1dfc1</load_address>
         <run_address>0x1dfc1</run_address>
         <size>0x791</size>
[...]
         <name>_DSK6713_version</name>
         <value>0x7d18</value>
         <object_component_ref idref="oc-df"/>
      </symbol>
      <symbol id="sm-42a">
         <name>_DSK6713_rget</name>
         <value>0x4348</value>
         <object_component_ref idref="oc-de"/>
      </symbol>
      <symbol id="sm-42b">
         <name>_DSK6713_wait</name>
         <value>0x4370</value>
         <object_component_ref idref="oc-de"/>
      </symbol>
      <symbol id="sm-42c">
         <name>_DSK6713_rset</name>
         <value>0x435c</value>
         <object_component_ref idref="oc-de"/>
      </symbol>
      <symbol id="sm-42d">
         <name>_DSK6713_waitusec</name>
         <value>0x43c8</value>
         <object_component_ref idref="oc-de"/>
      </symbol>
      <symbol id="sm-42e">
         <name>_DSK6713_getVersion</name>
         <value>0x43f4</value>
         <object_component_ref idref="oc-de"/>
      </symbol>
      <symbol id="sm-438">
         <name>_GBL_cslCacheInit</name>
         <value>0x32c0</value>
         <object_component_ref idref="oc-e5"/>
      </symbol>
      <symbol id="sm-440">
         <name>GBL_A_VERSION</name>
         <value>0x5205</value>
      </symbol>
      <symbol id="sm-441">
         <name>_GBL_getVersion</name>
         <value>0x3f40</value>
         <object_component_ref idref="oc-e8"/>
      </symbol>
      <symbol id="sm-449">
         <name>_HWI_restore</name>
         <value>0x3c8c</value>
         <object_component_ref idref="oc-ec"/>
      </symbol>
      <symbol id="sm-44a">
         <name>_HWI_enable</name>
         <value>0x3c78</value>
         <object_component_ref idref="oc-ec"/>
      </symbol>
      <symbol id="sm-44b">
         <name>_HWI_disable</name>
         <value>0x3c60</value>
         <object_component_ref idref="oc-ec"/>
      </symbol>
      <symbol id="sm-457">
         <name>_KNL_maxqueue</name>
         <value>0x97b8</value>
         <object_component_ref idref="oc-f0"/>
      </symbol>
      <symbol id="sm-458">
         <name>_KNL_inactive</name>
         <value>0x9798</value>
         <object_component_ref idref="oc-f0"/>
      </symbol>
      <symbol id="sm-459">
         <name>_KNL_tswitchfxn</name>
         <value>0x97bc</value>
         <object_component_ref idref="oc-f0"/>
      </symbol>
      <symbol id="sm-45a">
         <name>_KNL_setpri</name>
         <value>0x9794</value>
         <object_component_ref idref="oc-f0"/>
      </symbol>
      <symbol id="sm-45b">
         <name>_KNL_swiptr</name>
         <value>0x97b0</value>
         <object_component_ref idref="oc-f0"/>
      </symbol>
      <symbol id="sm-45c">
         <name>_KNL_dummy</name>
         <value>0x7b40</value>
         <object_component_ref idref="oc-f3"/>
      </symbol>
      <symbol id="sm-45d">
         <name>_KNL_curtask</name>
         <value>0x97a4</value>
         <object_component_ref idref="oc-f0"/>
      </symbol>
      <symbol id="sm-45e">
         <name>_KNL_curqueue</name>
         <value>0x97b4</value>
         <object_component_ref idref="oc-f0"/>
      </symbol>
      <symbol id="sm-45f">
         <name>_KNL_wList</name>
         <value>0x978c</value>
         <object_component_ref idref="oc-f0"/>
      </symbol>
      <symbol id="sm-460">
         <name>_KNL_curtime</name>
         <value>0x97ac</value>
         <object_component_ref idref="oc-f0"/>
      </symbol>
      <symbol id="sm-461">
         <name>_KNL_set</name>
         <value>0x97a0</value>
         <object_component_ref idref="oc-f0"/>
      </symbol>
      <symbol id="sm-462">
         <name>_KNL_alarm</name>
         <value>0x9790</value>
         <object_component_ref idref="oc-f0"/>
      </symbol>
      <symbol id="sm-463">
         <name>_KNL_prevtask</name>
         <value>0x97a8</value>
         <object_component_ref idref="oc-f0"/>
      </symbol>
      <symbol id="sm-464">
         <name>_KNL_queues</name>
         <value>0x7aa0</value>
         <object_component_ref idref="oc-f3"/>
      </symbol>
      <symbol id="sm-465">
         <name>_KNL_idlefxn</name>
         <value>0x97cc</value>
         <object_component_ref idref="oc-f0"/>
      </symbol>
      <symbol id="sm-466">
         <name>_KNL_priority</name>
         <value>0x979c</value>
         <object_component_ref idref="oc-f0"/>
      </symbol>
      <symbol id="sm-467">
         <name>_KNL_treadyfxn</name>
         <value>0x97c8</value>
         <object_component_ref idref="oc-f0"/>
      </symbol>
      <symbol id="sm-468">
         <name>_KNL_tcreatefxn</name>
         <value>0x97c0</value>
         <object_component_ref idref="oc-f0"/>
      </symbol>
      <symbol id="sm-469">
         <name>_KNL_wFlag</name>
         <value>0x9788</value>
         <object_component_ref idref="oc-f0"/>
      </symbol>
      <symbol id="sm-46a">
         <name>_KNL_tdeletefxn</name>
         <value>0x97c4</value>
         <object_component_ref idref="oc-f0"/>
      </symbol>
      <symbol id="sm-474">
         <name>_KNL_exit</name>
         <value>0x33a0</value>
         <object_component_ref idref="oc-f6"/>
      </symbol>
      <symbol id="sm-475">
         <name>_KNL_enter</name>
         <value>0x33f4</value>
         <object_component_ref idref="oc-f6"/>
      </symbol>
      <symbol id="sm-47d">
         <name>__KNL_lat1beg</name>
         <value>0x31d0</value>
         <object_component_ref idref="oc-f9"/>
      </symbol>
      <symbol id="sm-47e">
         <name>__KNL_lat1end</name>
         <value>0x3258</value>
         <object_component_ref idref="oc-f9"/>
      </symbol>
      <symbol id="sm-47f">
         <name>_KNL_max</name>
         <value>0x327c</value>
         <object_component_ref idref="oc-f9"/>
      </symbol>
      <symbol id="sm-480">
         <name>_KNL_check</name>
         <value>0x3180</value>
         <object_component_ref idref="oc-f9"/>
      </symbol>
      <symbol id="sm-481">
         <name>_KNL_idle</name>
         <value>0x3258</value>
         <object_component_ref idref="oc-f9"/>
      </symbol>
      <symbol id="sm-48b">
         <name>_KNL_post</name>
         <value>0x37e0</value>
         <object_component_ref idref="oc-fe"/>
      </symbol>
      <symbol id="sm-495">
         <name>_KNL_ipost</name>
         <value>0x3720</value>
         <object_component_ref idref="oc-102"/>
      </symbol>
      <symbol id="sm-49f">
         <name>_KNL_run</name>
         <value>0x1b20</value>
         <object_component_ref idref="oc-106"/>
      </symbol>
      <symbol id="sm-4ad">
         <name>_OBJ_table</name>
         <value>0x7bd4</value>
         <object_component_ref idref="oc-10b"/>
      </symbol>
      <symbol id="sm-4ae">
         <name>_OBJ_init</name>
         <value>0x9500</value>
         <object_component_ref idref="oc-10c"/>
      </symbol>
      <symbol id="sm-4af">
         <name>_OBJ_segtab</name>
         <value>0x7c0c</value>
         <object_component_ref idref="oc-10b"/>
      </symbol>
      <symbol id="sm-4b7">
         <name>_PRD_tick</name>
         <value>0x3498</value>
         <object_component_ref idref="oc-10f"/>
      </symbol>
      <symbol id="sm-4b8">
         <name>_PRD_start</name>
         <value>0x34c4</value>
         <object_component_ref idref="oc-10f"/>
      </symbol>
      <symbol id="sm-4b9">
         <name>_PRD_getticks</name>
         <value>0x3480</value>
         <object_component_ref idref="oc-10f"/>
      </symbol>
      <symbol id="sm-4ba">
         <name>_PRD_stop</name>
         <value>0x3538</value>
         <object_component_ref idref="oc-10f"/>
      </symbol>
      <symbol id="sm-4c6">
         <name>_RTDX_Buffer_ReadCB</name>
         <value>0x67e0</value>
         <object_component_ref idref="oc-1af"/>
      </symbol>
      <symbol id="sm-4c7">
         <name>RTDX_NORMALIZED_HDR</name>
         <value>0x1</value>
      </symbol>
      <symbol id="sm-4c8">
         <name>_RTDX_Buffer_Read</name>
         <value>0x68c0</value>
         <object_component_ref idref="oc-1a1"/>
      </symbol>
      <symbol id="sm-4e4">
         <name>_rtdx_buffer_state</name>
         <value>0x812c</value>
         <object_component_ref idref="oc-119"/>
      </symbol>
      <symbol id="sm-4e5">
         <name>_RTDX_Buffer_WriteCB</name>
         <value>0x5ea0</value>
         <object_component_ref idref="oc-1b0"/>
      </symbol>
      <symbol id="sm-4e6">
         <name>_rtdxNullChanCnt</name>
         <value>0x9808</value>
         <object_component_ref idref="oc-116"/>
      </symbol>
      <symbol id="sm-4e7">
         <name>_RTDX_writing</name>
         <value>0x8138</value>
         <object_component_ref idref="oc-119"/>
      </symbol>
      <symbol id="sm-4e8">
         <name>_RTDX_Buffer_Initialize</name>
         <value>0x6780</value>
         <object_component_ref idref="oc-1a4"/>
      </symbol>
      <symbol id="sm-4e9">
         <name>_RTDX_Buffer_Write</name>
         <value>0x68e0</value>
         <object_component_ref idref="oc-1a2"/>
      </symbol>
      <symbol id="sm-4ea">
         <name>_rtdxNullFuncCnt</name>
         <value>0x980c</value>
         <object_component_ref idref="oc-116"/>
      </symbol>
      <symbol id="sm-4eb">
         <name>_RTDX_Buffer_Size</name>
         <value>0x6840</value>
         <object_component_ref idref="oc-1b5"/>
      </symbol>
      <symbol id="sm-4f5">
         <name>_RTDX_Mask_IER</name>
         <value>0x6920</value>
         <object_component_ref idref="oc-11e"/>
      </symbol>
      <symbol id="sm-50d">
         <name>_RTDX_Mon_Queue</name>
         <value>0x64e0</value>
         <object_component_ref idref="oc-1b8"/>
      </symbol>
      <symbol id="sm-50e">
         <name>_rtdx_mon_state</name>
         <value>0x814c</value>
         <object_component_ref idref="oc-122"/>
      </symbol>
      <symbol id="sm-50f">
         <name>_RTDX_JTAGONLY</name>
         <value>0x2</value>
      </symbol>
      <symbol id="sm-510">
         <name>_RTDX_Final_RT_Monitor</name>
         <value>0x6880</value>
         <object_component_ref idref="oc-1b2"/>
      </symbol>
      <symbol id="sm-511">
         <name>_RTDX_Poll</name>
         <value>0x5aa0</value>
         <object_component_ref idref="oc-1a0"/>
      </symbol>
      <symbol id="sm-512">
         <name>_RTDX_Init_RT_Monitor</name>
         <value>0x6700</value>
         <object_component_ref idref="oc-1a5"/>
      </symbol>
      <symbol id="sm-51a">
         <name>_SEM_pendBinary</name>
         <value>0x3cc0</value>
         <object_component_ref idref="oc-126"/>
      </symbol>
      <symbol id="sm-524">
         <name>_SEM_pendEnterKnl</name>
         <value>0x1de0</value>
         <object_component_ref idref="oc-12b"/>
      </symbol>
      <symbol id="sm-52c">
         <name>_SEM_postBinary</name>
         <value>0x3640</value>
         <object_component_ref idref="oc-12e"/>
      </symbol>
      <symbol id="sm-52d">
         <name>_SEM_post</name>
         <value>0x3640</value>
         <object_component_ref idref="oc-12e"/>
      </symbol>
      <symbol id="sm-537">
         <name>_SEM_postEnterKnl</name>
         <value>0x3560</value>
         <object_component_ref idref="oc-133"/>
      </symbol>
      <symbol id="sm-53f">
         <name>_STS_set</name>
         <value>0x3f80</value>
         <object_component_ref idref="oc-136"/>
      </symbol>
      <symbol id="sm-54f">
         <name>_TIMER_reset</name>
         <value>0x53e0</value>
         <object_component_ref idref="oc-1bb"/>
      </symbol>
      <symbol id="sm-550">
         <name>_TIMER_open</name>
         <value>0x52a0</value>
         <object_component_ref idref="oc-1b4"/>
      </symbol>
      <symbol id="sm-551">
         <name>__TIMER_hDev0</name>
         <value>0x7cb8</value>
         <object_component_ref idref="oc-13b"/>
      </symbol>
      <symbol id="sm-552">
         <name>__TIMER_hDev1</name>
         <value>0x7cbc</value>
         <object_component_ref idref="oc-13b"/>
      </symbol>
      <symbol id="sm-553">
         <name>__TIMER_hBios</name>
         <value>0x7cc0</value>
         <object_component_ref idref="oc-13b"/>
      </symbol>
      <symbol id="sm-554">
         <name>__TIMER_deviceTable</name>
         <value>0x7ca0</value>
         <object_component_ref idref="oc-13b"/>
      </symbol>
      <symbol id="sm-562">
         <name>_TSK_nTasks</name>
         <value>0x9810</value>
         <object_component_ref idref="oc-13f"/>
      </symbol>
      <symbol id="sm-563">
         <name>_TSK_config</name>
         <value>0x7b94</value>
         <object_component_ref idref="oc-142"/>
      </symbol>
      <symbol id="sm-564">
         <name>_TSK</name>
         <value>0x9818</value>
         <object_component_ref idref="oc-13f"/>
      </symbol>
      <symbol id="sm-565">
         <name>_TSK_timerSem</name>
         <value>0x7bb4</value>
         <object_component_ref idref="oc-142"/>
      </symbol>
      <symbol id="sm-566">
         <name>_TSK_pid</name>
         <value>0x9814</value>
         <object_component_ref idref="oc-13f"/>
      </symbol>
      <symbol id="sm-567">
         <name>_TSK_ATTRS</name>
         <value>0x7b78</value>
         <object_component_ref idref="oc-142"/>
      </symbol>
      <symbol id="sm-571">
         <name>_TSK_exit</name>
         <value>0x2ce0</value>
         <object_component_ref idref="oc-146"/>
      </symbol>
      <symbol id="sm-57b">
         <name>_SYS_exit</name>
         <value>0x3960</value>
         <object_component_ref idref="oc-14a"/>
      </symbol>
      <symbol id="sm-587">
         <name>_SYS_exitStack</name>
         <value>0x7cc4</value>
         <object_component_ref idref="oc-150"/>
      </symbol>
      <symbol id="sm-588">
         <name>_SYS_exitStackPtr</name>
         <value>0x9824</value>
         <object_component_ref idref="oc-14d"/>
      </symbol>
      <symbol id="sm-589">
         <name>_SYS_exitStackTop</name>
         <value>0x9828</value>
         <object_component_ref idref="oc-14d"/>
      </symbol>
      <symbol id="sm-593">
         <name>_TSK_init</name>
         <value>0x9480</value>
         <object_component_ref idref="oc-153"/>
      </symbol>
      <symbol id="sm-59d">
         <name>_TSK_setup</name>
         <value>0x2760</value>
         <object_component_ref idref="oc-157"/>
      </symbol>
      <symbol id="sm-5af">
         <name>__MEM_mutex</name>
         <value>0x7c50</value>
         <object_component_ref idref="oc-15d"/>
      </symbol>
      <symbol id="sm-5b0">
         <name>_TSK_startup</name>
         <value>0x30c0</value>
         <object_component_ref idref="oc-15e"/>
      </symbol>
      <symbol id="sm-5b1">
         <name>__TSK_mutex</name>
         <value>0x7c28</value>
         <object_component_ref idref="oc-15d"/>
      </symbol>
      <symbol id="sm-5bb">
         <name>_LCK_pend</name>
         <value>0x38d0</value>
         <object_component_ref idref="oc-163"/>
      </symbol>
      <symbol id="sm-5bc">
         <name>_LCK_post</name>
         <value>0x38a0</value>
         <object_component_ref idref="oc-163"/>
      </symbol>
      <symbol id="sm-5c4">
         <name>_SEM_pend</name>
         <value>0x3d20</value>
         <object_component_ref idref="oc-166"/>
      </symbol>
      <symbol id="sm-5ce">
         <name>_SYS_abort</name>
         <value>0x3d80</value>
         <object_component_ref idref="oc-16b"/>
      </symbol>
      <symbol id="sm-5dc">
         <name>__GBL_setL2CacheMode</name>
         <value>0xc34</value>
         <object_component_ref idref="oc-171"/>
      </symbol>
      <symbol id="sm-5ee">
         <name>__IRQ_eventTable</name>
         <value>0x79d4</value>
         <object_component_ref idref="oc-176"/>
      </symbol>
      <symbol id="sm-5ef">
         <name>__IRQ_intTable</name>
         <value>0x7a58</value>
         <object_component_ref idref="oc-176"/>
      </symbol>
      <symbol id="sm-5f0">
         <name>__IRQ_init</name>
         <value>0x58a0</value>
         <object_component_ref idref="oc-1b3"/>
      </symbol>
      <symbol id="sm-5f1">
         <name>__IRQ_dispatchTable</name>
         <value>0x7a98</value>
         <object_component_ref idref="oc-176"/>
      </symbol>
      <symbol id="sm-5f2">
         <name>__IRQ_hookFetchPacket</name>
         <value>0x5a80</value>
         <object_component_ref idref="oc-174"/>
      </symbol>
      <symbol id="sm-5fc">
         <name>__SEM_dopost</name>
         <value>0x2540</value>
         <object_component_ref idref="oc-17b"/>
      </symbol>
      <symbol id="sm-606">
         <name>__auto_init</name>
         <value>0x2e80</value>
         <object_component_ref idref="oc-17f"/>
      </symbol>
      <symbol id="sm-60e">
         <name>__c6xabi_divi</name>
         <value>0x5500</value>
         <object_component_ref idref="oc-1ac"/>
      </symbol>
      <symbol id="sm-60f">
         <name>__divi</name>
         <value>0x5500</value>
         <object_component_ref idref="oc-1ac"/>
      </symbol>
      <symbol id="sm-621">
         <name>__unlock</name>
         <value>0x7d10</value>
         <object_component_ref idref="oc-187"/>
      </symbol>
      <symbol id="sm-622">
         <name>__lock</name>
         <value>0x7d0c</value>
         <object_component_ref idref="oc-187"/>
      </symbol>
      <symbol id="sm-623">
         <name>__register_lock</name>
         <value>0x5a40</value>
         <object_component_ref idref="oc-1a6"/>
      </symbol>
      <symbol id="sm-624">
         <name>__nop</name>
         <value>0x5a20</value>
         <object_component_ref idref="oc-1a9"/>
      </symbol>
      <symbol id="sm-625">
         <name>__register_unlock</name>
         <value>0x5a60</value>
         <object_component_ref idref="oc-1a7"/>
      </symbol>
      <symbol id="sm-62d">
         <name>__strasg</name>
         <value>0x5620</value>
         <object_component_ref idref="oc-1a3"/>
      </symbol>
      <symbol id="sm-63b">
         <name>_atexit</name>
         <value>0x5700</value>
         <object_component_ref idref="oc-1b1"/>
      </symbol>
      <symbol id="sm-63c">
         <name>___atexit_func_id__</name>
         <value>0x7824</value>
         <object_component_ref idref="oc-18f"/>
      </symbol>
      <symbol id="sm-64c">
         <name>_dtors</name>
         <value>0x7d14</value>
         <object_component_ref idref="oc-194"/>
      </symbol>
      <symbol id="sm-64d">
         <name>_call_dtors</name>
         <value>0x5140</value>
         <object_component_ref idref="oc-1bc"/>
      </symbol>
      <symbol id="sm-64e">
         <name>___add_dtor</name>
         <value>0x59c0</value>
         <object_component_ref idref="oc-1b9"/>
      </symbol>
      <symbol id="sm-65a">
         <name>___TI_enable_exit_profile_output</name>
         <value>0x7d08</value>
         <object_component_ref idref="oc-199"/>
      </symbol>
      <symbol id="sm-65b">
         <name>__cleanup_ptr</name>
         <value>0x7d00</value>
         <object_component_ref idref="oc-199"/>
      </symbol>
      <symbol id="sm-65c">
         <name>__dtors_ptr</name>
         <value>0x7d04</value>
         <object_component_ref idref="oc-199"/>
      </symbol>
      <symbol id="sm-666">
         <name>_memcpy</name>
         <value>0x47c0</value>
         <object_component_ref idref="oc-1a8"/>
      </symbol>
   </symbol_table>
</link_info>
