******************************************************************************
               TMS320C6x Linker PC v7.4.15                     
******************************************************************************
>> Linked Thu Sep 03 18:27:19 2015

OUTPUT FILE NAME:   <160 bios EDMA.out>
ENTRY POINT SYMBOL: "_c_int00"  address: 0000a480


MEMORY CONFIGURATION

         name            origin    length      used     unused   attr    fill
----------------------  --------  ---------  --------  --------  ----  --------
  IRAM                  00000000   00040000  0000bf37  000340c9  RWIX
  SDRAM                 80000000   00800000  00000000  00800000  RWIX


SECTION ALLOCATION MAP

 output                                  attributes/
section   page    origin      length       input sections
--------  ----  ----------  ----------   ----------------
.prd       0    00000000    00000000     UNINITIALIZED

.data      0    00000000    00000000     UNINITIALIZED

.vers      0    00000000    00000040     COPY SECTION
                  00000000    00000040     biosedmacfg.obj (.vers)

$BRID      0    00000000    0000008c     COPY SECTION
                  00000000    00000024     dsk6713bsl.lib : dsk6713_aic23_opencodec.obj ($BRID)
                  00000024    00000014                    : dsk6713_aic23_registers.obj ($BRID)
                  00000038    00000054                    : dsk6713.obj ($BRID)

.hwi_vec   0    00000000    00000200     
                  00000000    00000200     biosedmacfg.obj (.hwi_vec)

.bios      0    00000200    000041e0     
                  00000200    00000600     lnkrtdx.a67 : rtdx.o67 (.bios)
                  00000800    000005e0     bios.a67 : gbl_setL2CacheMode.o67 (.bios)
                  00000de0    00000540              : swi.o67 (.bios)
                  00001320    00000460              : hwi_disp_asm.o67 (.bios)
                  00001780    000003a0              : prd.o67 (.bios)
                  00001b20    000002c0              : knl_run.o67 (.bios)
                  00001de0    000002c0              : rta.o67 (.bios)
                  000020a0    000002c0              : sem_pend.o67 (.bios)
                  00002360    00000260              : knl_tick.o67 (.bios)
                  000025c0    00000240              : pip.o67 (.bios)
                  00002800    00000220              : sem_dopo.o67 (.bios)
                  00002a20    00000200              : tsk_setu.o67 (.bios)
                  00002c20    000001c0              : knl_swit.o67 (.bios)
                  00002de0    000001c0     biosC6000.a67 : clk.o67 (.bios)
                  00002fa0    000001a0     bios.a67 : tsk_exit.o67 (.bios)
                  00003140    00000180              : autoinit.o67 (.bios)
                  000032c0    00000180              : tsk_stup.o67 (.bios)
                  00003440    00000140              : knl_chec.o67 (.bios)
                  00003580    000000e0              : gbl_cslcacheinit.o67 (.bios)
                  00003660    000000e0              : knl_exit.o67 (.bios)
                  00003740    000000e0              : sem_post.o67 (.bios)
                  00003820    000000e0              : sem_post_asm.o67 (.bios)
                  00003900    000000e0     biosC6000.a67 : clk_meas.o67 (.bios)
                  000039e0    000000c0     bios.a67 : knl_ipos.o67 (.bios)
                  00003aa0    000000c0              : knl_post.o67 (.bios)
                  00003b60    000000c0              : lck.o67 (.bios)
                  00003c20    000000c0              : sys_exit.o67 (.bios)
                  00003ce0    000000c0     biosC6000.a67 : clk_htime.o67 (.bios)
                  00003da0    00000080     bios.a67 : fxn.o67 (.bios)
                  00003e20    00000080              : idl_busy.o67 (.bios)
                  00003ea0    00000080              : log.o67 (.bios)
                  00003f20    00000080              : sts.o67 (.bios)
                  00003fa0    00000080     biosC6000.a67 : idl_cal.o67 (.bios)
                  00004020    00000060     bios.a67 : hwi_c.o67 (.bios)
                  00004080    00000060              : sem_pend_counting.o67 (.bios)
                  000040e0    00000060              : sys_abor.o67 (.bios)
                  00004140    00000060              : utl_putc.o67 (.bios)
                  000041a0    00000060     biosC6000.a67 : clk_start.o67 (.bios)
                  00004200    00000040     bios.a67 : idl_stub.o67 (.bios)
                  00004240    00000040              : rta_andn.o67 (.bios)
                  00004280    00000040              : utl_doab.o67 (.bios)
                  000042c0    00000040     biosC6000.a67 : clk_stop.o67 (.bios)
                  00004300    00000020     bios.a67 : fxn_c.o67 (.bios)
                  00004320    00000020              : gbl_vers.o67 (.bios)
                  00004340    00000020              : idl.o67 (.bios)
                  00004360    00000020              : log_printf.o67 (.bios)
                  00004380    00000020              : sts_set.o67 (.bios)
                  000043a0    00000020              : utl_doer.o67 (.bios)
                  000043c0    00000020              : utl_halt.o67 (.bios)

.text      0    000043e0    00003260     
                  000043e0    00000aa0     biosedma.obj (.text)
                  00004e80    00000460     dsk6713bsl.lib : dsk6713.obj (.text)
                  000052e0    00000300                    : dsk6713_aic23_opencodec.obj (.text)
                  000055e0    00000280     csl6713.lib : csl_edma.obj (.text:_EDMA_open)
                  00005860    00000240     rts6700.lib : memcpy62.obj (.text:_memcpy)
                  00005aa0    00000220     csl6713.lib : csl.obj (.text:__CSL_init)
                  00005cc0    000001c0                 : csl_irq.obj (.text:_IRQ_map)
                  00005e80    000001c0                 : csl_irq.obj (.text:_mux2Tables)
                  00006040    000001a0                 : csl_edma.obj (.text:_EDMA_allocTable)
                  000061e0    000001a0                 : csl_mcbsp.obj (.text:_MCBSP_reset)
                  00006380    00000180     bios.a67 : gbl_cslpllinit62.o67 (.text)
                  00006500    00000160     rts6700.lib : sinit.obj (.text:_call_dtors)
                  00006660    00000140     csl6713.lib : csl_edma.obj (.text:_EDMA_reset)
                  000067a0    00000140                 : csl_timer.obj (.text:_TIMER_open)
                  000068e0    00000140     dsk6713bsl.lib : dsk6713_aic23_registers.obj (.text)
                  00006a20    00000120     csl6713.lib : csl_timer.obj (.text:_TIMER_reset)
                  00006b40    00000100                 : csl_mcbsp.obj (.text:_MCBSP_open)
                  00006c40    00000100                 : csl_mcbsp.obj (.text:_MCBSP_start)
                  00006d40    000000e0                 : csl_edma.obj (.text:_EDMA_config)
                  00006e20    000000e0     rts6700.lib : strasg.obj (.text:__strasg)
                  00006f00    000000e0                 : atexit.obj (.text:_atexit)
                  00006fe0    000000c0     csl6713.lib : csl_edma.obj (.text:_EDMA_clearPram)
                  000070a0    000000c0     bios.a67 : tsk_stup.o67 (.text)
                  00007160    000000a0     csl6713.lib : csl_irq.obj (.text:__IRQ_init)
                  00007200    000000a0                 : csl_irq.obj (.text:_setMux)
                  000072a0    00000060                 : csl_edma.obj (.text:_EDMA_disableChannel)
                  00007300    00000060                 : csl_edma.obj (.text:_EDMA_enableChannel)
                  00007360    00000060                 : csl_edma.obj (.text:_EDMA_intDisable)
                  000073c0    00000060                 : csl_edma.obj (.text:_EDMA_intEnable)
                  00007420    00000060                 : csl_edma.obj (.text:_EDMA_qdmaConfig)
                  00007480    00000040                 : csl_irq.obj (.text:_IRQ_enable)
                  000074c0    00000040                 : csl_irq.obj (.text:_IRQ_reset)
                  00007500    00000040     rts6700.lib : sinit.obj (.text:___add_dtor)
                  00007540    00000020     csl6713.lib : csl.obj (.text:_CSL6713_LIB_)
                  00007560    00000020                 : csl_edma.obj (.text:_EDMA_intClear)
                  00007580    00000020                 : csl_edma.obj (.text:_EDMA_intTest)
                  000075a0    00000020                 : csl_mcbsp.obj (.text:_MCBSP_write)
                  000075c0    00000020     rts6700.lib : _lock.obj (.text:__nop)
                  000075e0    00000020                 : _lock.obj (.text:__register_lock)
                  00007600    00000020                 : _lock.obj (.text:__register_unlock)
                  00007620    00000020     csl6713.lib : csl_irq.obj (.text)

.cinit     0    00007640    000011e4     
                  00007640    00000644     biosedmacfg.obj (.cinit)
                  00007c84    00000004     --HOLE-- [fill = 0]
                  00007c88    0000026c     bios.a67 : biosdata.o67 (.cinit)
                  00007ef4    00000004     --HOLE-- [fill = 0]
                  00007ef8    000001a4              : knl.o67 (.cinit)
                  0000809c    00000004     --HOLE-- [fill = 0]
                  000080a0    0000012c     csl6713.lib : csl_irq.obj (.cinit)
                  000081cc    00000004     --HOLE-- [fill = 0]
                  000081d0    000000bc     biosedma.obj (.cinit)
                  0000828c    00000004     --HOLE-- [fill = 0]
                  00008290    000000b0     bios.a67 : swi.o67 (.cinit)
                  00008340    00000080              : tsk.o67 (.cinit)
                  000083c0    00000070     csl6713.lib : csl_edma.obj (.cinit)
                  00008430    00000060     bios.a67 : tsk_stup.o67 (.cinit)
                  00008490    0000005c     lnkrtdx.a67 : rtdx.o67 (.cinit)
                  000084ec    00000004     --HOLE-- [fill = 0]
                  000084f0    00000054     csl6713.lib : csl_mcbsp.obj (.cinit)
                  00008544    00000004     --HOLE-- [fill = 0]
                  00008548    0000004c     bios.a67 : rta.o67 (.cinit)
                  00008594    00000004     --HOLE-- [fill = 0]
                  00008598    0000004c     csl6713.lib : csl_timer.obj (.cinit)
                  000085e4    00000004     --HOLE-- [fill = 0]
                  000085e8    0000004c     rtdx.lib : buffer1.o62 (.cinit)
                  00008634    00000004     --HOLE-- [fill = 0]
                  00008638    0000003c     csl6713.lib : csl.obj (.cinit)
                  00008674    00000004     --HOLE-- [fill = 0]
                  00008678    00000034     bios.a67 : hwi.o67 (.cinit)
                  000086ac    00000004     --HOLE-- [fill = 0]
                  000086b0    00000030     dsk6713bsl.lib : dsk6713_aic23_registers.obj (.cinit)
                  000086e0    0000002c     bios.a67 : utl_putc.o67 (.cinit)
                  0000870c    00000004     --HOLE-- [fill = 0]
                  00008710    0000002c     rts6700.lib : exit.obj (.cinit)
                  0000873c    00000004     --HOLE-- [fill = 0]
                  00008740    00000024     bios.a67 : obj_init.o67 (.cinit)
                  00008764    00000004     --HOLE-- [fill = 0]
                  00008768    0000001c              : sys.o67 (.cinit)
                  00008784    00000004     --HOLE-- [fill = 0]
                  00008788    0000001c     rts6700.lib : _lock.obj (.cinit)
                  000087a4    00000004     --HOLE-- [fill = 0]
                  000087a8    0000001c                 : atexit.obj (.cinit)
                  000087c4    00000004     --HOLE-- [fill = 0]
                  000087c8    00000018     bios.a67 : knl_tick.o67 (.cinit)
                  000087e0    0000000c              : gbl_setL2CacheMode.o67 (.cinit)
                  000087ec    00000004     --HOLE-- [fill = 0]
                  000087f0    0000000c              : idl_busy.o67 (.cinit)
                  000087fc    00000004     --HOLE-- [fill = 0]
                  00008800    0000000c              : knl_swit.o67 (.cinit)
                  0000880c    00000004     --HOLE-- [fill = 0]
                  00008810    0000000c     rts6700.lib : sinit.obj (.cinit)
                  0000881c    00000004     --HOLE-- [fill = 0]
                  00008820    00000004     (.pad.cinit) [fill = 0]

.hst1      0    00008824    00000010     UNINITIALIZED
                  00008824    00000010     biosedmacfg.obj (.hst1)

.pinit     0    00008834    0000000c     
                  00008834    00000004     rtdx.lib : buffer1.o62 (.pinit)
                  00008838    00000004              : rtdx_mon.o62 (.pinit)
                  0000883c    00000004     --HOLE-- [fill = 0]

.rtdx_text 
*          0    00008840    00000ea0     
                  00008840    00000400     rtdx.lib : rtdx_mon.o62 (.rtdx_text:_RTDX_Poll)
                  00008c40    00000340              : buffer1.o62 (.rtdx_text:_RTDX_Buffer_WriteCB)
                  00008f80    00000300              : buffer1.o62 (.rtdx_text:_RTDX_write_next)
                  00009280    00000140              : rtdx_mon.o62 (.rtdx_text:_RTDX_Mon_Queue)
                  000093c0    000000e0              : buffer1.o62 (.rtdx_text:_claim)
                  000094a0    00000080              : rtdx_mon.o62 (.rtdx_text:_RTDX_Init_RT_Monitor)
                  00009520    00000060              : buffer1.o62 (.rtdx_text:_RTDX_Buffer_Initialize)
                  00009580    00000060              : buffer2.o62 (.rtdx_text:_RTDX_Buffer_ReadCB)
                  000095e0    00000040              : buffer1.o62 (.rtdx_text:_RTDX_Buffer_Size)
                  00009620    00000040              : rtdx_mon.o62 (.rtdx_text:_RTDX_Final_RT_Monitor)
                  00009660    00000020              : buffer2.o62 (.rtdx_text:_RTDX_Buffer_Read)
                  00009680    00000020              : buffer1.o62 (.rtdx_text:_RTDX_Buffer_Write)
                  000096a0    00000020              : rtdx_mon.o62 (.rtdx_text:_RTDX_checksum)
                  000096c0    00000020              : intr_tgt.o62 (.rtdx_text)

.far       0    000096e0    0000068e     UNINITIALIZED
                  000096e0    00000188     rts6700.lib : atexit.obj (.far)
                  00009868    000000f4     csl6713.lib : csl_irq.obj (.far)
                  0000995c    000000dc     biosedma.obj (.far)
                  00009a38    000000d8     bios.a67 : knl.o67 (.far)
                  00009b10    0000005c              : tsk.o67 (.far)
                  00009b6c    00000054              : obj_init.o67 (.far)
                  00009bc0    00000054     csl6713.lib : csl_edma.obj (.far)
                  00009c14    00000050     bios.a67 : tsk_stup.o67 (.far)
                  00009c64    00000038     csl6713.lib : csl_mcbsp.obj (.far)
                  00009c9c    00000028                 : csl.obj (.far)
                  00009cc4    00000028     dsk6713bsl.lib : dsk6713_aic23_registers.obj (.far)
                  00009cec    00000024     csl6713.lib : csl_timer.obj (.far)
                  00009d10    00000020     bios.a67 : sys.o67 (.far)
                  00009d30    00000010              : knl_tick.o67 (.far)
                  00009d40    0000000c              : utl_putc.o67 (.far)
                  00009d4c    0000000c     rts6700.lib : exit.obj (.far)
                  00009d58    00000008     dsk6713bsl.lib : dsk6713_aic23_opencodec.obj (.far)
                  00009d60    00000008     rts6700.lib : _lock.obj (.far)
                  00009d68    00000004                 : sinit.obj (.far)
                  00009d6c    00000002     dsk6713bsl.lib : dsk6713.obj (.far)

.rtdx_data 
*          0    00009d70    0000044c     UNINITIALIZED
                  00009d70    00000410     biosedmacfg.obj (.rtdx_data)
                  0000a180    00000020     rtdx.lib : buffer1.o62 (.rtdx_data)
                  0000a1a0    0000001c              : rtdx_mon.o62 (.rtdx_data)

.args      0    0000a1bc    00000004     
                  0000a1bc    00000004     --HOLE-- [fill = 0]

.sysinit   0    0000a1c0    00000420     
                  0000a1c0    000002c0     biosedmacfg.obj (.sysinit)
                  0000a480    000000c0     bios.a67 : boot.o67 (.sysinit)
                  0000a540    00000080              : tsk_init.o67 (.sysinit)
                  0000a5c0    00000020              : obj_init.o67 (.sysinit)

.idl       0    0000a5e0    00000010     UNINITIALIZED
                  0000a5e0    00000010     biosedmacfg.obj (.idl)

.idlcal    0    0000a5f0    00000010     UNINITIALIZED
                  0000a5f0    00000010     biosedmacfg.obj (.idlcal)

.sysdata   0    0000a600    00000200     UNINITIALIZED
                  0000a600    00000200     biosedma.obj (.sysdata)

.LOG0$buf 
*          0    0000a800    00000400     UNINITIALIZED
                  0000a800    00000400     biosedmacfg.obj (.LOG0$buf)

.TSK_idle$stk 
*          0    0000ac00    00000400     UNINITIALIZED
                  0000ac00    00000400     biosedmacfg.obj (.TSK_idle$stk)

.stack     0    0000b000    00000400     UNINITIALIZED
                  0000b000    00000400     --HOLE--

.bss       0    0000b400    00000330     UNINITIALIZED
                  0000b400    00000100     bios.a67 : hwi_disp_asm.o67 (.bss)
                  0000b500    000000cc              : biosdata.o67 (.bss)
                  0000b5cc    0000009c              : swi.o67 (.bss)
                  0000b668    00000048              : knl.o67 (.bss)
                  0000b6b0    00000018              : hwi.o67 (.bss)
                  0000b6c8    00000018     biosedmacfg.obj (.bss)
                  0000b6e0    00000018     lnkrtdx.a67 : rtdx.o67 (.bss)
                  0000b6f8    00000010     rtdx.lib : buffer1.o62 (.bss)
                  0000b708    0000000c     bios.a67 : tsk.o67 (.bss)
                  0000b714    00000008              : clk_data.o67 (.bss)
                  0000b71c    00000008              : sys.o67 (.bss)
                  0000b724    00000004              : clk_data2.o67 (.bss)
                  0000b728    00000004              : gbl_setL2CacheMode.o67 (.bss)
                  0000b72c    00000004              : idl_busy.o67 (.bss)

.trace     0    0000b730    00000200     
                  0000b730    00000200     --HOLE-- [fill = 00000000]

.const     0    0000b930    00000109     
                  0000b930    0000004e     bios.a67 : tsk_stup.o67 (.const)
                  0000b97e    00000002     --HOLE-- [fill = 0]
                  0000b980    00000040     dsk6713bsl.lib : dsk6713_aic23_opencodec.obj (.const)
                  0000b9c0    00000023     bios.a67 : utl_doab.o67 (.const)
                  0000b9e3    00000022              : utl_doer.o67 (.const)
                  0000ba05    00000003     --HOLE-- [fill = 0]
                  0000ba08    00000020     dsk6713bsl.lib : dsk6713.obj (.const)
                  0000ba28    00000010     biosedma.obj (.const:.string)
                  0000ba38    00000001     bios.a67 : tsk.o67 (.const)

.printf    0    0000ba39    00000073     COPY SECTION
                  0000ba39    00000073     biosedmacfg.obj (.printf)

.swi       0    0000ba3c    00000084     UNINITIALIZED
                  0000ba3c    00000084     biosedmacfg.obj (.swi)

.hst       0    0000bac0    0000003c     UNINITIALIZED
                  0000bac0    0000003c     biosedmacfg.obj (.hst)

.LOG_system$buf 
*          0    0000bb00    00000100     UNINITIALIZED
                  0000bb00    00000100     biosedmacfg.obj (.LOG_system$buf)

.hst0      0    0000bc00    00000100     UNINITIALIZED
                  0000bc00    00000100     biosedmacfg.obj (.hst0)

.pip       0    0000bd00    000000c8     UNINITIALIZED
                  0000bd00    000000c8     biosedmacfg.obj (.pip)

.tsk       0    0000bdc8    00000060     UNINITIALIZED
                  0000bdc8    00000060     biosedmacfg.obj (.tsk)

.sts       0    0000be28    00000050     
                  0000be28    00000050     biosedmacfg.obj (.sts)

.gblinit   0    0000be78    0000004c     
                  0000be78    0000004c     biosedmacfg.obj (.gblinit)

.log       0    0000bec4    00000030     
                  0000bec4    00000030     biosedmacfg.obj (.log)

.switch    0    0000bef4    00000028     
                  0000bef4    00000028     rtdx.lib : rtdx_mon.o62 (.switch)

.sys       0    0000bf1c    00000010     UNINITIALIZED
                  0000bf1c    00000010     biosedmacfg.obj (.sys)

.trcdata   0    0000bf2c    0000000c     
                  0000bf2c    0000000c     bios.a67 : trc.o67 (.trcdata)

.clk       0    0000bf38    00000008     UNINITIALIZED
                  0000bf38    00000008     biosedmacfg.obj (.clk)


GLOBAL SYMBOLS: SORTED ALPHABETICALLY BY Name 

address    name
--------   ----
0000b400   $bss
0000b400   .bss
00000000   .data
000043e0   .text
0000a364   BIOS$$CLKOFF
0000a324   BIOS$$CLKON
0000a1c0   BIOS_init
0000a3cc   BIOS_start
00000000   BUF$
00000001   BUF_ENABLED
00000001   CLK$
0000bf38   CLK_A_TABBEG
00000001   CLK_CALDIV
00000004   CLK_CALMULT
0000dbba   CLK_COUNTSPMS
00000000   CLK_COUNTSPMSHIGH
0000b528   CLK_D_idletime
0000b524   CLK_D_isrhook
0000b520   CLK_D_tabbeg
0000b51c   CLK_D_timefxn
00003ce0   CLK_F_getfhtime
00003d00   CLK_F_gethtime
00002de0   CLK_F_getltime
00003d00   CLK_F_getshtime
00002df4   CLK_F_isr
00002f54   CLK_F_itime
00001320   CLK_HOOKFXN
00000001   CLK_HTIMEDIV
00000004   CLK_HTIMEMULT
0000dbba   CLK_HTIMEPERLTIME
00004000   CLK_INTBIT
00000001   CLK_LTIMEDIV
00036ee8   CLK_LTIMEMULT
000003e8   CLK_MICROSECS
0000dbba   CLK_PRD
00000000   CLK_PRDHIGH
01940000   CLK_REGS
0000b518   CLK_R_time
00000020   CLK_TCR
00000000   CLK_TDDR
00000000   CLK_TDDRHIGH
00003d00   CLK_TIMEFXN
00000000   CLK_TIMERNUM
00000001   CLK_USETIMER
0000bf3c   CLK_null
00000000   DEV$
00000000   DGN$
00000000   DHL$
00000000   DHL_gChannelsAvailable
00000000   DIO$
00000000   DIO_NUMSWIBASE
00000000   DIO_NUMTSKBASE
00000000   DIO_STATIC
00000000   DPI$
00003da0   FXN_F_nop
00003da8   FXN_F_run
00003df8   FXN_F_zero
00000001   GBL$
00005205   GBL_A_VERSION
00000000   GBL_BIGENDIAN
00000000   GBL_C641XL2PRIORITY
00000000   GBL_CACHE
00000001   GBL_CALLCSLCFGINIT
00004e20   GBL_CLKIN
00001770   GBL_CLKTYPE
00001a39   GBL_DSPSUBTYPE
0000003e   GBL_DSPTYPE
00000001   GBL_ENABLEINST
00000042   GBL_FOOTPRINT
00036ee8   GBL_FREQ
00002226   GBL_L2ALLOC
00000000   GBL_L2CONFIGALLOC
00000001   GBL_L2CONFIGURE
00000001   GBL_L2MARMASK
00000000   GBL_L2MARMASK1
00000000   GBL_L2MARMASK2
00000000   GBL_L2MARMASK3
00000000   GBL_L2MARMASK4
00000000   GBL_L2MARMASK5
00000000   GBL_L2MODE
00000000   GBL_L2PRIORITY
00000000   GBL_NULL
00000000   GBL_PROCID
00000000   GBL_ROM
00000000   GBL_SUPPORTCSL
0000dbef   GBL_TRCMASKVALUE
00000001   GBL_USERINIT
000063a8   GBL_USERINITFXN
00000001   GBL_boot
0000bf34   GBL_initdone
0000b000   GBL_stackbeg
0000b3ff   GBL_stackend
00000000   GIO$
00004300   GIO_CREATEFXN
00004300   GIO_DELETEFXN
00004300   GIO_PENDFXN
00004300   GIO_POSTFXN
00000000   HOOK$
00000000   HOOK_KNLID
00000001   HST$
0000bac0   HST_A_TABBEG
0000bafc   HST_A_TABEND
00000000   HST_DSM
ffffffff   HST_DSMBUFSEG
00000400   HST_DSMMEMSIZE
0000b594   HST_D_chanmask
0000b598   HST_D_tabbeg
0000b59c   HST_D_tabend
000000ff   HST_MAXFRAMEALLOWED
00000040   HST_MAXFRAMESET
00000000   HST_NONE
00000001   HST_RTDX
00000001   HWI$
00000000   HWI_A_VECS
00004108   HWI_CFGDISPATCHED
0000b6c0   HWI_D_bss
0000b6c4   HWI_D_ccmask
0000b6b0   HWI_D_spsave
00001320   HWI_F_dispatch
00000000   HWI_GENERATE_RESET_VEC
0000000a   HWI_INT10
00000000   HWI_INT10$hwi
0000000b   HWI_INT11
00000000   HWI_INT11$hwi
0000000c   HWI_INT12
00000000   HWI_INT12$hwi
0000000d   HWI_INT13
00000000   HWI_INT13$hwi
0000000e   HWI_INT14
00000000   HWI_INT14$hwi
0000000f   HWI_INT15
00000000   HWI_INT15$hwi
00000004   HWI_INT4
00000000   HWI_INT4$hwi
00000005   HWI_INT5
00000000   HWI_INT5$hwi
00000006   HWI_INT6
00000000   HWI_INT6$hwi
00000007   HWI_INT7
00000000   HWI_INT7$hwi
00000008   HWI_INT8
00000000   HWI_INT8$hwi
00000009   HWI_INT9
00000000   HWI_INT9$hwi
082039a3   HWI_INTRMULTHIGH
310718a4   HWI_INTRMULTLOW
00000001   HWI_NMI
00000000   HWI_NMI$hwi
00000000   HWI_POLARITYMASK
00000002   HWI_RESERVED0
00000000   HWI_RESERVED0$hwi
00000003   HWI_RESERVED1
00000000   HWI_RESERVED1$hwi
00000000   HWI_RESET
00000000   HWI_RESET$hwi
00000001   HWI_ZEROTAB
00000001   IDL$
0000a5f0   IDL_A_CALBEG
0000a5e0   IDL_A_TABBEG
00000006   IDL_CALIBRERROR
00004200   IDL_CALIBRFXN
0000b72c   IDL_D_busyObj
0000b508   IDL_D_calbeg
0000b504   IDL_D_calibrate
0000b500   IDL_D_tabbeg
0000a5ec   IDL_END
0000a5fc   IDL_END$
00003e20   IDL_F_busy
00003fa0   IDL_F_calibrate
00004340   IDL_F_loop
00004200   IDL_F_stub
00000001   IDL_USECLKIDLTIME
0000be6c   IDL_busyObj
0000baa7   IDL_busyObj$avgfmt
00000001   IDL_busyObj$filter
00000001   IDL_busyObj$iA
00000000   IDL_busyObj$iB
00000001   IDL_busyObj$iC
0000baa1   IDL_busyObj$maxfmt
00000000   IDL_busyObj$operation
0000be68   IDL_busyObj$stsobj
0000baa4   IDL_busyObj$sumfmt
00000002   IDL_busyObj$unittype
0000a5e0   IDL_cpuLoad
0000a5f0   IDL_cpuLoad$
ffffffff   IRAM
00000001   ISRC$
00002da0   KNL_glue
0000ba3c   KNL_swi
00000001   KNL_swi$dorta
00000000   KNL_swi$ord
00000000   KNL_swi$pri
0000be2c   KNL_swi$sts
0000ba49   KNL_swi$sts$avgfmt
00000002   KNL_swi$sts$filter
00000001   KNL_swi$sts$filtmaxmult
00000001   KNL_swi$sts$filtsummult
0000ba39   KNL_swi$sts$maxfmt
0000be28   KNL_swi$sts$stsobj
0000ba41   KNL_swi$sts$sumfmt
00000000   KNL_swi$sts$unittype
00000000   KNL_swi$swi
00000001   LCK$
00000200   LNK_F_checkBufferCall
00000280   LNK_F_dataPump
00000220   LNK_F_getChanPtr
00000278   LNK_F_init
000007c4   LNK_F_readCallBack
0000a5e4   LNK_dataPump
0000a5f4   LNK_dataPump$
0000b6e4   LNK_dspFrameReadyMask
0000b6e0   LNK_dspFrameRequestMask
00000520   LNK_newin
00000660   LNK_newout
00000294   LNK_rcloop
00000360   LNK_rdrtry
0000b6ec   LNK_readDone
0000b6f0   LNK_readFail
0000b6e8   LNK_readPend
00000370   LNK_rrloop
0000b6f4   LNK_writeFail
00000444   LNK_wrloop
00000434   LNK_wrrtry
00000001   LOG$
0000bedc   LOG0
0000a800   LOG0$buf
00000001   LOG0$datatype
00000000   LOG0$log
00000100   LOG0$size
0000bec4   LOG_A_TABBEG
0000bef4   LOG_A_TABEND
00000002   LOG_A_TABLEN
0000b50c   LOG_D_system
00000001   LOG_ENABLED
00003ea0   LOG_F_event
0000bec4   LOG_system
0000bb00   LOG_system$buf
00000000   LOG_system$datatype
00000000   LOG_system$log
00000040   LOG_system$size
00000000   MBX$
00000001   MEM$
00000000   MEM_MALLOCSEG
00000000   MEM_NULL
00000000   MEM_SEGZERO
00000000   MEM_USEMPC
00000000   MEM_gNumHeap
00000000   MSGQ$
00000000   MSGQ_USEMSGQ
00000000   OBJ$
00000000   PIP$
0000bd00   PIP_A_TABBEG
0000bdc8   PIP_A_TABEND
00000002   PIP_A_TABLEN
0000b510   PIP_D_tabbeg
0000b514   PIP_D_tablen
00002654   PIP_F_give
00002654   PIP_F_probe
00002728   PIP_F_start
000025c0   PIP_F_take
00000064   PIP_OBJSIZE
00000000   PIP_gNextId
00000002   PIP_gNumEmbed
00000000   POOL$
00000000   POOL_USEPOOL
00000001   PRD$
00000000   PRD_A_TABBEG
00000000   PRD_A_TABEND
00000000   PRD_A_TABLEN
0000b550   PRD_D_cur
0000b554   PRD_D_elapsed
0000b558   PRD_D_prevtim
0000b55c   PRD_D_scalar
0000b560   PRD_D_swihandle
0000b564   PRD_D_tabbeg
0000b568   PRD_D_tablen
0000b56c   PRD_D_thook
0000b54c   PRD_D_tick
00001780   PRD_F_swi
00001a40   PRD_F_tick
00004000   PRD_SCALAR
00000000   PRD_SWIHANDLE
000025a0   PRD_THOOKFXN
0000bf38   PRD_clock
00000001   QUE$
0000b570   RTA_D_fromHost
0000b578   RTA_D_logval
0000b588   RTA_D_stsval
0000b574   RTA_D_toHost
00004240   RTA_F_andn
00001ed8   RTA_F_dispatch
00001de0   RTA_F_getlog
00001e24   RTA_F_getsts
00004260   RTA_F_or
00001e6c   RTA_F_readblk
00001e98   RTA_F_resetmem
00001e8c   RTA_F_writeword
0000a5e8   RTA_dispatcher
0000a5f8   RTA_dispatcher$
00001f28   RTA_execute
0000bac4   RTA_fromHost
00008824   RTA_fromHost$buf
00000004   RTA_fromHost$framesize
00000000   RTA_fromHost$hst
00000001   RTA_fromHost$id
00000000   RTA_fromHost$mode
0000bd00   RTA_fromHost$pipe
0000bd30   RTA_fromHost$pipe$aaa
0000bd60   RTA_fromHost$pipe$bbb
0000b6c8   RTA_fromHost$pipe$dtab
0000bd04   RTA_fromHost$pipe$rd
0000bd34   RTA_fromHost$pipe$wr
0000bacc   RTA_fromHost$rtdx
0000bae0   RTA_toHost
0000bc00   RTA_toHost$buf
00000040   RTA_toHost$framesize
00000000   RTA_toHost$hst
00000000   RTA_toHost$id
00000001   RTA_toHost$mode
0000bd64   RTA_toHost$pipe
0000bd94   RTA_toHost$pipe$aaa
0000bdc4   RTA_toHost$pipe$bbb
0000b6d4   RTA_toHost$pipe$dtab
0000bd68   RTA_toHost$pipe$rd
0000bd98   RTA_toHost$pipe$wr
0000bae8   RTA_toHost$rtdx
00000001   RTDX$
00000408   RTDX_BUFMEMSIZE
ffffffff   RTDX_DATAMEMSEG
00000000   RTDX_MODE
00000001   RTDX_NORMALIZED_HDR
00000001   RTDX_USERTDX
00000000   RTDX_USERTEXECUTION
ffffffff   SDRAM
00000000   SEM$
00000000   SIO$
00000001   STS$
0000be28   STS_A_TABBEG
0000be78   STS_A_TABEND
00003f58   STS_F_add
00003f20   STS_F_delta
00003f84   STS_F_reset
00000001   SWI$
0000ba3c   SWI_A_TABBEG
0000bac0   SWI_A_TABEND
00000003   SWI_A_TABLEN
0000b5e4   SWI_D_curfxn
0000b5d4   SWI_D_curmask
0000b5e0   SWI_D_curmbox
0000b5d8   SWI_D_curset
0000b5d0   SWI_D_execaddr
0000b5ec   SWI_D_inswi
0000b5dc   SWI_D_lock
0000b5e8   SWI_D_rdybeg
0000b5f0   SWI_D_rdytab
0000b5cc   SWI_D_runaddr
00000000   SWI_EHOOKFXN
00000ffc   SWI_EXECFXN
00000de0   SWI_F_enable
00000ffc   SWI_F_exec
00001028   SWI_F_iexec
00000e50   SWI_F_post
000010b8   SWI_F_run
00000000   SWI_IHOOKFXN
000010b8   SWI_RUNFXN
0000ba68   SWI_ping
00000001   SWI_ping$dorta
00000001   SWI_ping$ord
00000002   SWI_ping$pri
0000be3c   SWI_ping$sts
0000ba63   SWI_ping$sts$avgfmt
00000002   SWI_ping$sts$filter
00000001   SWI_ping$sts$filtmaxmult
00000001   SWI_ping$sts$filtsummult
0000ba53   SWI_ping$sts$maxfmt
0000be38   SWI_ping$sts$stsobj
0000ba5b   SWI_ping$sts$sumfmt
00000000   SWI_ping$sts$unittype
00000000   SWI_ping$swi
0000ba94   SWI_pong
00000001   SWI_pong$dorta
00000002   SWI_pong$ord
00000002   SWI_pong$pri
0000be4c   SWI_pong$sts
0000ba7d   SWI_pong$sts$avgfmt
00000002   SWI_pong$sts$filter
00000001   SWI_pong$sts$filtmaxmult
00000001   SWI_pong$sts$filtsummult
0000ba6d   SWI_pong$sts$maxfmt
0000be48   SWI_pong$sts$stsobj
0000ba75   SWI_pong$sts$sumfmt
00000000   SWI_pong$sts$unittype
00000000   SWI_pong$swi
00000001   SYS$
0000bf1c   SYS$config
00004280   SYS_ABORTFXN
000043a0   SYS_ERRORFXN
000043c0   SYS_EXITFXN
00004140   SYS_PUTCFXN
0000bf30   TRC_R_mask
0000bf2c   TRC_cinit
00000001   TSK$
00000000   TSK_NUM_HOOKS
00000001   TSK_PRIORITY
00000000   TSK_READYFXN
00000000   TSK_STACKSEG
00000400   TSK_STACKSIZE
00000000   TSK_SWITCHFXN
00004300   TSK_VCREATEFXN
00004300   TSK_VDELETEFXN
00004300   TSK_VEXITFXN
0000bdd4   TSK_idle
00000000   TSK_idle$ord
00000000   TSK_idle$pri
0000ac00   TSK_idle$stack
0000af98   TSK_idle$stkptr
0000be5c   TSK_idle$sts
0000ba97   TSK_idle$sts$avgfmt
00000002   TSK_idle$sts$filter
00000001   TSK_idle$sts$filtmaxmult
00000001   TSK_idle$sts$filtsummult
0000ba87   TSK_idle$sts$maxfmt
0000be58   TSK_idle$sts$stsobj
0000ba8f   TSK_idle$sts$sumfmt
00000000   TSK_idle$sts$unittype
00000000   TSK_idle$tsk
00000000   UDEV$
00009988   _AIC_data
0000a1c0   _BIOS_init
0000a3cc   _BIOS_start
0000dbba   _CLK_COUNTSPMS
0000b714   _CLK_DFLTMICROSECS
0000b548   _CLK_D_countspms
0000b53c   _CLK_D_dirty
0000b718   _CLK_D_microseconds
0000b540   _CLK_D_prd
0000b544   _CLK_D_tddr
00002f54   _CLK_F_itime
0000dbba   _CLK_PRD
01940000   _CLK_REGS
00000000   _CLK_TDDR
00000000   _CLK_TIMERNUM
00000001   _CLK_USETIMER
0000b52c   _CLK_htimeDiv
0000b530   _CLK_htimeMult
0000b724   _CLK_htimePerLtime
00002f54   _CLK_itime
0000b534   _CLK_ltimeDiv
0000b538   _CLK_ltimeMult
00003900   _CLK_measure
000041a0   _CLK_start
000042c0   _CLK_stop
00007540   _CSL6713_LIB_
00009d58   _DSK6713_AIC23_codeccontrolhandle
00009d5c   _DSK6713_AIC23_codecdatahandle
000069a0   _DSK6713_AIC23_config
000052e0   _DSK6713_AIC23_openCodec
0000697c   _DSK6713_AIC23_rget
000068e0   _DSK6713_AIC23_rset
00005258   _DSK6713_getVersion
00004eb0   _DSK6713_init
000051b0   _DSK6713_rget
000051c4   _DSK6713_rset
00009d6c   _DSK6713_version
000051d8   _DSK6713_wait
0000522c   _DSK6713_waitusec
00006040   _EDMA_allocTable
00006fe0   _EDMA_clearPram
00006d40   _EDMA_config
000072a0   _EDMA_disableChannel
00007300   _EDMA_enableChannel
00007560   _EDMA_intClear
00007360   _EDMA_intDisable
000073c0   _EDMA_intEnable
00007580   _EDMA_intTest
000055e0   _EDMA_open
00007420   _EDMA_qdmaConfig
00006660   _EDMA_reset
00004300   _FXN_F_nop
00003da8   _FXN_F_run
00003df8   _FXN_F_zero
00000000   _GBL_CACHE
0000b5a4   _GBL_clkIn
00003580   _GBL_cslCacheInit
0000b5a8   _GBL_freq
00004320   _GBL_getVersion
0000b5a0   _GBL_procId
000063a8   _GBL_setPLLto225MHz
0000bac0   _HST_A_TABBEG
0000bafc   _HST_A_TABEND
00004108   _HWI_CFGDISPATCHED
0000b6bc   _HWI_D_inhwi
0000b6b0   _HWI_D_spsave
00001320   _HWI_F_dispatch
0000000a   _HWI_INT10
0000000b   _HWI_INT11
0000000c   _HWI_INT12
0000000d   _HWI_INT13
0000000e   _HWI_INT14
0000000f   _HWI_INT15
00000004   _HWI_INT4
00000005   _HWI_INT5
00000006   _HWI_INT6
00000007   _HWI_INT7
00000008   _HWI_INT8
00000009   _HWI_INT9
00000001   _HWI_NMI
00000002   _HWI_RESERVED0
00000003   _HWI_RESERVED1
00000000   _HWI_RESET
0000b3f8   _HWI_STKBOTTOM
0000b000   _HWI_STKTOP
0000b6b0   _HWI_data
00004020   _HWI_disable
0000b400   _HWI_dispatchTab
00004038   _HWI_enable
0000404c   _HWI_restore
0000be6c   _IDL_busyObj
0000a5e0   _IDL_cpuLoad
00004340   _IDL_loop
ffffffff   _IRAM
00007480   _IRQ_enable
00005cc0   _IRQ_map
000074c0   _IRQ_reset
0000b670   _KNL_alarm
00003440   _KNL_check
0000b694   _KNL_curqueue
0000b684   _KNL_curtask
0000b68c   _KNL_curtime
00009ad8   _KNL_dummy
000036b4   _KNL_enter
00003660   _KNL_exit
00003518   _KNL_idle
0000b6ac   _KNL_idlefxn
0000b678   _KNL_inactive
000039e0   _KNL_ipost
0000353c   _KNL_max
0000b698   _KNL_maxqueue
00003aa0   _KNL_post
0000b688   _KNL_prevtask
0000b67c   _KNL_priority
00009a38   _KNL_queues
00001b20   _KNL_run
00002c20   _KNL_saveIsrFrame
0000b680   _KNL_set
0000b674   _KNL_setpri
0000ba3c   _KNL_swi
0000b690   _KNL_swiptr
00002cec   _KNL_switch
0000b6a0   _KNL_tcreatefxn
0000b6a4   _KNL_tdeletefxn
000025a0   _KNL_tick
0000b6a8   _KNL_treadyfxn
0000b69c   _KNL_tswitchfxn
0000b668   _KNL_wFlag
0000b66c   _KNL_wList
00003b90   _LCK_pend
00003b60   _LCK_post
0000a5e4   _LNK_dataPump
0000b6e4   _LNK_dspFrameReadyMask
0000b6e0   _LNK_dspFrameRequestMask
0000b6ec   _LNK_readDone
0000b6f0   _LNK_readFail
0000b6e8   _LNK_readPend
0000b6f4   _LNK_writeFail
0000bedc   _LOG0
0000bec4   _LOG_A_TABBEG
0000bef4   _LOG_A_TABEND
00000002   _LOG_A_TABLEN
0000b50c   _LOG_D_system
00003ea0   _LOG_event
00004360   _LOG_printf
0000bec4   _LOG_system
00006b40   _MCBSP_open
000061e0   _MCBSP_reset
00006c40   _MCBSP_start
000075a0   _MCBSP_write
0000b5ac   _MEM_D_NUMSEGMENTS
0000b5b4   _MEM_D_freelist
0000b5b8   _MEM_D_lockaddr
0000b5b0   _MEM_D_memtab
0000b5bc   _MEM_D_unlockaddr
00000000   _MEM_memtab
0000a5c0   _OBJ_init
00009ba4   _OBJ_segtab
00009b6c   _OBJ_table
0000bd00   _PIP_A_TABBEG
0000bdc8   _PIP_A_TABEND
0000b54c   _PRD_D_tick
0000bf38   _PRD_clock
0000a5e8   _RTA_dispatcher
0000bac4   _RTA_fromHost
0000bae0   _RTA_toHost
00009d70   _RTDX_Buffer
0000a17c   _RTDX_Buffer_End
00009520   _RTDX_Buffer_Initialize
00009660   _RTDX_Buffer_Read
00009580   _RTDX_Buffer_ReadCB
000095e0   _RTDX_Buffer_Size
0000a178   _RTDX_Buffer_Start
00009680   _RTDX_Buffer_Write
00008c40   _RTDX_Buffer_WriteCB
00009620   _RTDX_Final_RT_Monitor
000094a0   _RTDX_Init_RT_Monitor
00000002   _RTDX_JTAGONLY
000096c0   _RTDX_Mask_IER
00009280   _RTDX_Mon_Queue
00008840   _RTDX_Poll
00000000   _RTDX_interrupt_mask
0000a18c   _RTDX_writing
ffffffff   _SDRAM
00004080   _SEM_pend
000020a0   _SEM_pendEnterKnl
00003820   _SEM_post
00003820   _SEM_postBinary
00003740   _SEM_postEnterKnl
0000be28   _STS_A_TABBEG
0000be78   _STS_A_TABEND
00003f58   _STS_add
00003f20   _STS_delta
00003f84   _STS_reset
00004380   _STS_set
0000b5e4   _SWI_D_curfxn
0000b5d4   _SWI_D_curmask
0000b5d8   _SWI_D_curset
0000b5d0   _SWI_D_execaddr
0000b5ec   _SWI_D_inswi
0000b5dc   _SWI_D_lock
0000b5e8   _SWI_D_rdybeg
0000b5cc   _SWI_D_runaddr
0000b5cc   _SWI_data
0000ba68   _SWI_ping
00004cb4   _SWI_ping_ftn
0000ba94   _SWI_pong
00004d94   _SWI_pong_ftn
00000e50   _SWI_post
0000b5c0   _SYS
0000b730   _SYS_PUTCBEG
0000b92f   _SYS_PUTCEND
000040e0   _SYS_abort
00003c20   _SYS_exit
00009d10   _SYS_exitStack
0000b71c   _SYS_exitStackPtr
0000b720   _SYS_exitStackTop
000067a0   _TIMER_open
00006a20   _TIMER_reset
0000bf30   _TRC_R_mask
0000b710   _TSK
00009b10   _TSK_ATTRS
00009b2c   _TSK_config
00002fa0   _TSK_exit
0000bdd4   _TSK_idle
0000a540   _TSK_init
0000b708   _TSK_nTasks
0000b70c   _TSK_pid
00002a20   _TSK_setup
00003380   _TSK_startup
00009b4c   _TSK_timerSem
00004280   _UTL_doAbort
000043a0   _UTL_doError
00004140   _UTL_doPutc
000043c0   _UTL_halt
00009a34   _Volume
00002f70   __CLK_lat1beg
00002f9c   __CLK_lat1end
00005aa0   __CSL_init
00000c34   __GBL_setL2CacheMode
0000b5c8   __HOOK_NUMHOOKS
0000b5c4   __HOOK_knlId
00001320   __HWI_lat1beg
000014a0   __HWI_lat1end
000014a0   __HWI_lat2beg
00001640   __HWI_lat2end1
000015cc   __HWI_lat2end2
00001660   __HWI_lat3beg
00001760   __HWI_lat3end1
000015fc   __HWI_lat3end2
00003e20   __IDL_lat1beg
00003e70   __IDL_lat1end
00009954   __IRQ_dispatchTable
00009890   __IRQ_eventTable
00007620   __IRQ_hookFetchPacket
00007160   __IRQ_init
00009914   __IRQ_intTable
00003490   __KNL_lat1beg
00003518   __KNL_lat1end
00003ea0   __LOG_lat1beg
00009c94   __MCBSP_hDev0
00009c98   __MCBSP_hDev1
00009c3c   __MEM_mutex
00001e98   __RTA_lat1beg
00001ed0   __RTA_lat1end
00002800   __SEM_dopost
0000b400   __STACK_END
00000400   __STACK_SIZE
00000f8c   __SWI_lat1beg
00001040   __SWI_lat1end
00001044   __SWI_lat2beg
000010b4   __SWI_lat2end
00000de0   __SWI_lat3beg
00000e4c   __SWI_lat3end
00009cec   __TIMER_deviceTable
00009d0c   __TIMER_hBios
00009d04   __TIMER_hDev0
00009d08   __TIMER_hDev1
00009c14   __TSK_mutex
00009d54   ___TI_enable_exit_profile_output
ffffffff   ___TI_pprof_out_hndl
ffffffff   ___TI_prof_data_size
ffffffff   ___TI_prof_data_start
00007500   ___add_dtor
000096e0   ___atexit_func_id__
ffffffff   ___binit__
0000b400   ___bss__
ffffffff   ___c_args__
00007640   ___cinit__
00000000   ___data__
00000000   ___edata__
0000b730   ___end__
00007640   ___etext__
00008834   ___pinit__
000043e0   ___text__
00003140   __auto_init
00009d4c   __cleanup_ptr
00009d50   __dtors_ptr
00009d60   __lock
000075c0   __nop
000075e0   __register_lock
00007600   __register_unlock
0000b000   __stack
00006e20   __strasg
00009d64   __unlock
00006f00   _atexit
0000a480   _c_int00
00004b54   _c_int8
00006500   _call_dtors
000099d4   _cfgEdmaPing_rx
00009a04   _cfgEdmaPing_tx
000099ec   _cfgEdmaPong_rx
00009a1c   _cfgEdmaPong_tx
00009998   _cfgEdma_rx
000099bc   _cfgEdma_tx
0000995c   _config1
00009d68   _dtors
00009984   _hCodec
00009990   _hEdmaPing_rx
000099b4   _hEdmaPing_tx
00009994   _hEdmaPong_rx
000099b8   _hEdmaPong_tx
0000998c   _hEdma_rx
000099b0   _hEdma_tx
0000444c   _init
00004428   _main
00005860   _memcpy
00004afc   _output_sample
0000b700   _rtdxNullChanCnt
0000b704   _rtdxNullFuncCnt
0000a180   _rtdx_buffer_state
0000a1a0   _rtdx_mon_state
0000a600   _rx_ping
0000a680   _rx_pong
00009bd4   _tccAllocTable
0000a700   _tx_ping
0000a780   _tx_pong
00006380   _wait500nS
ffffffff   binit
00007640   cinit
00000000   edata
0000b730   end
00007640   etext
00000000   hwi0
00000020   hwi1
00000140   hwi10
00000160   hwi11
00000180   hwi12
000001a0   hwi13
000001c0   hwi14
000001e0   hwi15
00000040   hwi2
00000060   hwi3
00000080   hwi4
000000a0   hwi5
000000c0   hwi6
000000e0   hwi7
00000100   hwi8
00000120   hwi9
00008834   pinit


GLOBAL SYMBOLS: SORTED BY Symbol Address 

address    name
--------   ----
00000000   .data
00000000   BUF$
00000000   CLK_COUNTSPMSHIGH
00000000   CLK_PRDHIGH
00000000   CLK_TDDR
00000000   CLK_TDDRHIGH
00000000   CLK_TIMERNUM
00000000   DEV$
00000000   DGN$
00000000   DHL$
00000000   DHL_gChannelsAvailable
00000000   DIO$
00000000   DIO_NUMSWIBASE
00000000   DIO_NUMTSKBASE
00000000   DIO_STATIC
00000000   DPI$
00000000   GBL_BIGENDIAN
00000000   GBL_C641XL2PRIORITY
00000000   GBL_CACHE
00000000   GBL_L2CONFIGALLOC
00000000   GBL_L2MARMASK1
00000000   GBL_L2MARMASK2
00000000   GBL_L2MARMASK3
00000000   GBL_L2MARMASK4
00000000   GBL_L2MARMASK5
00000000   GBL_L2MODE
00000000   GBL_L2PRIORITY
00000000   GBL_NULL
00000000   GBL_PROCID
00000000   GBL_ROM
00000000   GBL_SUPPORTCSL
00000000   GIO$
00000000   HOOK$
00000000   HOOK_KNLID
00000000   HST_DSM
00000000   HST_NONE
00000000   HWI_A_VECS
00000000   HWI_GENERATE_RESET_VEC
00000000   HWI_INT10$hwi
00000000   HWI_INT11$hwi
00000000   HWI_INT12$hwi
00000000   HWI_INT13$hwi
00000000   HWI_INT14$hwi
00000000   HWI_INT15$hwi
00000000   HWI_INT4$hwi
00000000   HWI_INT5$hwi
00000000   HWI_INT6$hwi
00000000   HWI_INT7$hwi
00000000   HWI_INT8$hwi
00000000   HWI_INT9$hwi
00000000   HWI_NMI$hwi
00000000   HWI_POLARITYMASK
00000000   HWI_RESERVED0$hwi
00000000   HWI_RESERVED1$hwi
00000000   HWI_RESET
00000000   HWI_RESET$hwi
00000000   IDL_busyObj$iB
00000000   IDL_busyObj$operation
00000000   KNL_swi$ord
00000000   KNL_swi$pri
00000000   KNL_swi$sts$unittype
00000000   KNL_swi$swi
00000000   LOG0$log
00000000   LOG_system$datatype
00000000   LOG_system$log
00000000   MBX$
00000000   MEM_MALLOCSEG
00000000   MEM_NULL
00000000   MEM_SEGZERO
00000000   MEM_USEMPC
00000000   MEM_gNumHeap
00000000   MSGQ$
00000000   MSGQ_USEMSGQ
00000000   OBJ$
00000000   PIP$
00000000   PIP_gNextId
00000000   POOL$
00000000   POOL_USEPOOL
00000000   PRD_A_TABBEG
00000000   PRD_A_TABEND
00000000   PRD_A_TABLEN
00000000   PRD_SWIHANDLE
00000000   RTA_fromHost$hst
00000000   RTA_fromHost$mode
00000000   RTA_toHost$hst
00000000   RTA_toHost$id
00000000   RTDX_MODE
00000000   RTDX_USERTEXECUTION
00000000   SEM$
00000000   SIO$
00000000   SWI_EHOOKFXN
00000000   SWI_IHOOKFXN
00000000   SWI_ping$sts$unittype
00000000   SWI_ping$swi
00000000   SWI_pong$sts$unittype
00000000   SWI_pong$swi
00000000   TSK_NUM_HOOKS
00000000   TSK_READYFXN
00000000   TSK_STACKSEG
00000000   TSK_SWITCHFXN
00000000   TSK_idle$ord
00000000   TSK_idle$pri
00000000   TSK_idle$sts$unittype
00000000   TSK_idle$tsk
00000000   UDEV$
00000000   _CLK_TDDR
00000000   _CLK_TIMERNUM
00000000   _GBL_CACHE
00000000   _HWI_RESET
00000000   _MEM_memtab
00000000   _RTDX_interrupt_mask
00000000   ___data__
00000000   ___edata__
00000000   edata
00000000   hwi0
00000001   BUF_ENABLED
00000001   CLK$
00000001   CLK_CALDIV
00000001   CLK_HTIMEDIV
00000001   CLK_LTIMEDIV
00000001   CLK_USETIMER
00000001   GBL$
00000001   GBL_CALLCSLCFGINIT
00000001   GBL_ENABLEINST
00000001   GBL_L2CONFIGURE
00000001   GBL_L2MARMASK
00000001   GBL_USERINIT
00000001   GBL_boot
00000001   HST$
00000001   HST_RTDX
00000001   HWI$
00000001   HWI_NMI
00000001   HWI_ZEROTAB
00000001   IDL$
00000001   IDL_USECLKIDLTIME
00000001   IDL_busyObj$filter
00000001   IDL_busyObj$iA
00000001   IDL_busyObj$iC
00000001   ISRC$
00000001   KNL_swi$dorta
00000001   KNL_swi$sts$filtmaxmult
00000001   KNL_swi$sts$filtsummult
00000001   LCK$
00000001   LOG$
00000001   LOG0$datatype
00000001   LOG_ENABLED
00000001   MEM$
00000001   PRD$
00000001   QUE$
00000001   RTA_fromHost$id
00000001   RTA_toHost$mode
00000001   RTDX$
00000001   RTDX_NORMALIZED_HDR
00000001   RTDX_USERTDX
00000001   STS$
00000001   SWI$
00000001   SWI_ping$dorta
00000001   SWI_ping$ord
00000001   SWI_ping$sts$filtmaxmult
00000001   SWI_ping$sts$filtsummult
00000001   SWI_pong$dorta
00000001   SWI_pong$sts$filtmaxmult
00000001   SWI_pong$sts$filtsummult
00000001   SYS$
00000001   TSK$
00000001   TSK_PRIORITY
00000001   TSK_idle$sts$filtmaxmult
00000001   TSK_idle$sts$filtsummult
00000001   _CLK_USETIMER
00000001   _HWI_NMI
00000002   HWI_RESERVED0
00000002   IDL_busyObj$unittype
00000002   KNL_swi$sts$filter
00000002   LOG_A_TABLEN
00000002   PIP_A_TABLEN
00000002   PIP_gNumEmbed
00000002   SWI_ping$pri
00000002   SWI_ping$sts$filter
00000002   SWI_pong$ord
00000002   SWI_pong$pri
00000002   SWI_pong$sts$filter
00000002   TSK_idle$sts$filter
00000002   _HWI_RESERVED0
00000002   _LOG_A_TABLEN
00000002   _RTDX_JTAGONLY
00000003   HWI_RESERVED1
00000003   SWI_A_TABLEN
00000003   _HWI_RESERVED1
00000004   CLK_CALMULT
00000004   CLK_HTIMEMULT
00000004   HWI_INT4
00000004   RTA_fromHost$framesize
00000004   _HWI_INT4
00000005   HWI_INT5
00000005   _HWI_INT5
00000006   HWI_INT6
00000006   IDL_CALIBRERROR
00000006   _HWI_INT6
00000007   HWI_INT7
00000007   _HWI_INT7
00000008   HWI_INT8
00000008   _HWI_INT8
00000009   HWI_INT9
00000009   _HWI_INT9
0000000a   HWI_INT10
0000000a   _HWI_INT10
0000000b   HWI_INT11
0000000b   _HWI_INT11
0000000c   HWI_INT12
0000000c   _HWI_INT12
0000000d   HWI_INT13
0000000d   _HWI_INT13
0000000e   HWI_INT14
0000000e   _HWI_INT14
0000000f   HWI_INT15
0000000f   _HWI_INT15
00000020   CLK_TCR
00000020   hwi1
0000003e   GBL_DSPTYPE
00000040   HST_MAXFRAMESET
00000040   LOG_system$size
00000040   RTA_toHost$framesize
00000040   hwi2
00000042   GBL_FOOTPRINT
00000060   hwi3
00000064   PIP_OBJSIZE
00000080   hwi4
000000a0   hwi5
000000c0   hwi6
000000e0   hwi7
000000ff   HST_MAXFRAMEALLOWED
00000100   LOG0$size
00000100   hwi8
00000120   hwi9
00000140   hwi10
00000160   hwi11
00000180   hwi12
000001a0   hwi13
000001c0   hwi14
000001e0   hwi15
00000200   LNK_F_checkBufferCall
00000220   LNK_F_getChanPtr
00000278   LNK_F_init
00000280   LNK_F_dataPump
00000294   LNK_rcloop
00000360   LNK_rdrtry
00000370   LNK_rrloop
000003e8   CLK_MICROSECS
00000400   HST_DSMMEMSIZE
00000400   TSK_STACKSIZE
00000400   __STACK_SIZE
00000408   RTDX_BUFMEMSIZE
00000434   LNK_wrrtry
00000444   LNK_wrloop
00000520   LNK_newin
00000660   LNK_newout
000007c4   LNK_F_readCallBack
00000c34   __GBL_setL2CacheMode
00000de0   SWI_F_enable
00000de0   __SWI_lat3beg
00000e4c   __SWI_lat3end
00000e50   SWI_F_post
00000e50   _SWI_post
00000f8c   __SWI_lat1beg
00000ffc   SWI_EXECFXN
00000ffc   SWI_F_exec
00001028   SWI_F_iexec
00001040   __SWI_lat1end
00001044   __SWI_lat2beg
000010b4   __SWI_lat2end
000010b8   SWI_F_run
000010b8   SWI_RUNFXN
00001320   CLK_HOOKFXN
00001320   HWI_F_dispatch
00001320   _HWI_F_dispatch
00001320   __HWI_lat1beg
000014a0   __HWI_lat1end
000014a0   __HWI_lat2beg
000015cc   __HWI_lat2end2
000015fc   __HWI_lat3end2
00001640   __HWI_lat2end1
00001660   __HWI_lat3beg
00001760   __HWI_lat3end1
00001770   GBL_CLKTYPE
00001780   PRD_F_swi
00001a39   GBL_DSPSUBTYPE
00001a40   PRD_F_tick
00001b20   _KNL_run
00001de0   RTA_F_getlog
00001e24   RTA_F_getsts
00001e6c   RTA_F_readblk
00001e8c   RTA_F_writeword
00001e98   RTA_F_resetmem
00001e98   __RTA_lat1beg
00001ed0   __RTA_lat1end
00001ed8   RTA_F_dispatch
00001f28   RTA_execute
000020a0   _SEM_pendEnterKnl
00002226   GBL_L2ALLOC
000025a0   PRD_THOOKFXN
000025a0   _KNL_tick
000025c0   PIP_F_take
00002654   PIP_F_give
00002654   PIP_F_probe
00002728   PIP_F_start
00002800   __SEM_dopost
00002a20   _TSK_setup
00002c20   _KNL_saveIsrFrame
00002cec   _KNL_switch
00002da0   KNL_glue
00002de0   CLK_F_getltime
00002df4   CLK_F_isr
00002f54   CLK_F_itime
00002f54   _CLK_F_itime
00002f54   _CLK_itime
00002f70   __CLK_lat1beg
00002f9c   __CLK_lat1end
00002fa0   _TSK_exit
00003140   __auto_init
00003380   _TSK_startup
00003440   _KNL_check
00003490   __KNL_lat1beg
00003518   _KNL_idle
00003518   __KNL_lat1end
0000353c   _KNL_max
00003580   _GBL_cslCacheInit
00003660   _KNL_exit
000036b4   _KNL_enter
00003740   _SEM_postEnterKnl
00003820   _SEM_post
00003820   _SEM_postBinary
00003900   _CLK_measure
000039e0   _KNL_ipost
00003aa0   _KNL_post
00003b60   _LCK_post
00003b90   _LCK_pend
00003c20   _SYS_exit
00003ce0   CLK_F_getfhtime
00003d00   CLK_F_gethtime
00003d00   CLK_F_getshtime
00003d00   CLK_TIMEFXN
00003da0   FXN_F_nop
00003da8   FXN_F_run
00003da8   _FXN_F_run
00003df8   FXN_F_zero
00003df8   _FXN_F_zero
00003e20   IDL_F_busy
00003e20   __IDL_lat1beg
00003e70   __IDL_lat1end
00003ea0   LOG_F_event
00003ea0   _LOG_event
00003ea0   __LOG_lat1beg
00003f20   STS_F_delta
00003f20   _STS_delta
00003f58   STS_F_add
00003f58   _STS_add
00003f84   STS_F_reset
00003f84   _STS_reset
00003fa0   IDL_F_calibrate
00004000   CLK_INTBIT
00004000   PRD_SCALAR
00004020   _HWI_disable
00004038   _HWI_enable
0000404c   _HWI_restore
00004080   _SEM_pend
000040e0   _SYS_abort
00004108   HWI_CFGDISPATCHED
00004108   _HWI_CFGDISPATCHED
00004140   SYS_PUTCFXN
00004140   _UTL_doPutc
000041a0   _CLK_start
00004200   IDL_CALIBRFXN
00004200   IDL_F_stub
00004240   RTA_F_andn
00004260   RTA_F_or
00004280   SYS_ABORTFXN
00004280   _UTL_doAbort
000042c0   _CLK_stop
00004300   GIO_CREATEFXN
00004300   GIO_DELETEFXN
00004300   GIO_PENDFXN
00004300   GIO_POSTFXN
00004300   TSK_VCREATEFXN
00004300   TSK_VDELETEFXN
00004300   TSK_VEXITFXN
00004300   _FXN_F_nop
00004320   _GBL_getVersion
00004340   IDL_F_loop
00004340   _IDL_loop
00004360   _LOG_printf
00004380   _STS_set
000043a0   SYS_ERRORFXN
000043a0   _UTL_doError
000043c0   SYS_EXITFXN
000043c0   _UTL_halt
000043e0   .text
000043e0   ___text__
00004428   _main
0000444c   _init
00004afc   _output_sample
00004b54   _c_int8
00004cb4   _SWI_ping_ftn
00004d94   _SWI_pong_ftn
00004e20   GBL_CLKIN
00004eb0   _DSK6713_init
000051b0   _DSK6713_rget
000051c4   _DSK6713_rset
000051d8   _DSK6713_wait
00005205   GBL_A_VERSION
0000522c   _DSK6713_waitusec
00005258   _DSK6713_getVersion
000052e0   _DSK6713_AIC23_openCodec
000055e0   _EDMA_open
00005860   _memcpy
00005aa0   __CSL_init
00005cc0   _IRQ_map
00006040   _EDMA_allocTable
000061e0   _MCBSP_reset
00006380   _wait500nS
000063a8   GBL_USERINITFXN
000063a8   _GBL_setPLLto225MHz
00006500   _call_dtors
00006660   _EDMA_reset
000067a0   _TIMER_open
000068e0   _DSK6713_AIC23_rset
0000697c   _DSK6713_AIC23_rget
000069a0   _DSK6713_AIC23_config
00006a20   _TIMER_reset
00006b40   _MCBSP_open
00006c40   _MCBSP_start
00006d40   _EDMA_config
00006e20   __strasg
00006f00   _atexit
00006fe0   _EDMA_clearPram
00007160   __IRQ_init
000072a0   _EDMA_disableChannel
00007300   _EDMA_enableChannel
00007360   _EDMA_intDisable
000073c0   _EDMA_intEnable
00007420   _EDMA_qdmaConfig
00007480   _IRQ_enable
000074c0   _IRQ_reset
00007500   ___add_dtor
00007540   _CSL6713_LIB_
00007560   _EDMA_intClear
00007580   _EDMA_intTest
000075a0   _MCBSP_write
000075c0   __nop
000075e0   __register_lock
00007600   __register_unlock
00007620   __IRQ_hookFetchPacket
00007640   ___cinit__
00007640   ___etext__
00007640   cinit
00007640   etext
00008824   RTA_fromHost$buf
00008834   ___pinit__
00008834   pinit
00008840   _RTDX_Poll
00008c40   _RTDX_Buffer_WriteCB
00009280   _RTDX_Mon_Queue
000094a0   _RTDX_Init_RT_Monitor
00009520   _RTDX_Buffer_Initialize
00009580   _RTDX_Buffer_ReadCB
000095e0   _RTDX_Buffer_Size
00009620   _RTDX_Final_RT_Monitor
00009660   _RTDX_Buffer_Read
00009680   _RTDX_Buffer_Write
000096c0   _RTDX_Mask_IER
000096e0   ___atexit_func_id__
00009890   __IRQ_eventTable
00009914   __IRQ_intTable
00009954   __IRQ_dispatchTable
0000995c   _config1
00009984   _hCodec
00009988   _AIC_data
0000998c   _hEdma_rx
00009990   _hEdmaPing_rx
00009994   _hEdmaPong_rx
00009998   _cfgEdma_rx
000099b0   _hEdma_tx
000099b4   _hEdmaPing_tx
000099b8   _hEdmaPong_tx
000099bc   _cfgEdma_tx
000099d4   _cfgEdmaPing_rx
000099ec   _cfgEdmaPong_rx
00009a04   _cfgEdmaPing_tx
00009a1c   _cfgEdmaPong_tx
00009a34   _Volume
00009a38   _KNL_queues
00009ad8   _KNL_dummy
00009b10   _TSK_ATTRS
00009b2c   _TSK_config
00009b4c   _TSK_timerSem
00009b6c   _OBJ_table
00009ba4   _OBJ_segtab
00009bd4   _tccAllocTable
00009c14   __TSK_mutex
00009c3c   __MEM_mutex
00009c94   __MCBSP_hDev0
00009c98   __MCBSP_hDev1
00009cec   __TIMER_deviceTable
00009d04   __TIMER_hDev0
00009d08   __TIMER_hDev1
00009d0c   __TIMER_hBios
00009d10   _SYS_exitStack
00009d4c   __cleanup_ptr
00009d50   __dtors_ptr
00009d54   ___TI_enable_exit_profile_output
00009d58   _DSK6713_AIC23_codeccontrolhandle
00009d5c   _DSK6713_AIC23_codecdatahandle
00009d60   __lock
00009d64   __unlock
00009d68   _dtors
00009d6c   _DSK6713_version
00009d70   _RTDX_Buffer
0000a178   _RTDX_Buffer_Start
0000a17c   _RTDX_Buffer_End
0000a180   _rtdx_buffer_state
0000a18c   _RTDX_writing
0000a1a0   _rtdx_mon_state
0000a1c0   BIOS_init
0000a1c0   _BIOS_init
0000a324   BIOS$$CLKON
0000a364   BIOS$$CLKOFF
0000a3cc   BIOS_start
0000a3cc   _BIOS_start
0000a480   _c_int00
0000a540   _TSK_init
0000a5c0   _OBJ_init
0000a5e0   IDL_A_TABBEG
0000a5e0   IDL_cpuLoad
0000a5e0   _IDL_cpuLoad
0000a5e4   LNK_dataPump
0000a5e4   _LNK_dataPump
0000a5e8   RTA_dispatcher
0000a5e8   _RTA_dispatcher
0000a5ec   IDL_END
0000a5f0   IDL_A_CALBEG
0000a5f0   IDL_cpuLoad$
0000a5f4   LNK_dataPump$
0000a5f8   RTA_dispatcher$
0000a5fc   IDL_END$
0000a600   _rx_ping
0000a680   _rx_pong
0000a700   _tx_ping
0000a780   _tx_pong
0000a800   LOG0$buf
0000ac00   TSK_idle$stack
0000af98   TSK_idle$stkptr
0000b000   GBL_stackbeg
0000b000   _HWI_STKTOP
0000b000   __stack
0000b3f8   _HWI_STKBOTTOM
0000b3ff   GBL_stackend
0000b400   $bss
0000b400   .bss
0000b400   _HWI_dispatchTab
0000b400   __STACK_END
0000b400   ___bss__
0000b500   IDL_D_tabbeg
0000b504   IDL_D_calibrate
0000b508   IDL_D_calbeg
0000b50c   LOG_D_system
0000b50c   _LOG_D_system
0000b510   PIP_D_tabbeg
0000b514   PIP_D_tablen
0000b518   CLK_R_time
0000b51c   CLK_D_timefxn
0000b520   CLK_D_tabbeg
0000b524   CLK_D_isrhook
0000b528   CLK_D_idletime
0000b52c   _CLK_htimeDiv
0000b530   _CLK_htimeMult
0000b534   _CLK_ltimeDiv
0000b538   _CLK_ltimeMult
0000b53c   _CLK_D_dirty
0000b540   _CLK_D_prd
0000b544   _CLK_D_tddr
0000b548   _CLK_D_countspms
0000b54c   PRD_D_tick
0000b54c   _PRD_D_tick
0000b550   PRD_D_cur
0000b554   PRD_D_elapsed
0000b558   PRD_D_prevtim
0000b55c   PRD_D_scalar
0000b560   PRD_D_swihandle
0000b564   PRD_D_tabbeg
0000b568   PRD_D_tablen
0000b56c   PRD_D_thook
0000b570   RTA_D_fromHost
0000b574   RTA_D_toHost
0000b578   RTA_D_logval
0000b588   RTA_D_stsval
0000b594   HST_D_chanmask
0000b598   HST_D_tabbeg
0000b59c   HST_D_tabend
0000b5a0   _GBL_procId
0000b5a4   _GBL_clkIn
0000b5a8   _GBL_freq
0000b5ac   _MEM_D_NUMSEGMENTS
0000b5b0   _MEM_D_memtab
0000b5b4   _MEM_D_freelist
0000b5b8   _MEM_D_lockaddr
0000b5bc   _MEM_D_unlockaddr
0000b5c0   _SYS
0000b5c4   __HOOK_knlId
0000b5c8   __HOOK_NUMHOOKS
0000b5cc   SWI_D_runaddr
0000b5cc   _SWI_D_runaddr
0000b5cc   _SWI_data
0000b5d0   SWI_D_execaddr
0000b5d0   _SWI_D_execaddr
0000b5d4   SWI_D_curmask
0000b5d4   _SWI_D_curmask
0000b5d8   SWI_D_curset
0000b5d8   _SWI_D_curset
0000b5dc   SWI_D_lock
0000b5dc   _SWI_D_lock
0000b5e0   SWI_D_curmbox
0000b5e4   SWI_D_curfxn
0000b5e4   _SWI_D_curfxn
0000b5e8   SWI_D_rdybeg
0000b5e8   _SWI_D_rdybeg
0000b5ec   SWI_D_inswi
0000b5ec   _SWI_D_inswi
0000b5f0   SWI_D_rdytab
0000b668   _KNL_wFlag
0000b66c   _KNL_wList
0000b670   _KNL_alarm
0000b674   _KNL_setpri
0000b678   _KNL_inactive
0000b67c   _KNL_priority
0000b680   _KNL_set
0000b684   _KNL_curtask
0000b688   _KNL_prevtask
0000b68c   _KNL_curtime
0000b690   _KNL_swiptr
0000b694   _KNL_curqueue
0000b698   _KNL_maxqueue
0000b69c   _KNL_tswitchfxn
0000b6a0   _KNL_tcreatefxn
0000b6a4   _KNL_tdeletefxn
0000b6a8   _KNL_treadyfxn
0000b6ac   _KNL_idlefxn
0000b6b0   HWI_D_spsave
0000b6b0   _HWI_D_spsave
0000b6b0   _HWI_data
0000b6bc   _HWI_D_inhwi
0000b6c0   HWI_D_bss
0000b6c4   HWI_D_ccmask
0000b6c8   RTA_fromHost$pipe$dtab
0000b6d4   RTA_toHost$pipe$dtab
0000b6e0   LNK_dspFrameRequestMask
0000b6e0   _LNK_dspFrameRequestMask
0000b6e4   LNK_dspFrameReadyMask
0000b6e4   _LNK_dspFrameReadyMask
0000b6e8   LNK_readPend
0000b6e8   _LNK_readPend
0000b6ec   LNK_readDone
0000b6ec   _LNK_readDone
0000b6f0   LNK_readFail
0000b6f0   _LNK_readFail
0000b6f4   LNK_writeFail
0000b6f4   _LNK_writeFail
0000b700   _rtdxNullChanCnt
0000b704   _rtdxNullFuncCnt
0000b708   _TSK_nTasks
0000b70c   _TSK_pid
0000b710   _TSK
0000b714   _CLK_DFLTMICROSECS
0000b718   _CLK_D_microseconds
0000b71c   _SYS_exitStackPtr
0000b720   _SYS_exitStackTop
0000b724   _CLK_htimePerLtime
0000b72c   IDL_D_busyObj
0000b730   _SYS_PUTCBEG
0000b730   ___end__
0000b730   end
0000b92f   _SYS_PUTCEND
0000ba39   KNL_swi$sts$maxfmt
0000ba3c   KNL_swi
0000ba3c   SWI_A_TABBEG
0000ba3c   _KNL_swi
0000ba41   KNL_swi$sts$sumfmt
0000ba49   KNL_swi$sts$avgfmt
0000ba53   SWI_ping$sts$maxfmt
0000ba5b   SWI_ping$sts$sumfmt
0000ba63   SWI_ping$sts$avgfmt
0000ba68   SWI_ping
0000ba68   _SWI_ping
0000ba6d   SWI_pong$sts$maxfmt
0000ba75   SWI_pong$sts$sumfmt
0000ba7d   SWI_pong$sts$avgfmt
0000ba87   TSK_idle$sts$maxfmt
0000ba8f   TSK_idle$sts$sumfmt
0000ba94   SWI_pong
0000ba94   _SWI_pong
0000ba97   TSK_idle$sts$avgfmt
0000baa1   IDL_busyObj$maxfmt
0000baa4   IDL_busyObj$sumfmt
0000baa7   IDL_busyObj$avgfmt
0000bac0   HST_A_TABBEG
0000bac0   SWI_A_TABEND
0000bac0   _HST_A_TABBEG
0000bac4   RTA_fromHost
0000bac4   _RTA_fromHost
0000bacc   RTA_fromHost$rtdx
0000bae0   RTA_toHost
0000bae0   _RTA_toHost
0000bae8   RTA_toHost$rtdx
0000bafc   HST_A_TABEND
0000bafc   _HST_A_TABEND
0000bb00   LOG_system$buf
0000bc00   RTA_toHost$buf
0000bd00   PIP_A_TABBEG
0000bd00   RTA_fromHost$pipe
0000bd00   _PIP_A_TABBEG
0000bd04   RTA_fromHost$pipe$rd
0000bd30   RTA_fromHost$pipe$aaa
0000bd34   RTA_fromHost$pipe$wr
0000bd60   RTA_fromHost$pipe$bbb
0000bd64   RTA_toHost$pipe
0000bd68   RTA_toHost$pipe$rd
0000bd94   RTA_toHost$pipe$aaa
0000bd98   RTA_toHost$pipe$wr
0000bdc4   RTA_toHost$pipe$bbb
0000bdc8   PIP_A_TABEND
0000bdc8   _PIP_A_TABEND
0000bdd4   TSK_idle
0000bdd4   _TSK_idle
0000be28   KNL_swi$sts$stsobj
0000be28   STS_A_TABBEG
0000be28   _STS_A_TABBEG
0000be2c   KNL_swi$sts
0000be38   SWI_ping$sts$stsobj
0000be3c   SWI_ping$sts
0000be48   SWI_pong$sts$stsobj
0000be4c   SWI_pong$sts
0000be58   TSK_idle$sts$stsobj
0000be5c   TSK_idle$sts
0000be68   IDL_busyObj$stsobj
0000be6c   IDL_busyObj
0000be6c   _IDL_busyObj
0000be78   STS_A_TABEND
0000be78   _STS_A_TABEND
0000bec4   LOG_A_TABBEG
0000bec4   LOG_system
0000bec4   _LOG_A_TABBEG
0000bec4   _LOG_system
0000bedc   LOG0
0000bedc   _LOG0
0000bef4   LOG_A_TABEND
0000bef4   _LOG_A_TABEND
0000bf1c   SYS$config
0000bf2c   TRC_cinit
0000bf30   TRC_R_mask
0000bf30   _TRC_R_mask
0000bf34   GBL_initdone
0000bf38   CLK_A_TABBEG
0000bf38   PRD_clock
0000bf38   _PRD_clock
0000bf3c   CLK_null
0000dbba   CLK_COUNTSPMS
0000dbba   CLK_HTIMEPERLTIME
0000dbba   CLK_PRD
0000dbba   _CLK_COUNTSPMS
0000dbba   _CLK_PRD
0000dbef   GBL_TRCMASKVALUE
00036ee8   CLK_LTIMEMULT
00036ee8   GBL_FREQ
01940000   CLK_REGS
01940000   _CLK_REGS
082039a3   HWI_INTRMULTHIGH
310718a4   HWI_INTRMULTLOW
ffffffff   HST_DSMBUFSEG
ffffffff   IRAM
ffffffff   RTDX_DATAMEMSEG
ffffffff   SDRAM
ffffffff   _IRAM
ffffffff   _SDRAM
ffffffff   ___TI_pprof_out_hndl
ffffffff   ___TI_prof_data_size
ffffffff   ___TI_prof_data_start
ffffffff   ___binit__
ffffffff   ___c_args__
ffffffff   binit

[787 symbols]
