<?xml version="1.0"?>
<link_info>
   <banner>TMS320C6x Linker PC v7.4.15</banner>
   <copyright>Copyright (c) 1996-2015 Texas Instruments Incorporated</copyright>
   <link_time>0x564e5a54</link_time>
   <output_file>170 bios EDMA.out</output_file>
   <entry_point>
      <name>_c_int00</name>
      <address>0xa200</address>
   </entry_point>
   <input_file_list>
      <input_file id="fl-2">
         <path>.\</path>
         <kind>object</kind>
         <file>biosedma.obj</file>
         <name>biosedma.obj</name>
      </input_file>
      <input_file id="fl-3">
         <path>.\</path>
         <kind>object</kind>
         <file>biosedmacfg.obj</file>
         <name>biosedmacfg.obj</name>
      </input_file>
      <input_file id="fl-4">
         <path>.\</path>
         <kind>object</kind>
         <file>biosedmacfg_c.obj</file>
         <name>biosedmacfg_c.obj</name>
      </input_file>
      <input_file id="fl-89">
         <path>D:\Program Files\ti\bios_5_42_01_09\packages\ti\bios\lib\</path>
         <kind>archive</kind>
         <file>biosC6000.a67</file>
         <name>clk_htime.o67</name>
      </input_file>
      <input_file id="fl-8a">
         <path>D:\Program Files\ti\bios_5_42_01_09\packages\ti\bios\lib\</path>
         <kind>archive</kind>
         <file>bios.a67</file>
         <name>biosdata.o67</name>
      </input_file>
      <input_file id="fl-8b">
         <path>D:\Program Files\ti\bios_5_42_01_09\packages\ti\bios\lib\</path>
         <kind>archive</kind>
         <file>bios.a67</file>
         <name>hwi_disp_asm.o67</name>
      </input_file>
      <input_file id="fl-8c">
         <path>D:\Program Files\ti\bios_5_42_01_09\packages\ti\bios\lib\</path>
         <kind>archive</kind>
         <file>bios.a67</file>
         <name>idl_stub.o67</name>
      </input_file>
      <input_file id="fl-8d">
         <path>D:\Program Files\ti\bios_5_42_01_09\packages\ti\bios\lib\</path>
         <kind>archive</kind>
         <file>lnkrtdx.a67</file>
         <name>rtdx.o67</name>
      </input_file>
      <input_file id="fl-8e">
         <path>D:\Program Files\ti\bios_5_42_01_09\packages\ti\bios\lib\</path>
         <kind>archive</kind>
         <file>bios.a67</file>
         <name>swi.o67</name>
      </input_file>
      <input_file id="fl-8f">
         <path>D:\Program Files\ti\bios_5_42_01_09\packages\ti\bios\lib\</path>
         <kind>archive</kind>
         <file>bios.a67</file>
         <name>fxn_c.o67</name>
      </input_file>
      <input_file id="fl-90">
         <path>D:\Program Files\ti\bios_5_42_01_09\packages\ti\bios\lib\</path>
         <kind>archive</kind>
         <file>bios.a67</file>
         <name>gbl_cslpllinit62.o67</name>
      </input_file>
      <input_file id="fl-91">
         <path>D:\Program Files\ti\bios_5_42_01_09\packages\ti\bios\lib\</path>
         <kind>archive</kind>
         <file>bios.a67</file>
         <name>knl_tick.o67</name>
      </input_file>
      <input_file id="fl-92">
         <path>D:\Program Files\ti\bios_5_42_01_09\packages\ti\bios\lib\</path>
         <kind>archive</kind>
         <file>bios.a67</file>
         <name>utl_doab.o67</name>
      </input_file>
      <input_file id="fl-93">
         <path>D:\Program Files\ti\bios_5_42_01_09\packages\ti\bios\lib\</path>
         <kind>archive</kind>
         <file>bios.a67</file>
         <name>utl_doer.o67</name>
      </input_file>
      <input_file id="fl-94">
         <path>D:\Program Files\ti\bios_5_42_01_09\packages\ti\bios\lib\</path>
         <kind>archive</kind>
         <file>bios.a67</file>
         <name>utl_putc.o67</name>
      </input_file>
      <input_file id="fl-95">
         <path>D:\Program Files\ti\bios_5_42_01_09\packages\ti\bios\lib\</path>
         <kind>archive</kind>
         <file>bios.a67</file>
         <name>utl_halt.o67</name>
      </input_file>
      <input_file id="fl-96">
         <path>D:\Program Files\ti\bios_5_42_01_09\packages\ti\bios\lib\</path>
         <kind>archive</kind>
         <file>biosC6000.a67</file>
         <name>clk.o67</name>
      </input_file>
      <input_file id="fl-97">
         <path>D:\Program Files\ti\bios_5_42_01_09\packages\ti\bios\lib\</path>
         <kind>archive</kind>
         <file>bios.a67</file>
         <name>fxn.o67</name>
      </input_file>
      <input_file id="fl-98">
         <path>D:\Program Files\ti\bios_5_42_01_09\packages\ti\bios\lib\</path>
         <kind>archive</kind>
         <file>bios.a67</file>
         <name>boot.o67</name>
      </input_file>
      <input_file id="fl-99">
         <path>D:\Program Files\ti\bios_5_42_01_09\packages\ti\bios\lib\</path>
         <kind>archive</kind>
         <file>bios.a67</file>
         <name>trc.o67</name>
      </input_file>
      <input_file id="fl-9a">
         <path>D:\Program Files\ti\bios_5_42_01_09\packages\ti\bios\lib\</path>
         <kind>archive</kind>
         <file>bios.a67</file>
         <name>hwi.o67</name>
      </input_file>
      <input_file id="fl-9b">
         <path>D:\Program Files\ti\bios_5_42_01_09\packages\ti\bios\lib\</path>
         <kind>archive</kind>
         <file>bios.a67</file>
         <name>idl_busy.o67</name>
      </input_file>
      <input_file id="fl-9c">
         <path>D:\Program Files\ti\bios_5_42_01_09\packages\ti\bios\lib\</path>
         <kind>archive</kind>
         <file>biosC6000.a67</file>
         <name>idl_cal.o67</name>
      </input_file>
      <input_file id="fl-9d">
         <path>D:\Program Files\ti\bios_5_42_01_09\packages\ti\bios\lib\</path>
         <kind>archive</kind>
         <file>bios.a67</file>
         <name>idl.o67</name>
      </input_file>
      <input_file id="fl-9e">
         <path>D:\Program Files\ti\bios_5_42_01_09\packages\ti\bios\lib\</path>
         <kind>archive</kind>
         <file>bios.a67</file>
         <name>knl_swit.o67</name>
      </input_file>
      <input_file id="fl-9f">
         <path>D:\Program Files\ti\bios_5_42_01_09\packages\ti\bios\lib\</path>
         <kind>archive</kind>
         <file>bios.a67</file>
         <name>log.o67</name>
      </input_file>
      <input_file id="fl-a0">
         <path>D:\Program Files\ti\bios_5_42_01_09\packages\ti\bios\lib\</path>
         <kind>archive</kind>
         <file>bios.a67</file>
         <name>pip.o67</name>
      </input_file>
      <input_file id="fl-a1">
         <path>D:\Program Files\ti\bios_5_42_01_09\packages\ti\bios\lib\</path>
         <kind>archive</kind>
         <file>bios.a67</file>
         <name>prd.o67</name>
      </input_file>
      <input_file id="fl-a2">
         <path>D:\Program Files\ti\bios_5_42_01_09\packages\ti\bios\lib\</path>
         <kind>archive</kind>
         <file>bios.a67</file>
         <name>rta.o67</name>
      </input_file>
      <input_file id="fl-a3">
         <path>D:\Program Files\ti\bios_5_42_01_09\packages\ti\bios\lib\</path>
         <kind>archive</kind>
         <file>bios.a67</file>
         <name>rta_andn.o67</name>
      </input_file>
      <input_file id="fl-a4">
         <path>D:\Program Files\ti\bios_5_42_01_09\packages\ti\bios\lib\</path>
         <kind>archive</kind>
         <file>bios.a67</file>
         <name>sts.o67</name>
      </input_file>
      <input_file id="fl-a5">
         <path>D:\Program Files\ti\bios_5_42_01_09\packages\ti\bios\lib\</path>
         <kind>archive</kind>
         <file>bios.a67</file>
         <name>clk_data.o67</name>
      </input_file>
      <input_file id="fl-a6">
         <path>D:\Program Files\ti\bios_5_42_01_09\packages\ti\bios\lib\</path>
         <kind>archive</kind>
         <file>bios.a67</file>
         <name>clk_data2.o67</name>
      </input_file>
      <input_file id="fl-a7">
         <path>D:\Program Files\ti\bios_5_42_01_09\packages\ti\bios\lib\</path>
         <kind>archive</kind>
         <file>biosC6000.a67</file>
         <name>clk_meas.o67</name>
      </input_file>
      <input_file id="fl-a8">
         <path>D:\Program Files\ti\bios_5_42_01_09\packages\ti\bios\lib\</path>
         <kind>archive</kind>
         <file>biosC6000.a67</file>
         <name>clk_start.o67</name>
      </input_file>
      <input_file id="fl-a9">
         <path>D:\Program Files\ti\bios_5_42_01_09\packages\ti\bios\lib\</path>
         <kind>archive</kind>
         <file>biosC6000.a67</file>
         <name>clk_stop.o67</name>
      </input_file>
      <input_file id="fl-aa">
         <path>D:\DT Docs on D\CCS\libraries\cslupdate\lib_3x\</path>
         <kind>archive</kind>
         <file>csl6713.lib</file>
         <name>csl.obj</name>
      </input_file>
      <input_file id="fl-ab">
         <path>D:\DT Docs on D\CCS\libraries\dsk6713\lib\</path>
         <kind>archive</kind>
         <file>dsk6713bsl.lib</file>
         <name>dsk6713_aic23_opencodec.obj</name>
      </input_file>
      <input_file id="fl-ac">
         <path>D:\DT Docs on D\CCS\libraries\dsk6713\lib\</path>
         <kind>archive</kind>
         <file>dsk6713bsl.lib</file>
         <name>dsk6713_aic23_registers.obj</name>
      </input_file>
      <input_file id="fl-ad">
         <path>D:\DT Docs on D\CCS\libraries\dsk6713\lib\</path>
         <kind>archive</kind>
         <file>dsk6713bsl.lib</file>
         <name>dsk6713.obj</name>
      </input_file>
      <input_file id="fl-ae">
         <path>D:\DT Docs on D\CCS\libraries\cslupdate\lib_3x\</path>
         <kind>archive</kind>
         <file>csl6713.lib</file>
         <name>csl_edma.obj</name>
      </input_file>
      <input_file id="fl-af">
         <path>D:\Program Files\ti\bios_5_42_01_09\packages\ti\bios\lib\</path>
         <kind>archive</kind>
         <file>bios.a67</file>
         <name>gbl_cslcacheinit.o67</name>
      </input_file>
      <input_file id="fl-b0">
         <path>D:\Program Files\ti\bios_5_42_01_09\packages\ti\bios\lib\</path>
         <kind>archive</kind>
         <file>bios.a67</file>
         <name>gbl_vers.o67</name>
      </input_file>
      <input_file id="fl-b1">
         <path>D:\Program Files\ti\bios_5_42_01_09\packages\ti\bios\lib\</path>
         <kind>archive</kind>
         <file>bios.a67</file>
         <name>hwi_c.o67</name>
      </input_file>
      <input_file id="fl-b2">
         <path>D:\DT Docs on D\CCS\libraries\cslupdate\lib_3x\</path>
         <kind>archive</kind>
         <file>csl6713.lib</file>
         <name>csl_irq.obj</name>
      </input_file>
      <input_file id="fl-b3">
         <path>D:\Program Files\ti\bios_5_42_01_09\packages\ti\bios\lib\</path>
         <kind>archive</kind>
         <file>bios.a67</file>
         <name>knl.o67</name>
      </input_file>
      <input_file id="fl-b4">
         <path>D:\Program Files\ti\bios_5_42_01_09\packages\ti\bios\lib\</path>
         <kind>archive</kind>
         <file>bios.a67</file>
         <name>knl_exit.o67</name>
      </input_file>
      <input_file id="fl-b5">
         <path>D:\Program Files\ti\bios_5_42_01_09\packages\ti\bios\lib\</path>
         <kind>archive</kind>
         <file>bios.a67</file>
         <name>knl_chec.o67</name>
      </input_file>
      <input_file id="fl-b6">
         <path>D:\Program Files\ti\bios_5_42_01_09\packages\ti\bios\lib\</path>
         <kind>archive</kind>
         <file>bios.a67</file>
         <name>knl_post.o67</name>
      </input_file>
      <input_file id="fl-b7">
         <path>D:\Program Files\ti\bios_5_42_01_09\packages\ti\bios\lib\</path>
         <kind>archive</kind>
         <file>bios.a67</file>
         <name>knl_ipos.o67</name>
      </input_file>
      <input_file id="fl-b8">
         <path>D:\Program Files\ti\bios_5_42_01_09\packages\ti\bios\lib\</path>
         <kind>archive</kind>
         <file>bios.a67</file>
         <name>knl_run.o67</name>
      </input_file>
      <input_file id="fl-b9">
         <path>D:\Program Files\ti\bios_5_42_01_09\packages\ti\bios\lib\</path>
         <kind>archive</kind>
         <file>bios.a67</file>
         <name>log_printf.o67</name>
      </input_file>
      <input_file id="fl-ba">
         <path>D:\DT Docs on D\CCS\libraries\cslupdate\lib_3x\</path>
         <kind>archive</kind>
         <file>csl6713.lib</file>
         <name>csl_mcbsp.obj</name>
      </input_file>
      <input_file id="fl-bb">
         <path>D:\Program Files\ti\bios_5_42_01_09\packages\ti\bios\lib\</path>
         <kind>archive</kind>
         <file>bios.a67</file>
         <name>obj_init.o67</name>
      </input_file>
      <input_file id="fl-bc">
         <path>D:\Program Files\ti\bios_5_42_01_09\packages\ti\rtdx\lib\c6000\</path>
         <kind>archive</kind>
         <file>rtdx.lib</file>
         <name>buffer2.o62</name>
      </input_file>
      <input_file id="fl-bd">
         <path>D:\Program Files\ti\bios_5_42_01_09\packages\ti\rtdx\lib\c6000\</path>
         <kind>archive</kind>
         <file>rtdx.lib</file>
         <name>buffer1.o62</name>
      </input_file>
      <input_file id="fl-be">
         <path>D:\Program Files\ti\bios_5_42_01_09\packages\ti\rtdx\lib\c6000\</path>
         <kind>archive</kind>
         <file>rtdx.lib</file>
         <name>intr_tgt.o62</name>
      </input_file>
      <input_file id="fl-bf">
         <path>D:\Program Files\ti\bios_5_42_01_09\packages\ti\rtdx\lib\c6000\</path>
         <kind>archive</kind>
         <file>rtdx.lib</file>
         <name>rtdx_mon.o62</name>
      </input_file>
      <input_file id="fl-c0">
         <path>D:\Program Files\ti\bios_5_42_01_09\packages\ti\bios\lib\</path>
         <kind>archive</kind>
         <file>bios.a67</file>
         <name>sts_set.o67</name>
      </input_file>
      <input_file id="fl-c1">
         <path>D:\DT Docs on D\CCS\libraries\cslupdate\lib_3x\</path>
         <kind>archive</kind>
         <file>csl6713.lib</file>
         <name>csl_timer.obj</name>
      </input_file>
      <input_file id="fl-c2">
         <path>D:\Program Files\ti\bios_5_42_01_09\packages\ti\bios\lib\</path>
         <kind>archive</kind>
         <file>bios.a67</file>
         <name>tsk.o67</name>
      </input_file>
      <input_file id="fl-c3">
         <path>D:\Program Files\ti\bios_5_42_01_09\packages\ti\bios\lib\</path>
         <kind>archive</kind>
         <file>bios.a67</file>
         <name>tsk_exit.o67</name>
      </input_file>
      <input_file id="fl-c4">
         <path>D:\Program Files\ti\bios_5_42_01_09\packages\ti\bios\lib\</path>
         <kind>archive</kind>
         <file>bios.a67</file>
         <name>sys_exit.o67</name>
      </input_file>
      <input_file id="fl-c5">
         <path>D:\Program Files\ti\bios_5_42_01_09\packages\ti\bios\lib\</path>
         <kind>archive</kind>
         <file>bios.a67</file>
         <name>sys.o67</name>
      </input_file>
      <input_file id="fl-c6">
         <path>D:\Program Files\ti\bios_5_42_01_09\packages\ti\bios\lib\</path>
         <kind>archive</kind>
         <file>bios.a67</file>
         <name>tsk_init.o67</name>
      </input_file>
      <input_file id="fl-c7">
         <path>D:\Program Files\ti\bios_5_42_01_09\packages\ti\bios\lib\</path>
         <kind>archive</kind>
         <file>bios.a67</file>
         <name>tsk_setu.o67</name>
      </input_file>
      <input_file id="fl-c8">
         <path>D:\Program Files\ti\bios_5_42_01_09\packages\ti\bios\lib\</path>
         <kind>archive</kind>
         <file>bios.a67</file>
         <name>tsk_stup.o67</name>
      </input_file>
      <input_file id="fl-c9">
         <path>D:\Program Files\ti\bios_5_42_01_09\packages\ti\bios\lib\</path>
         <kind>archive</kind>
         <file>bios.a67</file>
         <name>lck.o67</name>
      </input_file>
      <input_file id="fl-ca">
         <path>D:\Program Files\ti\bios_5_42_01_09\packages\ti\bios\lib\</path>
         <kind>archive</kind>
         <file>bios.a67</file>
         <name>sem_pend_counting.o67</name>
      </input_file>
      <input_file id="fl-cb">
         <path>D:\Program Files\ti\bios_5_42_01_09\packages\ti\bios\lib\</path>
         <kind>archive</kind>
         <file>bios.a67</file>
         <name>sem_pend.o67</name>
      </input_file>
      <input_file id="fl-cc">
         <path>D:\Program Files\ti\bios_5_42_01_09\packages\ti\bios\lib\</path>
         <kind>archive</kind>
         <file>bios.a67</file>
         <name>sem_post_asm.o67</name>
      </input_file>
      <input_file id="fl-cd">
         <path>D:\Program Files\ti\bios_5_42_01_09\packages\ti\bios\lib\</path>
         <kind>archive</kind>
         <file>bios.a67</file>
         <name>sem_post.o67</name>
      </input_file>
      <input_file id="fl-ce">
         <path>D:\Program Files\ti\bios_5_42_01_09\packages\ti\bios\lib\</path>
         <kind>archive</kind>
         <file>bios.a67</file>
         <name>sys_abor.o67</name>
      </input_file>
      <input_file id="fl-cf">
         <path>D:\Program Files\ti\bios_5_42_01_09\packages\ti\bios\lib\</path>
         <kind>archive</kind>
         <file>bios.a67</file>
         <name>gbl_setL2CacheMode.o67</name>
      </input_file>
      <input_file id="fl-d0">
         <path>D:\Program Files\ti\bios_5_42_01_09\packages\ti\bios\lib\</path>
         <kind>archive</kind>
         <file>bios.a67</file>
         <name>sem_dopo.o67</name>
      </input_file>
      <input_file id="fl-d1">
         <path>D:\Program Files\ti\bios_5_42_01_09\packages\ti\bios\lib\</path>
         <kind>archive</kind>
         <file>bios.a67</file>
         <name>autoinit.o67</name>
      </input_file>
      <input_file id="fl-d2">
         <path>D:\Program Files\ti\ccsv6\tools\compiler\c6000_7.4.15\lib\</path>
         <kind>archive</kind>
         <file>rts6700.lib</file>
         <name>_lock.obj</name>
      </input_file>
      <input_file id="fl-d3">
         <path>D:\Program Files\ti\ccsv6\tools\compiler\c6000_7.4.15\lib\</path>
         <kind>archive</kind>
         <file>rts6700.lib</file>
         <name>strasg.obj</name>
      </input_file>
      <input_file id="fl-d4">
         <path>D:\Program Files\ti\ccsv6\tools\compiler\c6000_7.4.15\lib\</path>
         <kind>archive</kind>
         <file>rts6700.lib</file>
         <name>atexit.obj</name>
      </input_file>
      <input_file id="fl-d5">
         <path>D:\Program Files\ti\ccsv6\tools\compiler\c6000_7.4.15\lib\</path>
         <kind>archive</kind>
         <file>rts6700.lib</file>
         <name>sinit.obj</name>
      </input_file>
      <input_file id="fl-d6">
         <path>D:\Program Files\ti\ccsv6\tools\compiler\c6000_7.4.15\lib\</path>
         <kind>archive</kind>
         <file>rts6700.lib</file>
         <name>exit.obj</name>
      </input_file>
      <input_file id="fl-d7">
         <path>D:\Program Files\ti\ccsv6\tools\compiler\c6000_7.4.15\lib\</path>
         <kind>archive</kind>
         <file>rts6700.lib</file>
         <name>memcpy62.obj</name>
      </input_file>
   </input_file_list>
   <object_component_list>
      <object_component id="oc-67">
         <name>.vers</name>
         <load_address>0x0</load_address>
         <run_address>0x0</run_address>
         <size>0x40</size>
         <input_file_ref idref="fl-3"/>
      </object_component>
      <object_component id="oc-56">
         <name>.clk</name>
         <uninitialized>true</uninitialized>
         <run_address>0xbeb8</run_address>
         <size>0x8</size>
         <input_file_ref idref="fl-3"/>
      </object_component>
      <object_component id="oc-7">
         <name>HWI_A_VECS</name>
         <load_address>0x0</load_address>
         <run_address>0x0</run_address>
         <size>0x0</size>
      </object_component>
      <object_component id="oc-5b">
         <name>.hwi_vec</name>
         <load_address>0x0</load_address>
         <run_address>0x0</run_address>
         <size>0x200</size>
         <input_file_ref idref="fl-3"/>
      </object_component>
      <object_component id="oc-5c">
         <name>.swi</name>
         <uninitialized>true</uninitialized>
         <run_address>0xa360</run_address>
         <size>0x84</size>
         <input_file_ref idref="fl-3"/>
      </object_component>
      <object_component id="oc-5f">
         <name>.tsk</name>
         <uninitialized>true</uninitialized>
         <run_address>0xba3c</run_address>
         <size>0x60</size>
         <input_file_ref idref="fl-3"/>
      </object_component>
      <object_component id="oc-62">
         <name>.idl</name>
         <uninitialized>true</uninitialized>
         <run_address>0xa3e4</run_address>
         <size>0x10</size>
         <input_file_ref idref="fl-3"/>
      </object_component>
      <object_component id="oc-61">
         <name>.idlcal</name>
         <uninitialized>true</uninitialized>
         <run_address>0xbaec</run_address>
         <size>0x10</size>
         <input_file_ref idref="fl-3"/>
      </object_component>
      <object_component id="oc-51">
         <name>.bss</name>
         <uninitialized>true</uninitialized>
         <run_address>0xb6c8</run_address>
         <size>0x18</size>
         <input_file_ref idref="fl-3"/>
      </object_component>
      <object_component id="oc-70">
         <name>.bss</name>
         <uninitialized>true</uninitialized>
         <run_address>0xb500</run_address>
         <size>0xcc</size>
         <input_file_ref idref="fl-8a"/>
      </object_component>
      <object_component id="oc-72">
         <name>.bss</name>
         <uninitialized>true</uninitialized>
         <run_address>0xb400</run_address>
         <size>0x100</size>
         <input_file_ref idref="fl-8b"/>
      </object_component>
      <object_component id="oc-79">
         <name>.bss</name>
         <uninitialized>true</uninitialized>
         <run_address>0xb6e0</run_address>
         <size>0x18</size>
         <input_file_ref idref="fl-8d"/>
      </object_component>
      <object_component id="oc-7f">
         <name>.bss</name>
         <uninitialized>true</uninitialized>
         <run_address>0xb5cc</run_address>
         <size>0x9c</size>
         <input_file_ref idref="fl-8e"/>
      </object_component>
      <object_component id="oc-ad">
         <name>.bss</name>
         <uninitialized>true</uninitialized>
         <run_address>0xb6b0</run_address>
         <size>0x18</size>
         <input_file_ref idref="fl-9a"/>
      </object_component>
      <object_component id="oc-af">
         <name>.bss</name>
         <uninitialized>true</uninitialized>
         <run_address>0xb72c</run_address>
         <size>0x4</size>
         <input_file_ref idref="fl-9b"/>
      </object_component>
      <object_component id="oc-db">
         <name>.bss</name>
         <uninitialized>true</uninitialized>
         <run_address>0xb714</run_address>
         <size>0x8</size>
         <input_file_ref idref="fl-a5"/>
      </object_component>
      <object_component id="oc-de">
         <name>.bss</name>
         <uninitialized>true</uninitialized>
         <run_address>0xb724</run_address>
         <size>0x4</size>
         <input_file_ref idref="fl-a6"/>
      </object_component>
      <object_component id="oc-115">
         <name>.bss</name>
         <uninitialized>true</uninitialized>
         <run_address>0xb668</run_address>
         <size>0x48</size>
         <input_file_ref idref="fl-b3"/>
      </object_component>
      <object_component id="oc-140">
         <name>.bss</name>
         <uninitialized>true</uninitialized>
         <run_address>0xb6f8</run_address>
         <size>0x10</size>
         <input_file_ref idref="fl-bd"/>
      </object_component>
      <object_component id="oc-159">
         <name>.bss</name>
         <uninitialized>true</uninitialized>
         <run_address>0xb708</run_address>
         <size>0xc</size>
         <input_file_ref idref="fl-c2"/>
      </object_component>
      <object_component id="oc-167">
         <name>.bss</name>
         <uninitialized>true</uninitialized>
         <run_address>0xb71c</run_address>
         <size>0x8</size>
         <input_file_ref idref="fl-c5"/>
      </object_component>
      <object_component id="oc-194">
         <name>.bss</name>
         <uninitialized>true</uninitialized>
         <run_address>0xb728</run_address>
         <size>0x4</size>
         <input_file_ref idref="fl-cf"/>
      </object_component>
      <object_component id="oc-4b">
         <name>.far</name>
         <uninitialized>true</uninitialized>
         <run_address>0x96dc</run_address>
         <size>0xdc</size>
         <input_file_ref idref="fl-2"/>
      </object_component>
      <object_component id="oc-8c">
         <name>.far</name>
         <uninitialized>true</uninitialized>
         <run_address>0x9ab0</run_address>
         <size>0x10</size>
         <input_file_ref idref="fl-91"/>
      </object_component>
      <object_component id="oc-99">
         <name>.far</name>
         <uninitialized>true</uninitialized>
         <run_address>0x9ac0</run_address>
         <size>0xc</size>
         <input_file_ref idref="fl-94"/>
      </object_component>
      <object_component id="oc-ee">
         <name>.far</name>
         <uninitialized>true</uninitialized>
         <run_address>0x9a1c</run_address>
         <size>0x28</size>
         <input_file_ref idref="fl-aa"/>
      </object_component>
      <object_component id="oc-f3">
         <name>.far</name>
         <uninitialized>true</uninitialized>
         <run_address>0x9ad8</run_address>
         <size>0x8</size>
         <input_file_ref idref="fl-ab"/>
      </object_component>
      <object_component id="oc-f8">
         <name>.far</name>
         <uninitialized>true</uninitialized>
         <run_address>0x9a44</run_address>
         <size>0x28</size>
         <input_file_ref idref="fl-ac"/>
      </object_component>
      <object_component id="oc-fb">
         <name>.far</name>
         <uninitialized>true</uninitialized>
         <run_address>0x9aec</run_address>
         <size>0x2</size>
         <input_file_ref idref="fl-ad"/>
      </object_component>
      <object_component id="oc-ff">
         <name>.far</name>
         <uninitialized>true</uninitialized>
         <run_address>0x9940</run_address>
         <size>0x54</size>
         <input_file_ref idref="fl-ae"/>
      </object_component>
      <object_component id="oc-111">
         <name>.far</name>
         <uninitialized>true</uninitialized>
         <run_address>0x95e8</run_address>
         <size>0xf4</size>
         <input_file_ref idref="fl-b2"/>
      </object_component>
      <object_component id="oc-118">
         <name>.far</name>
         <uninitialized>true</uninitialized>
         <run_address>0x97b8</run_address>
         <size>0xd8</size>
         <input_file_ref idref="fl-b3"/>
      </object_component>
      <object_component id="oc-133">
         <name>.far</name>
         <uninitialized>true</uninitialized>
         <run_address>0x99e4</run_address>
         <size>0x38</size>
         <input_file_ref idref="fl-ba"/>
      </object_component>
      <object_component id="oc-139">
         <name>.far</name>
         <uninitialized>true</uninitialized>
         <run_address>0x98ec</run_address>
         <size>0x54</size>
         <input_file_ref idref="fl-bb"/>
      </object_component>
      <object_component id="oc-155">
         <name>.far</name>
         <uninitialized>true</uninitialized>
         <run_address>0x9a6c</run_address>
         <size>0x24</size>
         <input_file_ref idref="fl-c1"/>
      </object_component>
      <object_component id="oc-15c">
         <name>.far</name>
         <uninitialized>true</uninitialized>
         <run_address>0x9890</run_address>
         <size>0x5c</size>
         <input_file_ref idref="fl-c2"/>
      </object_component>
      <object_component id="oc-16a">
         <name>.far</name>
         <uninitialized>true</uninitialized>
         <run_address>0x9a90</run_address>
         <size>0x20</size>
         <input_file_ref idref="fl-c5"/>
      </object_component>
      <object_component id="oc-177">
         <name>.far</name>
         <uninitialized>true</uninitialized>
         <run_address>0x9994</run_address>
         <size>0x50</size>
         <input_file_ref idref="fl-c8"/>
      </object_component>
      <object_component id="oc-1a4">
         <name>.far</name>
         <uninitialized>true</uninitialized>
         <run_address>0x9ae0</run_address>
         <size>0x8</size>
         <input_file_ref idref="fl-d2"/>
      </object_component>
      <object_component id="oc-1ac">
         <name>.far</name>
         <uninitialized>true</uninitialized>
         <run_address>0x9460</run_address>
         <size>0x188</size>
         <input_file_ref idref="fl-d4"/>
      </object_component>
      <object_component id="oc-1b1">
         <name>.far</name>
         <uninitialized>true</uninitialized>
         <run_address>0x9ae8</run_address>
         <size>0x4</size>
         <input_file_ref idref="fl-d5"/>
      </object_component>
      <object_component id="oc-1b6">
         <name>.far</name>
         <uninitialized>true</uninitialized>
         <run_address>0x9acc</run_address>
         <size>0xc</size>
         <input_file_ref idref="fl-d6"/>
      </object_component>
      <object_component id="oc-4c">
         <name>.sysdata</name>
         <uninitialized>true</uninitialized>
         <run_address>0xb000</run_address>
         <size>0x400</size>
         <input_file_ref idref="fl-2"/>
      </object_component>
      <object_component id="oc-7b">
         <name>.bios</name>
         <load_address>0x200</load_address>
         <run_address>0x200</run_address>
         <size>0x600</size>
         <input_file_ref idref="fl-8d"/>
      </object_component>
      <object_component id="oc-197">
         <name>.bios</name>
         <load_address>0x800</load_address>
         <run_address>0x800</run_address>
         <size>0x5e0</size>
         <input_file_ref idref="fl-cf"/>
      </object_component>
      <object_component id="oc-41">
         <name>.bios</name>
         <load_address>0xde0</load_address>
         <run_address>0xde0</run_address>
         <size>0x540</size>
         <input_file_ref idref="fl-8e"/>
      </object_component>
      <object_component id="oc-42">
         <name>.bios</name>
         <load_address>0x1320</load_address>
         <run_address>0x1320</run_address>
         <size>0x460</size>
         <input_file_ref idref="fl-8b"/>
      </object_component>
      <object_component id="oc-ca">
         <name>.bios</name>
         <load_address>0x1780</load_address>
         <run_address>0x1780</run_address>
         <size>0x3a0</size>
         <input_file_ref idref="fl-a1"/>
      </object_component>
      <object_component id="oc-12b">
         <name>.bios</name>
         <load_address>0x1b20</load_address>
         <run_address>0x1b20</run_address>
         <size>0x2c0</size>
         <input_file_ref idref="fl-b8"/>
      </object_component>
      <object_component id="oc-cf">
         <name>.bios</name>
         <load_address>0x1de0</load_address>
         <run_address>0x1de0</run_address>
         <size>0x2c0</size>
         <input_file_ref idref="fl-a2"/>
      </object_component>
      <object_component id="oc-185">
         <name>.bios</name>
         <load_address>0x20a0</load_address>
         <run_address>0x20a0</run_address>
         <size>0x2c0</size>
         <input_file_ref idref="fl-cb"/>
      </object_component>
      <object_component id="oc-45">
         <name>.bios</name>
         <load_address>0x2360</load_address>
         <run_address>0x2360</run_address>
         <size>0x260</size>
         <input_file_ref idref="fl-91"/>
      </object_component>
      <object_component id="oc-c6">
         <name>.bios</name>
         <load_address>0x25c0</load_address>
         <run_address>0x25c0</run_address>
         <size>0x240</size>
         <input_file_ref idref="fl-a0"/>
      </object_component>
      <object_component id="oc-19b">
         <name>.bios</name>
         <load_address>0x2800</load_address>
         <run_address>0x2800</run_address>
         <size>0x220</size>
         <input_file_ref idref="fl-d0"/>
      </object_component>
      <object_component id="oc-171">
         <name>.bios</name>
         <load_address>0x2a20</load_address>
         <run_address>0x2a20</run_address>
         <size>0x200</size>
         <input_file_ref idref="fl-c7"/>
      </object_component>
      <object_component id="oc-be">
         <name>.bios</name>
         <load_address>0x2c20</load_address>
         <run_address>0x2c20</run_address>
         <size>0x1c0</size>
         <input_file_ref idref="fl-9e"/>
      </object_component>
      <object_component id="oc-9f">
         <name>.bios</name>
         <load_address>0x2de0</load_address>
         <run_address>0x2de0</run_address>
         <size>0x1c0</size>
         <input_file_ref idref="fl-96"/>
      </object_component>
      <object_component id="oc-160">
         <name>.bios</name>
         <load_address>0x2fa0</load_address>
         <run_address>0x2fa0</run_address>
         <size>0x1a0</size>
         <input_file_ref idref="fl-c3"/>
      </object_component>
      <object_component id="oc-19f">
         <name>.bios</name>
         <load_address>0x3140</load_address>
         <run_address>0x3140</run_address>
         <size>0x180</size>
         <input_file_ref idref="fl-d1"/>
      </object_component>
      <object_component id="oc-178">
         <name>.bios</name>
         <load_address>0x32c0</load_address>
         <run_address>0x32c0</run_address>
         <size>0x180</size>
         <input_file_ref idref="fl-c8"/>
      </object_component>
      <object_component id="oc-11e">
         <name>.bios</name>
         <load_address>0x3440</load_address>
         <run_address>0x3440</run_address>
         <size>0x140</size>
         <input_file_ref idref="fl-b5"/>
      </object_component>
      <object_component id="oc-104">
         <name>.bios</name>
         <load_address>0x3580</load_address>
         <run_address>0x3580</run_address>
         <size>0xe0</size>
         <input_file_ref idref="fl-af"/>
      </object_component>
      <object_component id="oc-11b">
         <name>.bios</name>
         <load_address>0x3660</load_address>
         <run_address>0x3660</run_address>
         <size>0xe0</size>
         <input_file_ref idref="fl-b4"/>
      </object_component>
      <object_component id="oc-18d">
         <name>.bios</name>
         <load_address>0x3740</load_address>
         <run_address>0x3740</run_address>
         <size>0xe0</size>
         <input_file_ref idref="fl-cd"/>
      </object_component>
      <object_component id="oc-188">
         <name>.bios</name>
         <load_address>0x3820</load_address>
         <run_address>0x3820</run_address>
         <size>0xe0</size>
         <input_file_ref idref="fl-cc"/>
      </object_component>
      <object_component id="oc-e1">
         <name>.bios</name>
         <load_address>0x3900</load_address>
         <run_address>0x3900</run_address>
         <size>0xe0</size>
         <input_file_ref idref="fl-a7"/>
      </object_component>
      <object_component id="oc-127">
         <name>.bios</name>
         <load_address>0x39e0</load_address>
         <run_address>0x39e0</run_address>
         <size>0xc0</size>
         <input_file_ref idref="fl-b7"/>
      </object_component>
      <object_component id="oc-123">
         <name>.bios</name>
         <load_address>0x3aa0</load_address>
         <run_address>0x3aa0</run_address>
         <size>0xc0</size>
         <input_file_ref idref="fl-b6"/>
      </object_component>
      <object_component id="oc-17d">
         <name>.bios</name>
         <load_address>0x3b60</load_address>
         <run_address>0x3b60</run_address>
         <size>0xc0</size>
         <input_file_ref idref="fl-c9"/>
      </object_component>
      <object_component id="oc-164">
         <name>.bios</name>
         <load_address>0x3c20</load_address>
         <run_address>0x3c20</run_address>
         <size>0xc0</size>
         <input_file_ref idref="fl-c4"/>
      </object_component>
      <object_component id="oc-43">
         <name>.bios</name>
         <load_address>0x3ce0</load_address>
         <run_address>0x3ce0</run_address>
         <size>0xc0</size>
         <input_file_ref idref="fl-89"/>
      </object_component>
      <object_component id="oc-a3">
         <name>.bios</name>
         <load_address>0x3da0</load_address>
         <run_address>0x3da0</run_address>
         <size>0x80</size>
         <input_file_ref idref="fl-97"/>
      </object_component>
      <object_component id="oc-b1">
         <name>.bios</name>
         <load_address>0x3e20</load_address>
         <run_address>0x3e20</run_address>
         <size>0x80</size>
         <input_file_ref idref="fl-9b"/>
      </object_component>
      <object_component id="oc-c2">
         <name>.bios</name>
         <load_address>0x3ea0</load_address>
         <run_address>0x3ea0</run_address>
         <size>0x80</size>
         <input_file_ref idref="fl-9f"/>
      </object_component>
      <object_component id="oc-d7">
         <name>.bios</name>
         <load_address>0x3f20</load_address>
         <run_address>0x3f20</run_address>
         <size>0x80</size>
         <input_file_ref idref="fl-a4"/>
      </object_component>
      <object_component id="oc-b5">
         <name>.bios</name>
         <load_address>0x3fa0</load_address>
         <run_address>0x3fa0</run_address>
         <size>0x80</size>
         <input_file_ref idref="fl-9c"/>
      </object_component>
      <object_component id="oc-10b">
         <name>.bios</name>
         <load_address>0x4020</load_address>
         <run_address>0x4020</run_address>
         <size>0x60</size>
         <input_file_ref idref="fl-b1"/>
      </object_component>
      <object_component id="oc-180">
         <name>.bios</name>
         <load_address>0x4080</load_address>
         <run_address>0x4080</run_address>
         <size>0x60</size>
         <input_file_ref idref="fl-ca"/>
      </object_component>
      <object_component id="oc-191">
         <name>.bios</name>
         <load_address>0x40e0</load_address>
         <run_address>0x40e0</run_address>
         <size>0x60</size>
         <input_file_ref idref="fl-ce"/>
      </object_component>
      <object_component id="oc-44">
         <name>.bios</name>
         <load_address>0x4140</load_address>
         <run_address>0x4140</run_address>
         <size>0x60</size>
         <input_file_ref idref="fl-94"/>
      </object_component>
      <object_component id="oc-e5">
         <name>.bios</name>
         <load_address>0x41a0</load_address>
         <run_address>0x41a0</run_address>
         <size>0x60</size>
         <input_file_ref idref="fl-a8"/>
      </object_component>
      <object_component id="oc-3e">
         <name>.bios</name>
         <load_address>0x4200</load_address>
         <run_address>0x4200</run_address>
         <size>0x40</size>
         <input_file_ref idref="fl-8c"/>
      </object_component>
      <object_component id="oc-d3">
         <name>.bios</name>
         <load_address>0x4240</load_address>
         <run_address>0x4240</run_address>
         <size>0x40</size>
         <input_file_ref idref="fl-a3"/>
      </object_component>
      <object_component id="oc-3d">
         <name>.bios</name>
         <load_address>0x4280</load_address>
         <run_address>0x4280</run_address>
         <size>0x40</size>
         <input_file_ref idref="fl-92"/>
      </object_component>
      <object_component id="oc-e9">
         <name>.bios</name>
         <load_address>0x42c0</load_address>
         <run_address>0x42c0</run_address>
         <size>0x40</size>
         <input_file_ref idref="fl-a9"/>
      </object_component>
      <object_component id="oc-48">
         <name>.bios</name>
         <load_address>0x4300</load_address>
         <run_address>0x4300</run_address>
         <size>0x20</size>
         <input_file_ref idref="fl-8f"/>
      </object_component>
      <object_component id="oc-107">
         <name>.bios</name>
         <load_address>0x4320</load_address>
         <run_address>0x4320</run_address>
         <size>0x20</size>
         <input_file_ref idref="fl-b0"/>
      </object_component>
      <object_component id="oc-b9">
         <name>.bios</name>
         <load_address>0x4340</load_address>
         <run_address>0x4340</run_address>
         <size>0x20</size>
         <input_file_ref idref="fl-9d"/>
      </object_component>
      <object_component id="oc-12e">
         <name>.bios</name>
         <load_address>0x4360</load_address>
         <run_address>0x4360</run_address>
         <size>0x20</size>
         <input_file_ref idref="fl-b9"/>
      </object_component>
      <object_component id="oc-150">
         <name>.bios</name>
         <load_address>0x4380</load_address>
         <run_address>0x4380</run_address>
         <size>0x20</size>
         <input_file_ref idref="fl-c0"/>
      </object_component>
      <object_component id="oc-47">
         <name>.bios</name>
         <load_address>0x43a0</load_address>
         <run_address>0x43a0</run_address>
         <size>0x20</size>
         <input_file_ref idref="fl-93"/>
      </object_component>
      <object_component id="oc-46">
         <name>.bios</name>
         <load_address>0x43c0</load_address>
         <run_address>0x43c0</run_address>
         <size>0x20</size>
         <input_file_ref idref="fl-95"/>
      </object_component>
      <object_component id="oc-144">
         <name>.pinit</name>
         <load_address>0x85b4</load_address>
         <run_address>0x85b4</run_address>
         <size>0x4</size>
         <input_file_ref idref="fl-bd"/>
      </object_component>
      <object_component id="oc-14d">
         <name>.pinit</name>
         <load_address>0x85b8</load_address>
         <run_address>0x85b8</run_address>
         <size>0x4</size>
         <input_file_ref idref="fl-bf"/>
      </object_component>
      <object_component id="oc-55">
         <name>.sys</name>
         <uninitialized>true</uninitialized>
         <run_address>0xbea8</run_address>
         <size>0x10</size>
         <input_file_ref idref="fl-3"/>
      </object_component>
      <object_component id="oc-1bc">
         <name>.text</name>
         <load_address>0x43e0</load_address>
         <run_address>0x43e0</run_address>
         <size>0xa80</size>
         <input_file_ref idref="fl-2"/>
      </object_component>
      <object_component id="oc-fa">
         <name>.text</name>
         <load_address>0x4e60</load_address>
         <run_address>0x4e60</run_address>
         <size>0x460</size>
         <input_file_ref idref="fl-ad"/>
      </object_component>
      <object_component id="oc-f2">
         <name>.text</name>
         <load_address>0x52c0</load_address>
         <run_address>0x52c0</run_address>
         <size>0x300</size>
         <input_file_ref idref="fl-ab"/>
      </object_component>
      <object_component id="oc-1cc">
         <name>.text:_EDMA_open</name>
         <load_address>0x55c0</load_address>
         <run_address>0x55c0</run_address>
         <size>0x280</size>
         <input_file_ref idref="fl-ae"/>
      </object_component>
      <object_component id="oc-1c7">
         <name>.text:_memcpy</name>
         <load_address>0x5840</load_address>
         <run_address>0x5840</run_address>
         <size>0x240</size>
         <input_file_ref idref="fl-d7"/>
      </object_component>
      <object_component id="oc-1ca">
         <name>.text:__CSL_init</name>
         <load_address>0x5a80</load_address>
         <run_address>0x5a80</run_address>
         <size>0x220</size>
         <input_file_ref idref="fl-aa"/>
      </object_component>
      <object_component id="oc-1e7">
         <name>.text:_mux2Tables</name>
         <load_address>0x5ca0</load_address>
         <run_address>0x5ca0</run_address>
         <size>0x1c0</size>
         <input_file_ref idref="fl-b2"/>
      </object_component>
      <object_component id="oc-1cd">
         <name>.text:_EDMA_allocTable</name>
         <load_address>0x5e60</load_address>
         <run_address>0x5e60</run_address>
         <size>0x1a0</size>
         <input_file_ref idref="fl-ae"/>
      </object_component>
      <object_component id="oc-1db">
         <name>.text:_MCBSP_reset</name>
         <load_address>0x6000</load_address>
         <run_address>0x6000</run_address>
         <size>0x1a0</size>
         <input_file_ref idref="fl-ba"/>
      </object_component>
      <object_component id="oc-3f">
         <name>.text</name>
         <load_address>0x61a0</load_address>
         <run_address>0x61a0</run_address>
         <size>0x180</size>
         <input_file_ref idref="fl-90"/>
      </object_component>
      <object_component id="oc-1ea">
         <name>.text:_call_dtors</name>
         <load_address>0x6320</load_address>
         <run_address>0x6320</run_address>
         <size>0x160</size>
         <input_file_ref idref="fl-d5"/>
      </object_component>
      <object_component id="oc-1e0">
         <name>.text:_EDMA_reset</name>
         <load_address>0x6480</load_address>
         <run_address>0x6480</run_address>
         <size>0x140</size>
         <input_file_ref idref="fl-ae"/>
      </object_component>
      <object_component id="oc-1df">
         <name>.text:_TIMER_open</name>
         <load_address>0x65c0</load_address>
         <run_address>0x65c0</run_address>
         <size>0x140</size>
         <input_file_ref idref="fl-c1"/>
      </object_component>
      <object_component id="oc-f6">
         <name>.text</name>
         <load_address>0x6700</load_address>
         <run_address>0x6700</run_address>
         <size>0x140</size>
         <input_file_ref idref="fl-ac"/>
      </object_component>
      <object_component id="oc-1e8">
         <name>.text:_TIMER_reset</name>
         <load_address>0x6840</load_address>
         <run_address>0x6840</run_address>
         <size>0x120</size>
         <input_file_ref idref="fl-c1"/>
      </object_component>
      <object_component id="oc-1c1">
         <name>.text:_MCBSP_open</name>
         <load_address>0x6960</load_address>
         <run_address>0x6960</run_address>
         <size>0x100</size>
         <input_file_ref idref="fl-ba"/>
      </object_component>
      <object_component id="oc-1c2">
         <name>.text:_MCBSP_start</name>
         <load_address>0x6a60</load_address>
         <run_address>0x6a60</run_address>
         <size>0x100</size>
         <input_file_ref idref="fl-ba"/>
      </object_component>
      <object_component id="oc-1ce">
         <name>.text:_EDMA_config</name>
         <load_address>0x6b60</load_address>
         <run_address>0x6b60</run_address>
         <size>0xe0</size>
         <input_file_ref idref="fl-ae"/>
      </object_component>
      <object_component id="oc-1c0">
         <name>.text:__strasg</name>
         <load_address>0x6c40</load_address>
         <run_address>0x6c40</run_address>
         <size>0xe0</size>
         <input_file_ref idref="fl-d3"/>
      </object_component>
      <object_component id="oc-1dc">
         <name>.text:_atexit</name>
         <load_address>0x6d20</load_address>
         <run_address>0x6d20</run_address>
         <size>0xe0</size>
         <input_file_ref idref="fl-d4"/>
      </object_component>
      <object_component id="oc-1cb">
         <name>.text:_EDMA_clearPram</name>
         <load_address>0x6e00</load_address>
         <run_address>0x6e00</run_address>
         <size>0xc0</size>
         <input_file_ref idref="fl-ae"/>
      </object_component>
      <object_component id="oc-174">
         <name>.text</name>
         <load_address>0x6ec0</load_address>
         <run_address>0x6ec0</run_address>
         <size>0xc0</size>
         <input_file_ref idref="fl-c8"/>
      </object_component>
      <object_component id="oc-1de">
         <name>.text:__IRQ_init</name>
         <load_address>0x6f80</load_address>
         <run_address>0x6f80</run_address>
         <size>0xa0</size>
         <input_file_ref idref="fl-b2"/>
      </object_component>
      <object_component id="oc-1e9">
         <name>.text:_EDMA_disableChannel</name>
         <load_address>0x7020</load_address>
         <run_address>0x7020</run_address>
         <size>0x60</size>
         <input_file_ref idref="fl-ae"/>
      </object_component>
      <object_component id="oc-1d2">
         <name>.text:_EDMA_enableChannel</name>
         <load_address>0x7080</load_address>
         <run_address>0x7080</run_address>
         <size>0x60</size>
         <input_file_ref idref="fl-ae"/>
      </object_component>
      <object_component id="oc-1cf">
         <name>.text:_EDMA_intDisable</name>
         <load_address>0x70e0</load_address>
         <run_address>0x70e0</run_address>
         <size>0x60</size>
         <input_file_ref idref="fl-ae"/>
      </object_component>
      <object_component id="oc-1d1">
         <name>.text:_EDMA_intEnable</name>
         <load_address>0x7140</load_address>
         <run_address>0x7140</run_address>
         <size>0x60</size>
         <input_file_ref idref="fl-ae"/>
      </object_component>
      <object_component id="oc-1e1">
         <name>.text:_EDMA_qdmaConfig</name>
         <load_address>0x71a0</load_address>
         <run_address>0x71a0</run_address>
         <size>0x60</size>
         <input_file_ref idref="fl-ae"/>
      </object_component>
      <object_component id="oc-1d4">
         <name>.text:_IRQ_enable</name>
         <load_address>0x7200</load_address>
         <run_address>0x7200</run_address>
         <size>0x40</size>
         <input_file_ref idref="fl-b2"/>
      </object_component>
      <object_component id="oc-1d3">
         <name>.text:_IRQ_reset</name>
         <load_address>0x7240</load_address>
         <run_address>0x7240</run_address>
         <size>0x40</size>
         <input_file_ref idref="fl-b2"/>
      </object_component>
      <object_component id="oc-1e6">
         <name>.text:___add_dtor</name>
         <load_address>0x7280</load_address>
         <run_address>0x7280</run_address>
         <size>0x40</size>
         <input_file_ref idref="fl-d5"/>
      </object_component>
      <object_component id="oc-1c9">
         <name>.text:_CSL6713_LIB_</name>
         <load_address>0x72c0</load_address>
         <run_address>0x72c0</run_address>
         <size>0x20</size>
         <input_file_ref idref="fl-aa"/>
      </object_component>
      <object_component id="oc-1d0">
         <name>.text:_EDMA_intClear</name>
         <load_address>0x72e0</load_address>
         <run_address>0x72e0</run_address>
         <size>0x20</size>
         <input_file_ref idref="fl-ae"/>
      </object_component>
      <object_component id="oc-1d6">
         <name>.text:_EDMA_intTest</name>
         <load_address>0x7300</load_address>
         <run_address>0x7300</run_address>
         <size>0x20</size>
         <input_file_ref idref="fl-ae"/>
      </object_component>
      <object_component id="oc-1d5">
         <name>.text:_MCBSP_write</name>
         <load_address>0x7320</load_address>
         <run_address>0x7320</run_address>
         <size>0x20</size>
         <input_file_ref idref="fl-ba"/>
      </object_component>
      <object_component id="oc-1c8">
         <name>.text:__nop</name>
         <load_address>0x7340</load_address>
         <run_address>0x7340</run_address>
         <size>0x20</size>
         <input_file_ref idref="fl-d2"/>
      </object_component>
      <object_component id="oc-1c5">
         <name>.text:__register_lock</name>
         <load_address>0x7360</load_address>
         <run_address>0x7360</run_address>
         <size>0x20</size>
         <input_file_ref idref="fl-d2"/>
      </object_component>
      <object_component id="oc-1c6">
         <name>.text:__register_unlock</name>
         <load_address>0x7380</load_address>
         <run_address>0x7380</run_address>
         <size>0x20</size>
         <input_file_ref idref="fl-d2"/>
      </object_component>
      <object_component id="oc-10f">
         <name>.text</name>
         <load_address>0x73a0</load_address>
         <run_address>0x73a0</run_address>
         <size>0x20</size>
         <input_file_ref idref="fl-b2"/>
      </object_component>
      <object_component id="oc-53">
         <name>.cinit</name>
         <load_address>0x73c0</load_address>
         <run_address>0x73c0</run_address>
         <size>0x644</size>
         <input_file_ref idref="fl-3"/>
      </object_component>
      <object_component id="oc-71">
         <name>.cinit</name>
         <load_address>0x7a08</load_address>
         <run_address>0x7a08</run_address>
         <size>0x26c</size>
         <input_file_ref idref="fl-8a"/>
      </object_component>
      <object_component id="oc-117">
         <name>.cinit</name>
         <load_address>0x7c78</load_address>
         <run_address>0x7c78</run_address>
         <size>0x1a4</size>
         <input_file_ref idref="fl-b3"/>
      </object_component>
      <object_component id="oc-110">
         <name>.cinit</name>
         <load_address>0x7e20</load_address>
         <run_address>0x7e20</run_address>
         <size>0x12c</size>
         <input_file_ref idref="fl-b2"/>
      </object_component>
      <object_component id="oc-4a">
         <name>.cinit</name>
         <load_address>0x7f50</load_address>
         <run_address>0x7f50</run_address>
         <size>0xbc</size>
         <input_file_ref idref="fl-2"/>
      </object_component>
      <object_component id="oc-80">
         <name>.cinit</name>
         <load_address>0x8010</load_address>
         <run_address>0x8010</run_address>
         <size>0xb0</size>
         <input_file_ref idref="fl-8e"/>
      </object_component>
      <object_component id="oc-15b">
         <name>.cinit</name>
         <load_address>0x80c0</load_address>
         <run_address>0x80c0</run_address>
         <size>0x80</size>
         <input_file_ref idref="fl-c2"/>
      </object_component>
      <object_component id="oc-fe">
         <name>.cinit</name>
         <load_address>0x8140</load_address>
         <run_address>0x8140</run_address>
         <size>0x70</size>
         <input_file_ref idref="fl-ae"/>
      </object_component>
      <object_component id="oc-176">
         <name>.cinit</name>
         <load_address>0x81b0</load_address>
         <run_address>0x81b0</run_address>
         <size>0x60</size>
         <input_file_ref idref="fl-c8"/>
      </object_component>
      <object_component id="oc-7a">
         <name>.cinit</name>
         <load_address>0x8210</load_address>
         <run_address>0x8210</run_address>
         <size>0x5c</size>
         <input_file_ref idref="fl-8d"/>
      </object_component>
      <object_component id="oc-132">
         <name>.cinit</name>
         <load_address>0x8270</load_address>
         <run_address>0x8270</run_address>
         <size>0x54</size>
         <input_file_ref idref="fl-ba"/>
      </object_component>
      <object_component id="oc-ce">
         <name>.cinit</name>
         <load_address>0x82c8</load_address>
         <run_address>0x82c8</run_address>
         <size>0x4c</size>
         <input_file_ref idref="fl-a2"/>
      </object_component>
      <object_component id="oc-154">
         <name>.cinit</name>
         <load_address>0x8318</load_address>
         <run_address>0x8318</run_address>
         <size>0x4c</size>
         <input_file_ref idref="fl-c1"/>
      </object_component>
      <object_component id="oc-142">
         <name>.cinit</name>
         <load_address>0x8368</load_address>
         <run_address>0x8368</run_address>
         <size>0x4c</size>
         <input_file_ref idref="fl-bd"/>
      </object_component>
      <object_component id="oc-ed">
         <name>.cinit</name>
         <load_address>0x83b8</load_address>
         <run_address>0x83b8</run_address>
         <size>0x3c</size>
         <input_file_ref idref="fl-aa"/>
      </object_component>
      <object_component id="oc-ae">
         <name>.cinit</name>
         <load_address>0x83f8</load_address>
         <run_address>0x83f8</run_address>
         <size>0x34</size>
         <input_file_ref idref="fl-9a"/>
      </object_component>
      <object_component id="oc-f7">
         <name>.cinit</name>
         <load_address>0x8430</load_address>
         <run_address>0x8430</run_address>
         <size>0x30</size>
         <input_file_ref idref="fl-ac"/>
      </object_component>
      <object_component id="oc-98">
         <name>.cinit</name>
         <load_address>0x8460</load_address>
         <run_address>0x8460</run_address>
         <size>0x2c</size>
         <input_file_ref idref="fl-94"/>
      </object_component>
      <object_component id="oc-1b5">
         <name>.cinit</name>
         <load_address>0x8490</load_address>
         <run_address>0x8490</run_address>
         <size>0x2c</size>
         <input_file_ref idref="fl-d6"/>
      </object_component>
      <object_component id="oc-138">
         <name>.cinit</name>
         <load_address>0x84c0</load_address>
         <run_address>0x84c0</run_address>
         <size>0x24</size>
         <input_file_ref idref="fl-bb"/>
      </object_component>
      <object_component id="oc-169">
         <name>.cinit</name>
         <load_address>0x84e8</load_address>
         <run_address>0x84e8</run_address>
         <size>0x1c</size>
         <input_file_ref idref="fl-c5"/>
      </object_component>
      <object_component id="oc-1a3">
         <name>.cinit</name>
         <load_address>0x8508</load_address>
         <run_address>0x8508</run_address>
         <size>0x1c</size>
         <input_file_ref idref="fl-d2"/>
      </object_component>
      <object_component id="oc-1ab">
         <name>.cinit</name>
         <load_address>0x8528</load_address>
         <run_address>0x8528</run_address>
         <size>0x1c</size>
         <input_file_ref idref="fl-d4"/>
      </object_component>
      <object_component id="oc-8b">
         <name>.cinit</name>
         <load_address>0x8548</load_address>
         <run_address>0x8548</run_address>
         <size>0x18</size>
         <input_file_ref idref="fl-91"/>
      </object_component>
      <object_component id="oc-196">
         <name>.cinit</name>
         <load_address>0x8560</load_address>
         <run_address>0x8560</run_address>
         <size>0xc</size>
         <input_file_ref idref="fl-cf"/>
      </object_component>
      <object_component id="oc-b0">
         <name>.cinit</name>
         <load_address>0x8570</load_address>
         <run_address>0x8570</run_address>
         <size>0xc</size>
         <input_file_ref idref="fl-9b"/>
      </object_component>
      <object_component id="oc-bd">
         <name>.cinit</name>
         <load_address>0x8580</load_address>
         <run_address>0x8580</run_address>
         <size>0xc</size>
         <input_file_ref idref="fl-9e"/>
      </object_component>
      <object_component id="oc-1b0">
         <name>.cinit</name>
         <load_address>0x8590</load_address>
         <run_address>0x8590</run_address>
         <size>0xc</size>
         <input_file_ref idref="fl-d5"/>
      </object_component>
      <object_component id="oc-1d8">
         <name>.switch</name>
         <load_address>0xbe80</load_address>
         <run_address>0xbe80</run_address>
         <size>0x28</size>
         <input_file_ref idref="fl-bf"/>
      </object_component>
      <object_component id="oc-52">
         <name>.gblinit</name>
         <load_address>0xbdc8</load_address>
         <run_address>0xbdc8</run_address>
         <size>0x4c</size>
         <input_file_ref idref="fl-3"/>
      </object_component>
      <object_component id="oc-66">
         <name>.sysinit</name>
         <load_address>0x9f40</load_address>
         <run_address>0x9f40</run_address>
         <size>0x2c0</size>
         <input_file_ref idref="fl-3"/>
      </object_component>
      <object_component id="oc-40">
         <name>.sysinit</name>
         <load_address>0xa200</load_address>
         <run_address>0xa200</run_address>
         <size>0xc0</size>
         <input_file_ref idref="fl-98"/>
      </object_component>
      <object_component id="oc-16d">
         <name>.sysinit</name>
         <load_address>0xa2c0</load_address>
         <run_address>0xa2c0</run_address>
         <size>0x80</size>
         <input_file_ref idref="fl-c6"/>
      </object_component>
      <object_component id="oc-13a">
         <name>.sysinit</name>
         <load_address>0xa340</load_address>
         <run_address>0xa340</run_address>
         <size>0x20</size>
         <input_file_ref idref="fl-bb"/>
      </object_component>
      <object_component id="oc-ac">
         <name>.trcdata</name>
         <load_address>0xa3f4</load_address>
         <run_address>0xa3f4</run_address>
         <size>0xc</size>
         <input_file_ref idref="fl-99"/>
      </object_component>
      <object_component id="oc-54">
         <name>.rtdx_data</name>
         <uninitialized>true</uninitialized>
         <run_address>0x9af0</run_address>
         <size>0x410</size>
         <input_file_ref idref="fl-3"/>
      </object_component>
      <object_component id="oc-143">
         <name>.rtdx_data</name>
         <uninitialized>true</uninitialized>
         <run_address>0x9f00</run_address>
         <size>0x20</size>
         <input_file_ref idref="fl-bd"/>
      </object_component>
      <object_component id="oc-14c">
         <name>.rtdx_data</name>
         <uninitialized>true</uninitialized>
         <run_address>0x9f20</run_address>
         <size>0x1c</size>
         <input_file_ref idref="fl-bf"/>
      </object_component>
      <object_component id="oc-1bd">
         <name>.rtdx_text:_RTDX_Poll</name>
         <load_address>0x85c0</load_address>
         <run_address>0x85c0</run_address>
         <size>0x400</size>
         <input_file_ref idref="fl-bf"/>
      </object_component>
      <object_component id="oc-1da">
         <name>.rtdx_text:_RTDX_Buffer_WriteCB</name>
         <load_address>0x89c0</load_address>
         <run_address>0x89c0</run_address>
         <size>0x340</size>
         <input_file_ref idref="fl-bd"/>
      </object_component>
      <object_component id="oc-1e4">
         <name>.rtdx_text:_RTDX_write_next</name>
         <load_address>0x8d00</load_address>
         <run_address>0x8d00</run_address>
         <size>0x300</size>
         <input_file_ref idref="fl-bd"/>
      </object_component>
      <object_component id="oc-1e5">
         <name>.rtdx_text:_RTDX_Mon_Queue</name>
         <load_address>0x9000</load_address>
         <run_address>0x9000</run_address>
         <size>0x140</size>
         <input_file_ref idref="fl-bf"/>
      </object_component>
      <object_component id="oc-1e3">
         <name>.rtdx_text:_claim</name>
         <load_address>0x9140</load_address>
         <run_address>0x9140</run_address>
         <size>0xe0</size>
         <input_file_ref idref="fl-bd"/>
      </object_component>
      <object_component id="oc-1c4">
         <name>.rtdx_text:_RTDX_Init_RT_Monitor</name>
         <load_address>0x9220</load_address>
         <run_address>0x9220</run_address>
         <size>0x80</size>
         <input_file_ref idref="fl-bf"/>
      </object_component>
      <object_component id="oc-1c3">
         <name>.rtdx_text:_RTDX_Buffer_Initialize</name>
         <load_address>0x92a0</load_address>
         <run_address>0x92a0</run_address>
         <size>0x60</size>
         <input_file_ref idref="fl-bd"/>
      </object_component>
      <object_component id="oc-1d9">
         <name>.rtdx_text:_RTDX_Buffer_ReadCB</name>
         <load_address>0x9300</load_address>
         <run_address>0x9300</run_address>
         <size>0x60</size>
         <input_file_ref idref="fl-bc"/>
      </object_component>
      <object_component id="oc-1e2">
         <name>.rtdx_text:_RTDX_Buffer_Size</name>
         <load_address>0x9360</load_address>
         <run_address>0x9360</run_address>
         <size>0x40</size>
         <input_file_ref idref="fl-bd"/>
      </object_component>
      <object_component id="oc-1dd">
         <name>.rtdx_text:_RTDX_Final_RT_Monitor</name>
         <load_address>0x93a0</load_address>
         <run_address>0x93a0</run_address>
         <size>0x40</size>
         <input_file_ref idref="fl-bf"/>
      </object_component>
      <object_component id="oc-1be">
         <name>.rtdx_text:_RTDX_Buffer_Read</name>
         <load_address>0x93e0</load_address>
         <run_address>0x93e0</run_address>
         <size>0x20</size>
         <input_file_ref idref="fl-bc"/>
      </object_component>
      <object_component id="oc-1bf">
         <name>.rtdx_text:_RTDX_Buffer_Write</name>
         <load_address>0x9400</load_address>
         <run_address>0x9400</run_address>
         <size>0x20</size>
         <input_file_ref idref="fl-bd"/>
      </object_component>
      <object_component id="oc-1d7">
         <name>.rtdx_text:_RTDX_checksum</name>
         <load_address>0x9420</load_address>
         <run_address>0x9420</run_address>
         <size>0x20</size>
         <input_file_ref idref="fl-bf"/>
      </object_component>
      <object_component id="oc-148">
         <name>.rtdx_text</name>
         <load_address>0x9440</load_address>
         <run_address>0x9440</run_address>
         <size>0x20</size>
         <input_file_ref idref="fl-be"/>
      </object_component>
      <object_component id="oc-60">
         <name>.TSK_idle$stk</name>
         <uninitialized>true</uninitialized>
         <run_address>0xa800</run_address>
         <size>0x400</size>
         <input_file_ref idref="fl-3"/>
      </object_component>
      <object_component id="oc-63">
         <name>.LOG_system$buf</name>
         <uninitialized>true</uninitialized>
         <run_address>0xbb00</run_address>
         <size>0x100</size>
         <input_file_ref idref="fl-3"/>
      </object_component>
      <object_component id="oc-65">
         <name>.LOG0$buf</name>
         <uninitialized>true</uninitialized>
         <run_address>0xa400</run_address>
         <size>0x400</size>
         <input_file_ref idref="fl-3"/>
      </object_component>
      <object_component id="oc-57">
         <name>.hst1</name>
         <uninitialized>true</uninitialized>
         <run_address>0x85a4</run_address>
         <size>0x10</size>
         <input_file_ref idref="fl-3"/>
      </object_component>
      <object_component id="oc-5a">
         <name>.hst0</name>
         <uninitialized>true</uninitialized>
         <run_address>0xbc00</run_address>
         <size>0x100</size>
         <input_file_ref idref="fl-3"/>
      </object_component>
      <object_component id="oc-179">
         <name>.const</name>
         <load_address>0xb930</load_address>
         <run_address>0xb930</run_address>
         <size>0x4e</size>
         <input_file_ref idref="fl-c8"/>
      </object_component>
      <object_component id="oc-f4">
         <name>.const</name>
         <load_address>0xb980</load_address>
         <run_address>0xb980</run_address>
         <size>0x40</size>
         <input_file_ref idref="fl-ab"/>
      </object_component>
      <object_component id="oc-90">
         <name>.const</name>
         <load_address>0xb9c0</load_address>
         <run_address>0xb9c0</run_address>
         <size>0x23</size>
         <input_file_ref idref="fl-92"/>
      </object_component>
      <object_component id="oc-94">
         <name>.const</name>
         <load_address>0xb9e3</load_address>
         <run_address>0xb9e3</run_address>
         <size>0x22</size>
         <input_file_ref idref="fl-93"/>
      </object_component>
      <object_component id="oc-fc">
         <name>.const</name>
         <load_address>0xba08</load_address>
         <run_address>0xba08</run_address>
         <size>0x20</size>
         <input_file_ref idref="fl-ad"/>
      </object_component>
      <object_component id="oc-4d">
         <name>.const:.string</name>
         <load_address>0xba28</load_address>
         <run_address>0xba28</run_address>
         <size>0x10</size>
         <input_file_ref idref="fl-2"/>
      </object_component>
      <object_component id="oc-15d">
         <name>.const</name>
         <load_address>0xba38</load_address>
         <run_address>0xba38</run_address>
         <size>0x1</size>
         <input_file_ref idref="fl-c2"/>
      </object_component>
      <object_component id="oc-5d">
         <name>.printf</name>
         <load_address>0xba39</load_address>
         <run_address>0xba39</run_address>
         <size>0x73</size>
         <input_file_ref idref="fl-3"/>
      </object_component>
      <object_component id="oc-a8">
         <name>.args</name>
         <load_address>0x9f3c</load_address>
         <run_address>0x9f3c</run_address>
         <size>0x0</size>
         <input_file_ref idref="fl-98"/>
      </object_component>
      <object_component id="oc-33">
         <name>_SYS_PUTCBEG</name>
         <load_address>0xb730</load_address>
         <run_address>0xb730</run_address>
         <size>0x0</size>
      </object_component>
      <object_component id="oc-35">
         <name>_SYS_PUTCEND</name>
         <load_address>0xb930</load_address>
         <run_address>0xb930</run_address>
         <size>0x0</size>
      </object_component>
      <object_component id="oc-58">
         <name>.hst</name>
         <uninitialized>true</uninitialized>
         <run_address>0xbe14</run_address>
         <size>0x3c</size>
         <input_file_ref idref="fl-3"/>
      </object_component>
      <object_component id="oc-64">
         <name>.log</name>
         <load_address>0xbe50</load_address>
         <run_address>0xbe50</run_address>
         <size>0x30</size>
         <input_file_ref idref="fl-3"/>
      </object_component>
      <object_component id="oc-59">
         <name>.pip</name>
         <uninitialized>true</uninitialized>
         <run_address>0xbd00</run_address>
         <size>0xc8</size>
         <input_file_ref idref="fl-3"/>
      </object_component>
      <object_component id="oc-5e">
         <name>.sts</name>
         <load_address>0xba9c</load_address>
         <run_address>0xba9c</run_address>
         <size>0x50</size>
         <input_file_ref idref="fl-3"/>
      </object_component>
      <object_component id="oc-3b">
         <name>GBL_stackbeg</name>
         <uninitialized>true</uninitialized>
         <run_address>0xac00</run_address>
         <size>0x0</size>
      </object_component>
      <object_component id="oc-a9">
         <name>.stack</name>
         <uninitialized>true</uninitialized>
         <run_address>0xac00</run_address>
         <size>0x0</size>
         <input_file_ref idref="fl-98"/>
      </object_component>
      <object_component id="oc-223">
         <name>.stack</name>
         <uninitialized>true</uninitialized>
         <run_address>0xac00</run_address>
         <size>0x0</size>
      </object_component>
      <object_component id="oc-49">
         <name>.debug_info</name>
         <load_address>0x0</load_address>
         <run_address>0x0</run_address>
         <size>0x1be1</size>
         <input_file_ref idref="fl-2"/>
      </object_component>
      <object_component id="oc-68">
         <name>.debug_info</name>
         <load_address>0x1be1</load_address>
         <run_address>0x1be1</run_address>
         <size>0x32d</size>
         <input_file_ref idref="fl-3"/>
      </object_component>
      <object_component id="oc-6b">
         <name>.debug_info</name>
         <load_address>0x1f0e</load_address>
         <run_address>0x1f0e</run_address>
         <size>0x5cb</size>
         <input_file_ref idref="fl-4"/>
      </object_component>
      <object_component id="oc-6d">
         <name>.debug_info</name>
         <load_address>0x24d9</load_address>
         <run_address>0x24d9</run_address>
         <size>0xf8</size>
         <input_file_ref idref="fl-89"/>
      </object_component>
      <object_component id="oc-73">
         <name>.debug_info</name>
         <load_address>0x25d1</load_address>
         <run_address>0x25d1</run_address>
         <size>0xb9</size>
         <input_file_ref idref="fl-8b"/>
      </object_component>
      <object_component id="oc-76">
         <name>.debug_info</name>
         <load_address>0x268a</load_address>
         <run_address>0x268a</run_address>
         <size>0xaf</size>
         <input_file_ref idref="fl-8c"/>
      </object_component>
      <object_component id="oc-7c">
         <name>.debug_info</name>
         <load_address>0x2739</load_address>
         <run_address>0x2739</run_address>
         <size>0x1a5</size>
         <input_file_ref idref="fl-8d"/>
      </object_component>
      <object_component id="oc-81">
         <name>.debug_info</name>
         <load_address>0x28de</load_address>
         <run_address>0x28de</run_address>
         <size>0x13c</size>
         <input_file_ref idref="fl-8e"/>
      </object_component>
      <object_component id="oc-84">
         <name>.debug_info</name>
         <load_address>0x2a1a</load_address>
         <run_address>0x2a1a</run_address>
         <size>0x607</size>
         <input_file_ref idref="fl-8f"/>
      </object_component>
      <object_component id="oc-87">
         <name>.debug_info</name>
         <load_address>0x3021</load_address>
         <run_address>0x3021</run_address>
         <size>0x6f0</size>
         <input_file_ref idref="fl-90"/>
      </object_component>
      <object_component id="oc-8a">
         <name>.debug_info</name>
         <load_address>0x3711</load_address>
         <run_address>0x3711</run_address>
         <size>0xf1f</size>
         <input_file_ref idref="fl-91"/>
      </object_component>
      <object_component id="oc-8f">
         <name>.debug_info</name>
         <load_address>0x4630</load_address>
         <run_address>0x4630</run_address>
         <size>0x7fd</size>
         <input_file_ref idref="fl-92"/>
      </object_component>
      <object_component id="oc-93">
         <name>.debug_info</name>
         <load_address>0x4e2d</load_address>
         <run_address>0x4e2d</run_address>
         <size>0x7ea</size>
         <input_file_ref idref="fl-93"/>
      </object_component>
      <object_component id="oc-97">
         <name>.debug_info</name>
         <load_address>0x5617</load_address>
         <run_address>0x5617</run_address>
         <size>0x6d9</size>
         <input_file_ref idref="fl-94"/>
      </object_component>
      <object_component id="oc-9c">
         <name>.debug_info</name>
         <load_address>0x5cf0</load_address>
         <run_address>0x5cf0</run_address>
         <size>0x690</size>
         <input_file_ref idref="fl-95"/>
      </object_component>
      <object_component id="oc-a0">
         <name>.debug_info</name>
         <load_address>0x6380</load_address>
         <run_address>0x6380</run_address>
         <size>0x112</size>
         <input_file_ref idref="fl-96"/>
      </object_component>
      <object_component id="oc-a4">
         <name>.debug_info</name>
         <load_address>0x6492</load_address>
         <run_address>0x6492</run_address>
         <size>0x106</size>
         <input_file_ref idref="fl-97"/>
      </object_component>
      <object_component id="oc-a7">
         <name>.debug_info</name>
         <load_address>0x6598</load_address>
         <run_address>0x6598</run_address>
         <size>0x65a</size>
         <input_file_ref idref="fl-98"/>
      </object_component>
      <object_component id="oc-b2">
         <name>.debug_info</name>
         <load_address>0x6bf2</load_address>
         <run_address>0x6bf2</run_address>
         <size>0xaf</size>
         <input_file_ref idref="fl-9b"/>
      </object_component>
      <object_component id="oc-b6">
         <name>.debug_info</name>
         <load_address>0x6ca1</load_address>
         <run_address>0x6ca1</run_address>
         <size>0xb8</size>
         <input_file_ref idref="fl-9c"/>
      </object_component>
      <object_component id="oc-ba">
         <name>.debug_info</name>
         <load_address>0x6d59</load_address>
         <run_address>0x6d59</run_address>
         <size>0xaa</size>
         <input_file_ref idref="fl-9d"/>
      </object_component>
      <object_component id="oc-bf">
         <name>.debug_info</name>
         <load_address>0x6e03</load_address>
         <run_address>0x6e03</run_address>
         <size>0x11b</size>
         <input_file_ref idref="fl-9e"/>
      </object_component>
      <object_component id="oc-c3">
         <name>.debug_info</name>
         <load_address>0x6f1e</load_address>
         <run_address>0x6f1e</run_address>
         <size>0xaa</size>
         <input_file_ref idref="fl-9f"/>
      </object_component>
      <object_component id="oc-c7">
         <name>.debug_info</name>
         <load_address>0x6fc8</load_address>
         <run_address>0x6fc8</run_address>
         <size>0x10c</size>
         <input_file_ref idref="fl-a0"/>
      </object_component>
      <object_component id="oc-cb">
         <name>.debug_info</name>
         <load_address>0x70d4</load_address>
         <run_address>0x70d4</run_address>
         <size>0xd8</size>
         <input_file_ref idref="fl-a1"/>
      </object_component>
      <object_component id="oc-d0">
         <name>.debug_info</name>
         <load_address>0x71ac</load_address>
         <run_address>0x71ac</run_address>
         <size>0x1c2</size>
         <input_file_ref idref="fl-a2"/>
      </object_component>
      <object_component id="oc-d4">
         <name>.debug_info</name>
         <load_address>0x736e</load_address>
         <run_address>0x736e</run_address>
         <size>0xdb</size>
         <input_file_ref idref="fl-a3"/>
      </object_component>
      <object_component id="oc-d8">
         <name>.debug_info</name>
         <load_address>0x7449</load_address>
[...]
         <object_component_ref idref="oc-1e1"/>
      </symbol>
      <symbol id="sm-508">
         <name>_EDMA_disableChannel</name>
         <value>0x7020</value>
         <object_component_ref idref="oc-1e9"/>
      </symbol>
      <symbol id="sm-509">
         <name>_EDMA_intEnable</name>
         <value>0x7140</value>
         <object_component_ref idref="oc-1d1"/>
      </symbol>
      <symbol id="sm-50a">
         <name>_EDMA_allocTable</name>
         <value>0x5e60</value>
         <object_component_ref idref="oc-1cd"/>
      </symbol>
      <symbol id="sm-514">
         <name>_GBL_cslCacheInit</name>
         <value>0x3580</value>
         <object_component_ref idref="oc-104"/>
      </symbol>
      <symbol id="sm-51c">
         <name>GBL_A_VERSION</name>
         <value>0x5205</value>
      </symbol>
      <symbol id="sm-51d">
         <name>_GBL_getVersion</name>
         <value>0x4320</value>
         <object_component_ref idref="oc-107"/>
      </symbol>
      <symbol id="sm-525">
         <name>_HWI_restore</name>
         <value>0x404c</value>
         <object_component_ref idref="oc-10b"/>
      </symbol>
      <symbol id="sm-526">
         <name>_HWI_enable</name>
         <value>0x4038</value>
         <object_component_ref idref="oc-10b"/>
      </symbol>
      <symbol id="sm-527">
         <name>_HWI_disable</name>
         <value>0x4020</value>
         <object_component_ref idref="oc-10b"/>
      </symbol>
      <symbol id="sm-53d">
         <name>__IRQ_eventTable</name>
         <value>0x9610</value>
         <object_component_ref idref="oc-111"/>
      </symbol>
      <symbol id="sm-53e">
         <name>_IRQ_reset</name>
         <value>0x7240</value>
         <object_component_ref idref="oc-1d3"/>
      </symbol>
      <symbol id="sm-53f">
         <name>__IRQ_intTable</name>
         <value>0x9694</value>
         <object_component_ref idref="oc-111"/>
      </symbol>
      <symbol id="sm-540">
         <name>__IRQ_init</name>
         <value>0x6f80</value>
         <object_component_ref idref="oc-1de"/>
      </symbol>
      <symbol id="sm-541">
         <name>_IRQ_enable</name>
         <value>0x7200</value>
         <object_component_ref idref="oc-1d4"/>
      </symbol>
      <symbol id="sm-542">
         <name>__IRQ_dispatchTable</name>
         <value>0x96d4</value>
         <object_component_ref idref="oc-111"/>
      </symbol>
      <symbol id="sm-543">
         <name>__IRQ_hookFetchPacket</name>
         <value>0x73a0</value>
         <object_component_ref idref="oc-10f"/>
      </symbol>
      <symbol id="sm-54f">
         <name>_KNL_maxqueue</name>
         <value>0xb698</value>
         <object_component_ref idref="oc-115"/>
      </symbol>
      <symbol id="sm-550">
         <name>_KNL_inactive</name>
         <value>0xb678</value>
         <object_component_ref idref="oc-115"/>
      </symbol>
      <symbol id="sm-551">
         <name>_KNL_tswitchfxn</name>
         <value>0xb69c</value>
         <object_component_ref idref="oc-115"/>
      </symbol>
      <symbol id="sm-552">
         <name>_KNL_setpri</name>
         <value>0xb674</value>
         <object_component_ref idref="oc-115"/>
      </symbol>
      <symbol id="sm-553">
         <name>_KNL_swiptr</name>
         <value>0xb690</value>
         <object_component_ref idref="oc-115"/>
      </symbol>
      <symbol id="sm-554">
         <name>_KNL_dummy</name>
         <value>0x9858</value>
         <object_component_ref idref="oc-118"/>
      </symbol>
      <symbol id="sm-555">
         <name>_KNL_curtask</name>
         <value>0xb684</value>
         <object_component_ref idref="oc-115"/>
      </symbol>
      <symbol id="sm-556">
         <name>_KNL_curqueue</name>
         <value>0xb694</value>
         <object_component_ref idref="oc-115"/>
      </symbol>
      <symbol id="sm-557">
         <name>_KNL_wList</name>
         <value>0xb66c</value>
         <object_component_ref idref="oc-115"/>
      </symbol>
      <symbol id="sm-558">
         <name>_KNL_curtime</name>
         <value>0xb68c</value>
         <object_component_ref idref="oc-115"/>
      </symbol>
      <symbol id="sm-559">
         <name>_KNL_set</name>
         <value>0xb680</value>
         <object_component_ref idref="oc-115"/>
      </symbol>
      <symbol id="sm-55a">
         <name>_KNL_alarm</name>
         <value>0xb670</value>
         <object_component_ref idref="oc-115"/>
      </symbol>
      <symbol id="sm-55b">
         <name>_KNL_prevtask</name>
         <value>0xb688</value>
         <object_component_ref idref="oc-115"/>
      </symbol>
      <symbol id="sm-55c">
         <name>_KNL_queues</name>
         <value>0x97b8</value>
         <object_component_ref idref="oc-118"/>
      </symbol>
      <symbol id="sm-55d">
         <name>_KNL_idlefxn</name>
         <value>0xb6ac</value>
         <object_component_ref idref="oc-115"/>
      </symbol>
      <symbol id="sm-55e">
         <name>_KNL_priority</name>
         <value>0xb67c</value>
         <object_component_ref idref="oc-115"/>
      </symbol>
      <symbol id="sm-55f">
         <name>_KNL_treadyfxn</name>
         <value>0xb6a8</value>
         <object_component_ref idref="oc-115"/>
      </symbol>
      <symbol id="sm-560">
         <name>_KNL_tcreatefxn</name>
         <value>0xb6a0</value>
         <object_component_ref idref="oc-115"/>
      </symbol>
      <symbol id="sm-561">
         <name>_KNL_wFlag</name>
         <value>0xb668</value>
         <object_component_ref idref="oc-115"/>
      </symbol>
      <symbol id="sm-562">
         <name>_KNL_tdeletefxn</name>
         <value>0xb6a4</value>
         <object_component_ref idref="oc-115"/>
      </symbol>
      <symbol id="sm-56c">
         <name>_KNL_exit</name>
         <value>0x3660</value>
         <object_component_ref idref="oc-11b"/>
      </symbol>
      <symbol id="sm-56d">
         <name>_KNL_enter</name>
         <value>0x36b4</value>
         <object_component_ref idref="oc-11b"/>
      </symbol>
      <symbol id="sm-575">
         <name>__KNL_lat1beg</name>
         <value>0x3490</value>
         <object_component_ref idref="oc-11e"/>
      </symbol>
      <symbol id="sm-576">
         <name>__KNL_lat1end</name>
         <value>0x3518</value>
         <object_component_ref idref="oc-11e"/>
      </symbol>
      <symbol id="sm-577">
         <name>_KNL_max</name>
         <value>0x353c</value>
         <object_component_ref idref="oc-11e"/>
      </symbol>
      <symbol id="sm-578">
         <name>_KNL_check</name>
         <value>0x3440</value>
         <object_component_ref idref="oc-11e"/>
      </symbol>
      <symbol id="sm-579">
         <name>_KNL_idle</name>
         <value>0x3518</value>
         <object_component_ref idref="oc-11e"/>
      </symbol>
      <symbol id="sm-583">
         <name>_KNL_post</name>
         <value>0x3aa0</value>
         <object_component_ref idref="oc-123"/>
      </symbol>
      <symbol id="sm-58d">
         <name>_KNL_ipost</name>
         <value>0x39e0</value>
         <object_component_ref idref="oc-127"/>
      </symbol>
      <symbol id="sm-597">
         <name>_KNL_run</name>
         <value>0x1b20</value>
         <object_component_ref idref="oc-12b"/>
      </symbol>
      <symbol id="sm-59f">
         <name>_LOG_printf</name>
         <value>0x4360</value>
         <object_component_ref idref="oc-12e"/>
      </symbol>
      <symbol id="sm-5b3">
         <name>_MCBSP_reset</name>
         <value>0x6000</value>
         <object_component_ref idref="oc-1db"/>
      </symbol>
      <symbol id="sm-5b4">
         <name>_MCBSP_open</name>
         <value>0x6960</value>
         <object_component_ref idref="oc-1c1"/>
      </symbol>
      <symbol id="sm-5b5">
         <name>__MCBSP_hDev0</name>
         <value>0x9a14</value>
         <object_component_ref idref="oc-133"/>
      </symbol>
      <symbol id="sm-5b6">
         <name>__MCBSP_hDev1</name>
         <value>0x9a18</value>
         <object_component_ref idref="oc-133"/>
      </symbol>
      <symbol id="sm-5b7">
         <name>_MCBSP_start</name>
         <value>0x6a60</value>
         <object_component_ref idref="oc-1c2"/>
      </symbol>
      <symbol id="sm-5b8">
         <name>_MCBSP_write</name>
         <value>0x7320</value>
         <object_component_ref idref="oc-1d5"/>
      </symbol>
      <symbol id="sm-5c6">
         <name>_OBJ_table</name>
         <value>0x98ec</value>
         <object_component_ref idref="oc-139"/>
      </symbol>
      <symbol id="sm-5c7">
         <name>_OBJ_init</name>
         <value>0xa340</value>
         <object_component_ref idref="oc-13a"/>
      </symbol>
      <symbol id="sm-5c8">
         <name>_OBJ_segtab</name>
         <value>0x9924</value>
         <object_component_ref idref="oc-139"/>
      </symbol>
      <symbol id="sm-5d4">
         <name>_RTDX_Buffer_ReadCB</name>
         <value>0x9300</value>
         <object_component_ref idref="oc-1d9"/>
      </symbol>
      <symbol id="sm-5d5">
         <name>RTDX_NORMALIZED_HDR</name>
         <value>0x1</value>
      </symbol>
      <symbol id="sm-5d6">
         <name>_RTDX_Buffer_Read</name>
         <value>0x93e0</value>
         <object_component_ref idref="oc-1be"/>
      </symbol>
      <symbol id="sm-5f2">
         <name>_rtdx_buffer_state</name>
         <value>0x9f00</value>
         <object_component_ref idref="oc-143"/>
      </symbol>
      <symbol id="sm-5f3">
         <name>_RTDX_Buffer_WriteCB</name>
         <value>0x89c0</value>
         <object_component_ref idref="oc-1da"/>
      </symbol>
      <symbol id="sm-5f4">
         <name>_rtdxNullChanCnt</name>
         <value>0xb700</value>
         <object_component_ref idref="oc-140"/>
      </symbol>
      <symbol id="sm-5f5">
         <name>_RTDX_writing</name>
         <value>0x9f0c</value>
         <object_component_ref idref="oc-143"/>
      </symbol>
      <symbol id="sm-5f6">
         <name>_RTDX_Buffer_Initialize</name>
         <value>0x92a0</value>
         <object_component_ref idref="oc-1c3"/>
      </symbol>
      <symbol id="sm-5f7">
         <name>_RTDX_Buffer_Write</name>
         <value>0x9400</value>
         <object_component_ref idref="oc-1bf"/>
      </symbol>
      <symbol id="sm-5f8">
         <name>_rtdxNullFuncCnt</name>
         <value>0xb704</value>
         <object_component_ref idref="oc-140"/>
      </symbol>
      <symbol id="sm-5f9">
         <name>_RTDX_Buffer_Size</name>
         <value>0x9360</value>
         <object_component_ref idref="oc-1e2"/>
      </symbol>
      <symbol id="sm-603">
         <name>_RTDX_Mask_IER</name>
         <value>0x9440</value>
         <object_component_ref idref="oc-148"/>
      </symbol>
      <symbol id="sm-61b">
         <name>_RTDX_Mon_Queue</name>
         <value>0x9000</value>
         <object_component_ref idref="oc-1e5"/>
      </symbol>
      <symbol id="sm-61c">
         <name>_rtdx_mon_state</name>
         <value>0x9f20</value>
         <object_component_ref idref="oc-14c"/>
      </symbol>
      <symbol id="sm-61d">
         <name>_RTDX_JTAGONLY</name>
         <value>0x2</value>
      </symbol>
      <symbol id="sm-61e">
         <name>_RTDX_Final_RT_Monitor</name>
         <value>0x93a0</value>
         <object_component_ref idref="oc-1dd"/>
      </symbol>
      <symbol id="sm-61f">
         <name>_RTDX_Poll</name>
         <value>0x85c0</value>
         <object_component_ref idref="oc-1bd"/>
      </symbol>
      <symbol id="sm-620">
         <name>_RTDX_Init_RT_Monitor</name>
         <value>0x9220</value>
         <object_component_ref idref="oc-1c4"/>
      </symbol>
      <symbol id="sm-628">
         <name>_STS_set</name>
         <value>0x4380</value>
         <object_component_ref idref="oc-150"/>
      </symbol>
      <symbol id="sm-638">
         <name>_TIMER_reset</name>
         <value>0x6840</value>
         <object_component_ref idref="oc-1e8"/>
      </symbol>
      <symbol id="sm-639">
         <name>_TIMER_open</name>
         <value>0x65c0</value>
         <object_component_ref idref="oc-1df"/>
      </symbol>
      <symbol id="sm-63a">
         <name>__TIMER_hDev0</name>
         <value>0x9a84</value>
         <object_component_ref idref="oc-155"/>
      </symbol>
      <symbol id="sm-63b">
         <name>__TIMER_hDev1</name>
         <value>0x9a88</value>
         <object_component_ref idref="oc-155"/>
      </symbol>
      <symbol id="sm-63c">
         <name>__TIMER_hBios</name>
         <value>0x9a8c</value>
         <object_component_ref idref="oc-155"/>
      </symbol>
      <symbol id="sm-63d">
         <name>__TIMER_deviceTable</name>
         <value>0x9a6c</value>
         <object_component_ref idref="oc-155"/>
      </symbol>
      <symbol id="sm-64b">
         <name>_TSK_nTasks</name>
         <value>0xb708</value>
         <object_component_ref idref="oc-159"/>
      </symbol>
      <symbol id="sm-64c">
         <name>_TSK_config</name>
         <value>0x98ac</value>
         <object_component_ref idref="oc-15c"/>
      </symbol>
      <symbol id="sm-64d">
         <name>_TSK</name>
         <value>0xb710</value>
         <object_component_ref idref="oc-159"/>
      </symbol>
      <symbol id="sm-64e">
         <name>_TSK_timerSem</name>
         <value>0x98cc</value>
         <object_component_ref idref="oc-15c"/>
      </symbol>
      <symbol id="sm-64f">
         <name>_TSK_pid</name>
         <value>0xb70c</value>
         <object_component_ref idref="oc-159"/>
      </symbol>
      <symbol id="sm-650">
         <name>_TSK_ATTRS</name>
         <value>0x9890</value>
         <object_component_ref idref="oc-15c"/>
      </symbol>
      <symbol id="sm-65a">
         <name>_TSK_exit</name>
         <value>0x2fa0</value>
         <object_component_ref idref="oc-160"/>
      </symbol>
      <symbol id="sm-664">
         <name>_SYS_exit</name>
         <value>0x3c20</value>
         <object_component_ref idref="oc-164"/>
      </symbol>
      <symbol id="sm-670">
         <name>_SYS_exitStack</name>
         <value>0x9a90</value>
         <object_component_ref idref="oc-16a"/>
      </symbol>
      <symbol id="sm-671">
         <name>_SYS_exitStackPtr</name>
         <value>0xb71c</value>
         <object_component_ref idref="oc-167"/>
      </symbol>
      <symbol id="sm-672">
         <name>_SYS_exitStackTop</name>
         <value>0xb720</value>
         <object_component_ref idref="oc-167"/>
      </symbol>
      <symbol id="sm-67c">
         <name>_TSK_init</name>
         <value>0xa2c0</value>
         <object_component_ref idref="oc-16d"/>
      </symbol>
      <symbol id="sm-686">
         <name>_TSK_setup</name>
         <value>0x2a20</value>
         <object_component_ref idref="oc-171"/>
      </symbol>
      <symbol id="sm-698">
         <name>__MEM_mutex</name>
         <value>0x99bc</value>
         <object_component_ref idref="oc-177"/>
      </symbol>
      <symbol id="sm-699">
         <name>_TSK_startup</name>
         <value>0x3380</value>
         <object_component_ref idref="oc-178"/>
      </symbol>
      <symbol id="sm-69a">
         <name>__TSK_mutex</name>
         <value>0x9994</value>
         <object_component_ref idref="oc-177"/>
      </symbol>
      <symbol id="sm-6a4">
         <name>_LCK_pend</name>
         <value>0x3b90</value>
         <object_component_ref idref="oc-17d"/>
      </symbol>
      <symbol id="sm-6a5">
         <name>_LCK_post</name>
         <value>0x3b60</value>
         <object_component_ref idref="oc-17d"/>
      </symbol>
      <symbol id="sm-6ad">
         <name>_SEM_pend</name>
         <value>0x4080</value>
         <object_component_ref idref="oc-180"/>
      </symbol>
      <symbol id="sm-6b7">
         <name>_SEM_pendEnterKnl</name>
         <value>0x20a0</value>
         <object_component_ref idref="oc-185"/>
      </symbol>
      <symbol id="sm-6bf">
         <name>_SEM_postBinary</name>
         <value>0x3820</value>
         <object_component_ref idref="oc-188"/>
      </symbol>
      <symbol id="sm-6c0">
         <name>_SEM_post</name>
         <value>0x3820</value>
         <object_component_ref idref="oc-188"/>
      </symbol>
      <symbol id="sm-6ca">
         <name>_SEM_postEnterKnl</name>
         <value>0x3740</value>
         <object_component_ref idref="oc-18d"/>
      </symbol>
      <symbol id="sm-6d4">
         <name>_SYS_abort</name>
         <value>0x40e0</value>
         <object_component_ref idref="oc-191"/>
      </symbol>
      <symbol id="sm-6e2">
         <name>__GBL_setL2CacheMode</name>
         <value>0xc34</value>
         <object_component_ref idref="oc-197"/>
      </symbol>
      <symbol id="sm-6ec">
         <name>__SEM_dopost</name>
         <value>0x2800</value>
         <object_component_ref idref="oc-19b"/>
      </symbol>
      <symbol id="sm-6f6">
         <name>__auto_init</name>
         <value>0x3140</value>
         <object_component_ref idref="oc-19f"/>
      </symbol>
      <symbol id="sm-708">
         <name>__unlock</name>
         <value>0x9ae4</value>
         <object_component_ref idref="oc-1a4"/>
      </symbol>
      <symbol id="sm-709">
         <name>__lock</name>
         <value>0x9ae0</value>
         <object_component_ref idref="oc-1a4"/>
      </symbol>
      <symbol id="sm-70a">
         <name>__register_lock</name>
         <value>0x7360</value>
         <object_component_ref idref="oc-1c5"/>
      </symbol>
      <symbol id="sm-70b">
         <name>__nop</name>
         <value>0x7340</value>
         <object_component_ref idref="oc-1c8"/>
      </symbol>
      <symbol id="sm-70c">
         <name>__register_unlock</name>
         <value>0x7380</value>
         <object_component_ref idref="oc-1c6"/>
      </symbol>
      <symbol id="sm-714">
         <name>__strasg</name>
         <value>0x6c40</value>
         <object_component_ref idref="oc-1c0"/>
      </symbol>
      <symbol id="sm-722">
         <name>_atexit</name>
         <value>0x6d20</value>
         <object_component_ref idref="oc-1dc"/>
      </symbol>
      <symbol id="sm-723">
         <name>___atexit_func_id__</name>
         <value>0x9460</value>
         <object_component_ref idref="oc-1ac"/>
      </symbol>
      <symbol id="sm-733">
         <name>_dtors</name>
         <value>0x9ae8</value>
         <object_component_ref idref="oc-1b1"/>
      </symbol>
      <symbol id="sm-734">
         <name>_call_dtors</name>
         <value>0x6320</value>
         <object_component_ref idref="oc-1ea"/>
      </symbol>
      <symbol id="sm-735">
         <name>___add_dtor</name>
         <value>0x7280</value>
         <object_component_ref idref="oc-1e6"/>
      </symbol>
      <symbol id="sm-741">
         <name>___TI_enable_exit_profile_output</name>
         <value>0x9ad4</value>
         <object_component_ref idref="oc-1b6"/>
      </symbol>
      <symbol id="sm-742">
         <name>__cleanup_ptr</name>
         <value>0x9acc</value>
         <object_component_ref idref="oc-1b6"/>
      </symbol>
      <symbol id="sm-743">
         <name>__dtors_ptr</name>
         <value>0x9ad0</value>
         <object_component_ref idref="oc-1b6"/>
      </symbol>
      <symbol id="sm-74d">
         <name>_memcpy</name>
         <value>0x5840</value>
         <object_component_ref idref="oc-1c7"/>
      </symbol>
   </symbol_table>
</link_info>
