******************************************************************************
               TMS320C6x Linker PC v7.4.7                      
******************************************************************************
>> Linked Mon Nov 25 04:26:16 2019

OUTPUT FILE NAME:   <FBIOS.out>
ENTRY POINT SYMBOL: "_c_int00"  address: 0000c640


MEMORY CONFIGURATION

         name            origin    length      used     unused   attr    fill
----------------------  --------  ---------  --------  --------  ----  --------
  IRAM                  00000000   00040000  0000d0d9  00032f27  RWIX
  SDRAM                 80000000   00800000  00000000  00800000  RWIX


SECTION ALLOCATION MAP

 output                                  attributes/
section   page    origin      length       input sections
--------  ----  ----------  ----------   ----------------
.vers      0    00000000    00000044     COPY SECTION
                  00000000    00000044     biosConvolutioncfg.obj (.vers)

.hwi_vec   0    00000000    00000200     
                  00000000    00000200     biosConvolutioncfg.obj (.hwi_vec)

.data      0    00000000    00000000     UNINITIALIZED

.hst       0    00000000    00000000     UNINITIALIZED

.pip       0    00000000    00000000     UNINITIALIZED

.text      0    00000200    00003f20     
                  00000200    00001660     main.obj (.text)
                  00001860    00000480     dsk6713bsl.lib : dsk6713.obj (.text)
                  00001ce0    00000300                    : dsk6713_aic23_opencodec.obj (.text)
                  00001fe0    00000280     csl6713.lib : csl_edma.obj (.text:_EDMA_open)
                  00002260    00000240     rts6700.lib : memcpy62.obj (.text:_memcpy)
                  000024a0    00000220     csl6713.lib : csl.obj (.text:__CSL_init)
                  000026c0    000001c0                 : csl_irq.obj (.text:_IRQ_map)
                  00002880    000001c0                 : csl_irq.obj (.text:_mux2Tables)
                  00002a40    000001a0                 : csl_edma.obj (.text:_EDMA_allocTable)
                  00002be0    000001a0                 : csl_mcbsp.obj (.text:_MCBSP_reset)
                  00002d80    00000180     bios.a67 : gbl_cslpllinit62.o67 (.text)
                  00002f00    00000160     rts6700.lib : sinit.obj (.text:_call_dtors)
                  00003060    00000140     csl6713.lib : csl_edma.obj (.text:_EDMA_reset)
                  000031a0    00000140                 : csl_timer.obj (.text:_TIMER_open)
                  000032e0    00000140     dsk6713bsl.lib : dsk6713_aic23_registers.obj (.text)
                  00003420    00000120     csl6713.lib : csl_timer.obj (.text:_TIMER_reset)
                  00003540    00000100                 : csl_mcbsp.obj (.text:_MCBSP_open)
                  00003640    00000100                 : csl_mcbsp.obj (.text:_MCBSP_start)
                  00003740    000000e0                 : csl_edma.obj (.text:_EDMA_config)
                  00003820    000000e0     rts6700.lib : strasg.obj (.text:__strasg)
                  00003900    000000e0                 : atexit.obj (.text:_atexit)
                  000039e0    000000c0     csl6713.lib : csl_edma.obj (.text:_EDMA_clearPram)
                  00003aa0    000000c0     bios.a67 : tsk_stup.o67 (.text)
                  00003b60    000000a0     csl6713.lib : csl_irq.obj (.text:__IRQ_init)
                  00003c00    000000a0                 : csl_irq.obj (.text:_setMux)
                  00003ca0    00000080     dsk6713bsl.lib : dsk6713_dip.obj (.text)
                  00003d20    00000060     csl6713.lib : csl_edma.obj (.text:_EDMA_disableChannel)
                  00003d80    00000060                 : csl_edma.obj (.text:_EDMA_enableChannel)
                  00003de0    00000060                 : csl_edma.obj (.text:_EDMA_intDisable)
                  00003e40    00000060                 : csl_edma.obj (.text:_EDMA_intEnable)
                  00003ea0    00000060                 : csl_edma.obj (.text:_EDMA_qdmaConfig)
                  00003f00    00000040                 : csl_irq.obj (.text:_IRQ_enable)
                  00003f40    00000040                 : csl_irq.obj (.text:_IRQ_reset)
                  00003f80    00000040     rts6700.lib : sinit.obj (.text:___add_dtor)
                  00003fc0    00000020     csl6713.lib : csl.obj (.text:_CSL6713_LIB_)
                  00003fe0    00000020                 : csl_edma.obj (.text:_EDMA_intClear)
                  00004000    00000020                 : csl_edma.obj (.text:_EDMA_intTest)
                  00004020    00000020                 : csl_irq.obj (.text:_IRQ_globalDisable)
                  00004040    00000020                 : csl_irq.obj (.text:_IRQ_globalEnable)
                  00004060    00000020                 : csl_irq.obj (.text:_IRQ_nmiEnable)
                  00004080    00000020                 : csl_mcbsp.obj (.text:_MCBSP_write)
                  000040a0    00000020     rts6700.lib : _lock.obj (.text:__nop)
                  000040c0    00000020                 : _lock.obj (.text:__register_lock)
                  000040e0    00000020                 : _lock.obj (.text:__register_unlock)
                  00004100    00000020     csl6713.lib : csl_irq.obj (.text)

.bios      0    00004120    00003ca0     
                  00004120    00000600     lnkrtdx.a67 : rtdx.o67 (.bios)
                  00004720    000005e0     bios.a67 : gbl_setL2CacheMode.o67 (.bios)
                  00004d00    00000540              : swi.o67 (.bios)
                  00005240    00000460              : hwi_disp_asm.o67 (.bios)
                  000056a0    000003a0              : prd.o67 (.bios)
                  00005a40    000002c0              : knl_run.o67 (.bios)
                  00005d00    000002c0              : sem_pend.o67 (.bios)
                  00005fc0    00000260              : knl_tick.o67 (.bios)
                  00006220    00000240              : pip.o67 (.bios)
                  00006460    00000220              : sem_dopo.o67 (.bios)
                  00006680    00000200              : tsk_setu.o67 (.bios)
                  00006880    000001c0              : knl_swit.o67 (.bios)
                  00006a40    000001c0     biosC6000.a67 : clk.o67 (.bios)
                  00006c00    000001a0     bios.a67 : tsk_exit.o67 (.bios)
                  00006da0    00000180              : autoinit.o67 (.bios)
                  00006f20    00000180              : tsk_stup.o67 (.bios)
                  000070a0    00000140              : knl_chec.o67 (.bios)
                  000071e0    000000e0              : gbl_cslcacheinit.o67 (.bios)
                  000072c0    000000e0              : knl_exit.o67 (.bios)
                  000073a0    000000e0              : sem_post.o67 (.bios)
                  00007480    000000e0              : sem_post_asm.o67 (.bios)
                  00007560    000000c0              : knl_ipos.o67 (.bios)
                  00007620    000000c0              : knl_post.o67 (.bios)
                  000076e0    000000c0              : lck.o67 (.bios)
                  000077a0    000000c0              : sys_exit.o67 (.bios)
                  00007860    000000c0     biosC6000.a67 : clk_htime.o67 (.bios)
                  00007920    00000080     bios.a67 : fxn.o67 (.bios)
                  000079a0    00000080              : log.o67 (.bios)
                  00007a20    00000080              : sts.o67 (.bios)
                  00007aa0    00000060              : hwi_c.o67 (.bios)
                  00007b00    00000060              : sem_pend_counting.o67 (.bios)
                  00007b60    00000060              : sys_abor.o67 (.bios)
                  00007bc0    00000060              : utl_putc.o67 (.bios)
                  00007c20    00000060     biosC6000.a67 : clk_start.o67 (.bios)
                  00007c80    00000040     bios.a67 : utl_doab.o67 (.bios)
                  00007cc0    00000040     biosC6000.a67 : clk_stop.o67 (.bios)
                  00007d00    00000020     bios.a67 : fxn_c.o67 (.bios)
                  00007d20    00000020              : gbl_vers.o67 (.bios)
                  00007d40    00000020              : idl.o67 (.bios)
                  00007d60    00000020              : sts_set.o67 (.bios)
                  00007d80    00000020              : utl_doer.o67 (.bios)
                  00007da0    00000020              : utl_halt.o67 (.bios)

.cinit     0    00007dc0    0000124c     
                  00007dc0    000004cc     biosConvolutioncfg.obj (.cinit)
                  0000828c    00000004     --HOLE-- [fill = 0]
                  00008290    000002fe     main.obj (.cinit)
                  0000858e    00000002     --HOLE-- [fill = 0]
                  00008590    0000026c     bios.a67 : biosdata.o67 (.cinit)
                  000087fc    00000004     --HOLE-- [fill = 0]
                  00008800    000001a4              : knl.o67 (.cinit)
                  000089a4    00000004     --HOLE-- [fill = 0]
                  000089a8    0000012c     csl6713.lib : csl_irq.obj (.cinit)
                  00008ad4    00000004     --HOLE-- [fill = 0]
                  00008ad8    000000b0     bios.a67 : swi.o67 (.cinit)
                  00008b88    00000080              : tsk.o67 (.cinit)
                  00008c08    00000070     csl6713.lib : csl_edma.obj (.cinit)
                  00008c78    00000060     bios.a67 : tsk_stup.o67 (.cinit)
                  00008cd8    0000005c     lnkrtdx.a67 : rtdx.o67 (.cinit)
                  00008d34    00000004     --HOLE-- [fill = 0]
                  00008d38    00000054     csl6713.lib : csl_mcbsp.obj (.cinit)
                  00008d8c    00000004     --HOLE-- [fill = 0]
                  00008d90    0000004c                 : csl_timer.obj (.cinit)
                  00008ddc    00000004     --HOLE-- [fill = 0]
                  00008de0    0000004c     rtdx.lib : buffer1.o62 (.cinit)
                  00008e2c    00000004     --HOLE-- [fill = 0]
                  00008e30    0000003c     csl6713.lib : csl.obj (.cinit)
                  00008e6c    00000004     --HOLE-- [fill = 0]
                  00008e70    00000034     bios.a67 : hwi.o67 (.cinit)
                  00008ea4    00000004     --HOLE-- [fill = 0]
                  00008ea8    00000030     dsk6713bsl.lib : dsk6713_aic23_registers.obj (.cinit)
                  00008ed8    0000002c     bios.a67 : utl_putc.o67 (.cinit)
                  00008f04    00000004     --HOLE-- [fill = 0]
                  00008f08    0000002c     rts6700.lib : exit.obj (.cinit)
                  00008f34    00000004     --HOLE-- [fill = 0]
                  00008f38    00000024     bios.a67 : obj_init.o67 (.cinit)
                  00008f5c    00000004     --HOLE-- [fill = 0]
                  00008f60    0000001c              : sys.o67 (.cinit)
                  00008f7c    00000004     --HOLE-- [fill = 0]
                  00008f80    0000001c     rts6700.lib : _lock.obj (.cinit)
                  00008f9c    00000004     --HOLE-- [fill = 0]
                  00008fa0    0000001c                 : atexit.obj (.cinit)
                  00008fbc    00000004     --HOLE-- [fill = 0]
                  00008fc0    00000018     bios.a67 : knl_tick.o67 (.cinit)
                  00008fd8    0000000c              : gbl_setL2CacheMode.o67 (.cinit)
                  00008fe4    00000004     --HOLE-- [fill = 0]
                  00008fe8    0000000c              : knl_swit.o67 (.cinit)
                  00008ff4    00000004     --HOLE-- [fill = 0]
                  00008ff8    0000000c     rts6700.lib : sinit.obj (.cinit)
                  00009004    00000004     --HOLE-- [fill = 0]
                  00009008    00000004     (.pad.cinit) [fill = 0]

.sys       0    0000900c    00000010     UNINITIALIZED
                  0000900c    00000010     biosConvolutioncfg.obj (.sys)

.args      0    0000901c    00000004     
                  0000901c    00000004     --HOLE-- [fill = 0]

.rtdx_text 
*          0    00009020    00000ea0     
                  00009020    00000400     rtdx.lib : rtdx_mon.o62 (.rtdx_text:_RTDX_Poll)
                  00009420    00000340              : buffer1.o62 (.rtdx_text:_RTDX_Buffer_WriteCB)
                  00009760    00000300              : buffer1.o62 (.rtdx_text:_RTDX_write_next)
                  00009a60    00000140              : rtdx_mon.o62 (.rtdx_text:_RTDX_Mon_Queue)
                  00009ba0    000000e0              : buffer1.o62 (.rtdx_text:_claim)
                  00009c80    00000080              : rtdx_mon.o62 (.rtdx_text:_RTDX_Init_RT_Monitor)
                  00009d00    00000060              : buffer1.o62 (.rtdx_text:_RTDX_Buffer_Initialize)
                  00009d60    00000060              : buffer2.o62 (.rtdx_text:_RTDX_Buffer_ReadCB)
                  00009dc0    00000040              : buffer1.o62 (.rtdx_text:_RTDX_Buffer_Size)
                  00009e00    00000040              : rtdx_mon.o62 (.rtdx_text:_RTDX_Final_RT_Monitor)
                  00009e40    00000020              : buffer2.o62 (.rtdx_text:_RTDX_Buffer_Read)
                  00009e60    00000020              : buffer1.o62 (.rtdx_text:_RTDX_Buffer_Write)
                  00009e80    00000020              : rtdx_mon.o62 (.rtdx_text:_RTDX_checksum)
                  00009ea0    00000020              : intr_tgt.o62 (.rtdx_text)

.gblinit   0    00009ec0    00000034     
                  00009ec0    00000034     biosConvolutioncfg.obj (.gblinit)

.pinit     0    00009ef4    0000000c     
                  00009ef4    00000004     rtdx.lib : buffer1.o62 (.pinit)
                  00009ef8    00000004              : rtdx_mon.o62 (.pinit)
                  00009efc    00000004     --HOLE-- [fill = 0]

.sysdata   0    00009f00    00000c00     UNINITIALIZED
                  00009f00    00000c00     main.obj (.sysdata)

.far       0    0000ab00    000008b0     UNINITIALIZED
                  0000ab00    000002fe     main.obj (.far)
                  0000adfe    00000002     dsk6713bsl.lib : dsk6713.obj (.far)
                  0000ae00    00000188     rts6700.lib : atexit.obj (.far)
                  0000af88    000000f4     csl6713.lib : csl_irq.obj (.far)
                  0000b07c    000000d8     bios.a67 : knl.o67 (.far)
                  0000b154    0000005c              : tsk.o67 (.far)
                  0000b1b0    00000054              : obj_init.o67 (.far)
                  0000b204    00000054     csl6713.lib : csl_edma.obj (.far)
                  0000b258    00000050     bios.a67 : tsk_stup.o67 (.far)
                  0000b2a8    00000038     csl6713.lib : csl_mcbsp.obj (.far)
                  0000b2e0    00000028                 : csl.obj (.far)
                  0000b308    00000028     dsk6713bsl.lib : dsk6713_aic23_registers.obj (.far)
                  0000b330    00000024     csl6713.lib : csl_timer.obj (.far)
                  0000b354    00000020     bios.a67 : sys.o67 (.far)
                  0000b374    00000010              : knl_tick.o67 (.far)
                  0000b384    0000000c              : utl_putc.o67 (.far)
                  0000b390    0000000c     rts6700.lib : exit.obj (.far)
                  0000b39c    00000008     dsk6713bsl.lib : dsk6713_aic23_opencodec.obj (.far)
                  0000b3a4    00000008     rts6700.lib : _lock.obj (.far)
                  0000b3ac    00000004                 : sinit.obj (.far)

.rtdx_data 
*          0    0000b3b0    0000044c     UNINITIALIZED
                  0000b3b0    00000410     biosConvolutioncfg.obj (.rtdx_data)
                  0000b7c0    00000020     rtdx.lib : buffer1.o62 (.rtdx_data)
                  0000b7e0    0000001c              : rtdx_mon.o62 (.rtdx_data)

.idl       0    0000b7fc    00000004     UNINITIALIZED
                  0000b7fc    00000004     biosConvolutioncfg.obj (.idl)

.LOG0$buf 
*          0    0000b800    00000400     UNINITIALIZED
                  0000b800    00000400     biosConvolutioncfg.obj (.LOG0$buf)

.TSK_idle$stk 
*          0    0000bc00    00000400     UNINITIALIZED
                  0000bc00    00000400     biosConvolutioncfg.obj (.TSK_idle$stk)

.stack     0    0000c000    00000400     UNINITIALIZED
                  0000c000    00000400     --HOLE--

.sysinit   0    0000c400    000003a0     
                  0000c400    00000240     biosConvolutioncfg.obj (.sysinit)
                  0000c640    000000c0     bios.a67 : boot.o67 (.sysinit)
                  0000c700    00000080              : tsk_init.o67 (.sysinit)
                  0000c780    00000020              : obj_init.o67 (.sysinit)

.bss       0    0000c7a0    00000314     UNINITIALIZED
                  0000c7a0    00000100     bios.a67 : hwi_disp_asm.o67 (.bss)
                  0000c8a0    000000cc              : biosdata.o67 (.bss)
                  0000c96c    0000009c              : swi.o67 (.bss)
                  0000ca08    00000048              : knl.o67 (.bss)
                  0000ca50    00000018              : hwi.o67 (.bss)
                  0000ca68    00000018     lnkrtdx.a67 : rtdx.o67 (.bss)
                  0000ca80    00000010     rtdx.lib : buffer1.o62 (.bss)
                  0000ca90    0000000c     bios.a67 : tsk.o67 (.bss)
                  0000ca9c    00000008              : clk_data.o67 (.bss)
                  0000caa4    00000008              : sys.o67 (.bss)
                  0000caac    00000004              : clk_data2.o67 (.bss)
                  0000cab0    00000004              : gbl_setL2CacheMode.o67 (.bss)

.trace     0    0000cab4    00000200     
                  0000cab4    00000200     --HOLE-- [fill = 00000000]

.log       0    0000ccb4    00000030     
                  0000ccb4    00000030     biosConvolutioncfg.obj (.log)

.trcdata   0    0000cce4    0000000c     
                  0000cce4    0000000c     bios.a67 : trc.o67 (.trcdata)

.clk       0    0000ccf0    00000008     UNINITIALIZED
                  0000ccf0    00000008     biosConvolutioncfg.obj (.clk)

.idlcal    0    0000ccf8    00000004     UNINITIALIZED
                  0000ccf8    00000004     biosConvolutioncfg.obj (.idlcal)

.LOG_system$buf 
*          0    0000cd00    00000100     UNINITIALIZED
                  0000cd00    00000100     biosConvolutioncfg.obj (.LOG_system$buf)

.const     0    0000ce00    000000f9     
                  0000ce00    0000004e     bios.a67 : tsk_stup.o67 (.const)
                  0000ce4e    00000002     --HOLE-- [fill = 0]
                  0000ce50    00000040     dsk6713bsl.lib : dsk6713_aic23_opencodec.obj (.const)
                  0000ce90    00000023     bios.a67 : utl_doab.o67 (.const)
                  0000ceb3    00000022              : utl_doer.o67 (.const)
                  0000ced5    00000003     --HOLE-- [fill = 0]
                  0000ced8    00000020     dsk6713bsl.lib : dsk6713.obj (.const)
                  0000cef8    00000001     bios.a67 : tsk.o67 (.const)

.printf    0    0000cef9    0000009f     COPY SECTION
                  0000cef9    0000009f     biosConvolutioncfg.obj (.printf)

.swi       0    0000cefc    000000dc     UNINITIALIZED
                  0000cefc    000000dc     biosConvolutioncfg.obj (.swi)

.sts       0    0000cfd8    00000060     
                  0000cfd8    00000060     biosConvolutioncfg.obj (.sts)

.tsk       0    0000d038    00000060     UNINITIALIZED
                  0000d038    00000060     biosConvolutioncfg.obj (.tsk)

.switch    0    0000d098    00000028     
                  0000d098    00000028     rtdx.lib : rtdx_mon.o62 (.switch)

.prd       0    0000d0c0    00000020     UNINITIALIZED
                  0000d0c0    00000020     biosConvolutioncfg.obj (.prd)


GLOBAL SYMBOLS: SORTED ALPHABETICALLY BY Name 

address    name
--------   ----
0000c7a0   $bss
0000c7a0   .bss
00000000   .data
00000200   .text
0000c400   BIOS_init
0000c5a4   BIOS_start
00000000   BUF$
00000001   BUF_ENABLED
00000001   CLK$
0000ccf0   CLK_A_TABBEG
00000001   CLK_CALDIV
00000004   CLK_CALMULT
0000dbba   CLK_COUNTSPMS
00000000   CLK_COUNTSPMSHIGH
0000c8c8   CLK_D_idletime
0000c8c4   CLK_D_isrhook
0000c8c0   CLK_D_tabbeg
0000c8bc   CLK_D_timefxn
00007860   CLK_F_getfhtime
00007880   CLK_F_gethtime
00006a40   CLK_F_getltime
00007880   CLK_F_getshtime
00006a54   CLK_F_isr
00006bb4   CLK_F_itime
00005240   CLK_HOOKFXN
00000001   CLK_HTIMEDIV
00000004   CLK_HTIMEMULT
0000dbba   CLK_HTIMEPERLTIME
00004000   CLK_INTBIT
00000001   CLK_LTIMEDIV
00036ee8   CLK_LTIMEMULT
000003e8   CLK_MICROSECS
0000dbba   CLK_PRD
00000000   CLK_PRDHIGH
01940000   CLK_REGS
0000c8b8   CLK_R_time
00000020   CLK_TCR
00000000   CLK_TDDR
00000000   CLK_TDDRHIGH
00007880   CLK_TIMEFXN
00000000   CLK_TIMERNUM
00000001   CLK_USETIMER
0000ccf4   CLK_null
00000000   DEV$
00000000   DGN$
00000000   DHL$
00000000   DHL_gChannelsAvailable
00000000   DIO$
00000000   DIO_NUMSWIBASE
00000000   DIO_NUMTSKBASE
00000000   DIO_STATIC
00000000   DPI$
00007920   FXN_F_nop
00007928   FXN_F_run
00007978   FXN_F_zero
00000001   GBL$
00005205   GBL_A_VERSION
00000000   GBL_BIGENDIAN
00000000   GBL_C641XL2PRIORITY
00000000   GBL_CACHE
00000001   GBL_CALLCSLCFGINIT
00004e20   GBL_CLKIN
00001770   GBL_CLKTYPE
00001a39   GBL_DSPSUBTYPE
0000003e   GBL_DSPTYPE
00000000   GBL_ENABLEINST
00000042   GBL_FOOTPRINT
00036ee8   GBL_FREQ
00002226   GBL_L2ALLOC
00000000   GBL_L2CONFIGALLOC
00000001   GBL_L2CONFIGURE
00000001   GBL_L2MARMASK
00000000   GBL_L2MARMASK1
00000000   GBL_L2MARMASK2
00000000   GBL_L2MARMASK3
00000000   GBL_L2MARMASK4
00000000   GBL_L2MARMASK5
00000000   GBL_L2MODE
00000000   GBL_L2PRIORITY
00000000   GBL_NULL
00000000   GBL_PROCID
00000000   GBL_ROM
00000000   GBL_SUPPORTCSL
00004000   GBL_TRCMASKVALUE
00000001   GBL_USERINIT
00002da8   GBL_USERINITFXN
00000001   GBL_boot
0000ccec   GBL_initdone
0000c000   GBL_stackbeg
0000c3ff   GBL_stackend
00000000   GIO$
00007d00   GIO_CREATEFXN
00007d00   GIO_DELETEFXN
00007d00   GIO_PENDFXN
00007d00   GIO_POSTFXN
00000000   HOOK$
00000000   HOOK_KNLID
00000000   HST$
00000000   HST_A_TABBEG
00000000   HST_A_TABEND
00000000   HST_DSM
ffffffff   HST_DSMBUFSEG
00000400   HST_DSMMEMSIZE
0000c934   HST_D_chanmask
0000c938   HST_D_tabbeg
0000c93c   HST_D_tabend
000000ff   HST_MAXFRAMEALLOWED
00000000   HST_MAXFRAMESET
00000000   HST_NONE
00000001   HST_RTDX
00000001   HWI$
00000000   HWI_A_VECS
00004108   HWI_CFGDISPATCHED
0000ca60   HWI_D_bss
0000ca64   HWI_D_ccmask
0000ca50   HWI_D_spsave
00005240   HWI_F_dispatch
00000000   HWI_GENERATE_RESET_VEC
0000000a   HWI_INT10
00000000   HWI_INT10$hwi
0000000b   HWI_INT11
00000000   HWI_INT11$hwi
0000000c   HWI_INT12
00000000   HWI_INT12$hwi
0000000d   HWI_INT13
00000000   HWI_INT13$hwi
0000000e   HWI_INT14
00000000   HWI_INT14$hwi
0000000f   HWI_INT15
00000000   HWI_INT15$hwi
00000004   HWI_INT4
00000000   HWI_INT4$hwi
00000005   HWI_INT5
00000000   HWI_INT5$hwi
00000006   HWI_INT6
00000000   HWI_INT6$hwi
00000007   HWI_INT7
00000000   HWI_INT7$hwi
00000008   HWI_INT8
00000000   HWI_INT8$hwi
00000009   HWI_INT9
00000000   HWI_INT9$hwi
082039a3   HWI_INTRMULTHIGH
310718a4   HWI_INTRMULTLOW
00000001   HWI_NMI
00000000   HWI_NMI$hwi
00000000   HWI_POLARITYMASK
00000002   HWI_RESERVED0
00000000   HWI_RESERVED0$hwi
00000003   HWI_RESERVED1
00000000   HWI_RESERVED1$hwi
00000000   HWI_RESET
00000000   HWI_RESET$hwi
00000001   HWI_ZEROTAB
00000000   IDL$
0000ccf8   IDL_A_CALBEG
0000b7fc   IDL_A_TABBEG
00000000   IDL_CALIBRERROR
00000000   IDL_CALIBRFXN
0000c8a8   IDL_D_calbeg
0000c8a4   IDL_D_calibrate
0000c8a0   IDL_D_tabbeg
0000b7fc   IDL_END
0000ccf8   IDL_END$
00007d40   IDL_F_loop
00000000   IDL_USECLKIDLTIME
ffffffff   IRAM
00000001   ISRC$
00006a00   KNL_glue
0000cf28   KNL_swi
00000001   KNL_swi$dorta
00000002   KNL_swi$ord
00000000   KNL_swi$pri
0000cffc   KNL_swi$sts
0000cf40   KNL_swi$sts$avgfmt
00000002   KNL_swi$sts$filter
00000001   KNL_swi$sts$filtmaxmult
00000001   KNL_swi$sts$filtsummult
0000cf30   KNL_swi$sts$maxfmt
0000cff8   KNL_swi$sts$stsobj
0000cf38   KNL_swi$sts$sumfmt
00000000   KNL_swi$sts$unittype
00000000   KNL_swi$swi
00000001   LCK$
00004120   LNK_F_checkBufferCall
000041a0   LNK_F_dataPump
00004140   LNK_F_getChanPtr
00004198   LNK_F_init
000046e4   LNK_F_readCallBack
0000ca6c   LNK_dspFrameReadyMask
0000ca68   LNK_dspFrameRequestMask
00004440   LNK_newin
00004580   LNK_newout
000041b4   LNK_rcloop
00004280   LNK_rdrtry
0000ca74   LNK_readDone
0000ca78   LNK_readFail
0000ca70   LNK_readPend
00004290   LNK_rrloop
0000ca7c   LNK_writeFail
00004364   LNK_wrloop
00004354   LNK_wrrtry
00000001   LOG$
0000cccc   LOG0
0000b800   LOG0$buf
00000001   LOG0$datatype
00000000   LOG0$log
00000100   LOG0$size
0000ccb4   LOG_A_TABBEG
0000cce4   LOG_A_TABEND
00000002   LOG_A_TABLEN
0000c8ac   LOG_D_system
00000001   LOG_ENABLED
000079a0   LOG_F_event
0000ccb4   LOG_system
0000cd00   LOG_system$buf
00000000   LOG_system$datatype
00000000   LOG_system$log
00000040   LOG_system$size
00000000   MBX$
00000001   MEM$
00000000   MEM_MALLOCSEG
00000000   MEM_NULL
00000000   MEM_SEGZERO
00000000   MEM_USEMPC
00000000   MEM_gNumHeap
00000000   MSGQ$
00000000   MSGQ_USEMSGQ
00000000   OBJ$
00000000   PIP$
00000000   PIP_A_TABBEG
00000000   PIP_A_TABEND
00000000   PIP_A_TABLEN
0000c8b0   PIP_D_tabbeg
0000c8b4   PIP_D_tablen
000062b4   PIP_F_give
000062b4   PIP_F_probe
00006388   PIP_F_start
00006220   PIP_F_take
00000064   PIP_OBJSIZE
00000000   PIP_gNextId
00000000   PIP_gNumEmbed
00000000   POOL$
00000000   POOL_USEPOOL
00000001   PRD$
0000d0c0   PRD0
0000d0dc   PRD0$aaa
00000000   PRD0$mode
00000001   PRD0$ord
000003e8   PRD0$period
00000000   PRD0$prd
0000cfdc   PRD0$sts
0000cf0b   PRD0$sts$avgfmt
00000000   PRD0$sts$filter
0000cef9   PRD0$sts$maxfmt
0000cfd8   PRD0$sts$stsobj
0000cf02   PRD0$sts$sumfmt
00000002   PRD0$sts$unittype
0000d0c0   PRD_A_TABBEG
0000d0e0   PRD_A_TABEND
00000001   PRD_A_TABLEN
0000c8f0   PRD_D_cur
0000c8f4   PRD_D_elapsed
0000c8f8   PRD_D_prevtim
0000c8fc   PRD_D_scalar
0000c900   PRD_D_swihandle
0000c904   PRD_D_tabbeg
0000c908   PRD_D_tablen
0000c90c   PRD_D_thook
0000c8ec   PRD_D_tick
000056a0   PRD_F_swi
00005960   PRD_F_tick
00000008   PRD_SCALAR
0000cefc   PRD_SWIHANDLE
00006200   PRD_THOOKFXN
0000ccf0   PRD_clock
0000cefc   PRD_swi
00000001   PRD_swi$dorta
00000001   PRD_swi$ord
00000001   PRD_swi$pri
0000cfec   PRD_swi$sts
0000cf26   PRD_swi$sts$avgfmt
00000002   PRD_swi$sts$filter
00000001   PRD_swi$sts$filtmaxmult
00000001   PRD_swi$sts$filtsummult
0000cf16   PRD_swi$sts$maxfmt
0000cfe8   PRD_swi$sts$stsobj
0000cf1e   PRD_swi$sts$sumfmt
00000000   PRD_swi$sts$unittype
00000000   PRD_swi$swi
00000001   QUE$
0000c910   RTA_D_fromHost
0000c918   RTA_D_logval
0000c928   RTA_D_stsval
0000c914   RTA_D_toHost
00000001   RTDX$
00000408   RTDX_BUFMEMSIZE
ffffffff   RTDX_DATAMEMSEG
00000000   RTDX_MODE
00000001   RTDX_NORMALIZED_HDR
00000001   RTDX_USERTDX
00000000   RTDX_USERTEXECUTION
ffffffff   SDRAM
00000000   SEM$
00000000   SIO$
00000000   STS$
0000cfd8   STS_A_TABBEG
0000d038   STS_A_TABEND
00007a58   STS_F_add
00007a20   STS_F_delta
00007a84   STS_F_reset
00000001   SWI$
0000cefc   SWI_A_TABBEG
0000cfd8   SWI_A_TABEND
00000005   SWI_A_TABLEN
0000c984   SWI_D_curfxn
0000c974   SWI_D_curmask
0000c980   SWI_D_curmbox
0000c978   SWI_D_curset
0000c970   SWI_D_execaddr
0000c98c   SWI_D_inswi
0000c97c   SWI_D_lock
0000c988   SWI_D_rdybeg
0000c990   SWI_D_rdytab
0000c96c   SWI_D_runaddr
00000000   SWI_EHOOKFXN
00004f1c   SWI_EXECFXN
00004d00   SWI_F_enable
00004f1c   SWI_F_exec
00004f48   SWI_F_iexec
00004d70   SWI_F_post
00004fd8   SWI_F_run
00000000   SWI_IHOOKFXN
00004fd8   SWI_RUNFXN
0000cfac   SWI_pang
00000001   SWI_pang$dorta
00000006   SWI_pang$ord
00000002   SWI_pang$pri
0000d02c   SWI_pang$sts
0000cf8e   SWI_pang$sts$avgfmt
00000002   SWI_pang$sts$filter
00000001   SWI_pang$sts$filtmaxmult
00000001   SWI_pang$sts$filtsummult
0000cf7e   SWI_pang$sts$maxfmt
0000d028   SWI_pang$sts$stsobj
0000cf86   SWI_pang$sts$sumfmt
00000000   SWI_pang$sts$unittype
00000000   SWI_pang$swi
0000cf54   SWI_ping
00000001   SWI_ping$dorta
00000003   SWI_ping$ord
00000002   SWI_ping$pri
0000d00c   SWI_ping$sts
0000cf5a   SWI_ping$sts$avgfmt
00000002   SWI_ping$sts$filter
00000001   SWI_ping$sts$filtmaxmult
00000001   SWI_ping$sts$filtsummult
0000cf4a   SWI_ping$sts$maxfmt
0000d008   SWI_ping$sts$stsobj
0000cf52   SWI_ping$sts$sumfmt
00000000   SWI_ping$sts$unittype
00000000   SWI_ping$swi
0000cf80   SWI_pong
00000001   SWI_pong$dorta
00000004   SWI_pong$ord
00000002   SWI_pong$pri
0000d01c   SWI_pong$sts
0000cf74   SWI_pong$sts$avgfmt
00000002   SWI_pong$sts$filter
00000001   SWI_pong$sts$filtmaxmult
00000001   SWI_pong$sts$filtsummult
0000cf64   SWI_pong$sts$maxfmt
0000d018   SWI_pong$sts$stsobj
0000cf6c   SWI_pong$sts$sumfmt
00000000   SWI_pong$sts$unittype
00000000   SWI_pong$swi
00000001   SYS$
0000900c   SYS$config
00007c80   SYS_ABORTFXN
00007d80   SYS_ERRORFXN
00007da0   SYS_EXITFXN
00007bc0   SYS_PUTCFXN
0000cce8   TRC_R_mask
0000cce4   TRC_cinit
00000001   TSK$
00000000   TSK_NUM_HOOKS
00000001   TSK_PRIORITY
00000000   TSK_READYFXN
00000000   TSK_STACKSEG
00000400   TSK_STACKSIZE
00000000   TSK_SWITCHFXN
00007d00   TSK_VCREATEFXN
00007d00   TSK_VDELETEFXN
00007d00   TSK_VEXITFXN
0000d044   TSK_idle
00000000   TSK_idle$ord
00000000   TSK_idle$pri
0000bc00   TSK_idle$stack
0000bf98   TSK_idle$stkptr
00000000   TSK_idle$tsk
00000000   UDEV$
0000ab2c   _AIC_data
0000c400   _BIOS_init
0000c5a4   _BIOS_start
0000dbba   _CLK_COUNTSPMS
0000ca9c   _CLK_DFLTMICROSECS
0000c8e8   _CLK_D_countspms
0000c8dc   _CLK_D_dirty
0000caa0   _CLK_D_microseconds
0000c8e0   _CLK_D_prd
0000c8e4   _CLK_D_tddr
00006bb4   _CLK_F_itime
0000dbba   _CLK_PRD
01940000   _CLK_REGS
00000000   _CLK_TDDR
00000000   _CLK_TIMERNUM
00000001   _CLK_USETIMER
0000c8cc   _CLK_htimeDiv
0000c8d0   _CLK_htimeMult
0000caac   _CLK_htimePerLtime
00006bb4   _CLK_itime
0000c8d4   _CLK_ltimeDiv
0000c8d8   _CLK_ltimeMult
00007c20   _CLK_start
00007cc0   _CLK_stop
00003fc0   _CSL6713_LIB_
0000ab30   _DIP
0000b39c   _DSK6713_AIC23_codeccontrolhandle
0000b3a0   _DSK6713_AIC23_codecdatahandle
000033a0   _DSK6713_AIC23_config
00001ce0   _DSK6713_AIC23_openCodec
00003378   _DSK6713_AIC23_rget
000032e0   _DSK6713_AIC23_rset
00003ca8   _DSK6713_DIP_get
00003ca0   _DSK6713_DIP_init
00001c74   _DSK6713_getVersion
000018ac   _DSK6713_init
00001bc8   _DSK6713_rget
00001bdc   _DSK6713_rset
0000adfe   _DSK6713_version
00001bf0   _DSK6713_wait
00001c48   _DSK6713_waitusec
00002a40   _EDMA_allocTable
000039e0   _EDMA_clearPram
00003740   _EDMA_config
00003d20   _EDMA_disableChannel
00003d80   _EDMA_enableChannel
00003fe0   _EDMA_intClear
00003de0   _EDMA_intDisable
00003e40   _EDMA_intEnable
00004000   _EDMA_intTest
00001fe0   _EDMA_open
00003ea0   _EDMA_qdmaConfig
00003060   _EDMA_reset
00007d00   _FXN_F_nop
00007928   _FXN_F_run
00007978   _FXN_F_zero
0000ac18   _Filters
00000000   _GBL_CACHE
0000c944   _GBL_clkIn
000071e0   _GBL_cslCacheInit
0000c948   _GBL_freq
00007d20   _GBL_getVersion
0000c940   _GBL_procId
00002da8   _GBL_setPLLto225MHz
00000000   _HST_A_TABBEG
00000000   _HST_A_TABEND
00004108   _HWI_CFGDISPATCHED
0000ca5c   _HWI_D_inhwi
0000ca50   _HWI_D_spsave
00005240   _HWI_F_dispatch
0000000a   _HWI_INT10
0000000b   _HWI_INT11
0000000c   _HWI_INT12
0000000d   _HWI_INT13
0000000e   _HWI_INT14
0000000f   _HWI_INT15
00000004   _HWI_INT4
00000005   _HWI_INT5
00000006   _HWI_INT6
00000007   _HWI_INT7
00000008   _HWI_INT8
00000009   _HWI_INT9
00000001   _HWI_NMI
00000002   _HWI_RESERVED0
00000003   _HWI_RESERVED1
00000000   _HWI_RESET
0000c3f8   _HWI_STKBOTTOM
0000c000   _HWI_STKTOP
0000ca50   _HWI_data
00007aa0   _HWI_disable
0000c7a0   _HWI_dispatchTab
00007ab8   _HWI_enable
00007acc   _HWI_restore
00007d40   _IDL_loop
ffffffff   _IRAM
00003f00   _IRQ_enable
00004020   _IRQ_globalDisable
00004040   _IRQ_globalEnable
000026c0   _IRQ_map
00004060   _IRQ_nmiEnable
00003f40   _IRQ_reset
0000ca10   _KNL_alarm
000070a0   _KNL_check
0000ca34   _KNL_curqueue
0000ca24   _KNL_curtask
0000ca2c   _KNL_curtime
0000b11c   _KNL_dummy
00007314   _KNL_enter
000072c0   _KNL_exit
00007178   _KNL_idle
0000ca4c   _KNL_idlefxn
0000ca18   _KNL_inactive
00007560   _KNL_ipost
0000719c   _KNL_max
0000ca38   _KNL_maxqueue
00007620   _KNL_post
0000ca28   _KNL_prevtask
0000ca1c   _KNL_priority
0000b07c   _KNL_queues
00005a40   _KNL_run
00006880   _KNL_saveIsrFrame
0000ca20   _KNL_set
0000ca14   _KNL_setpri
0000cf28   _KNL_swi
0000ca30   _KNL_swiptr
0000694c   _KNL_switch
0000ca40   _KNL_tcreatefxn
0000ca44   _KNL_tdeletefxn
00006200   _KNL_tick
0000ca48   _KNL_treadyfxn
0000ca3c   _KNL_tswitchfxn
0000ca08   _KNL_wFlag
0000ca0c   _KNL_wList
00007710   _LCK_pend
000076e0   _LCK_post
0000ca6c   _LNK_dspFrameReadyMask
0000ca68   _LNK_dspFrameRequestMask
0000ca74   _LNK_readDone
0000ca78   _LNK_readFail
0000ca70   _LNK_readPend
0000ca7c   _LNK_writeFail
0000cccc   _LOG0
0000ccb4   _LOG_A_TABBEG
0000cce4   _LOG_A_TABEND
00000002   _LOG_A_TABLEN
0000c8ac   _LOG_D_system
000079a0   _LOG_event
0000ccb4   _LOG_system
00003540   _MCBSP_open
00002be0   _MCBSP_reset
00003640   _MCBSP_start
00004080   _MCBSP_write
0000c94c   _MEM_D_NUMSEGMENTS
0000c954   _MEM_D_freelist
0000c958   _MEM_D_lockaddr
0000c950   _MEM_D_memtab
0000c95c   _MEM_D_unlockaddr
00000000   _MEM_memtab
00001730   _Mult_fp
0000c780   _OBJ_init
0000b1e8   _OBJ_segtab
0000b1b0   _OBJ_table
00000000   _PIP_A_TABBEG
00000000   _PIP_A_TABEND
0000d0c0   _PRD0
00000d14   _PRD0_ftn
0000c8ec   _PRD_D_tick
0000ccf0   _PRD_clock
0000cefc   _PRD_swi
0000b3b0   _RTDX_Buffer
0000b7bc   _RTDX_Buffer_End
00009d00   _RTDX_Buffer_Initialize
00009e40   _RTDX_Buffer_Read
00009d60   _RTDX_Buffer_ReadCB
00009dc0   _RTDX_Buffer_Size
0000b7b8   _RTDX_Buffer_Start
00009e60   _RTDX_Buffer_Write
00009420   _RTDX_Buffer_WriteCB
00009e00   _RTDX_Final_RT_Monitor
00009c80   _RTDX_Init_RT_Monitor
00000002   _RTDX_JTAGONLY
00009ea0   _RTDX_Mask_IER
00009a60   _RTDX_Mon_Queue
00009020   _RTDX_Poll
00000000   _RTDX_interrupt_mask
0000b7cc   _RTDX_writing
ffffffff   _SDRAM
00007b00   _SEM_pend
00005d00   _SEM_pendEnterKnl
00007480   _SEM_post
00007480   _SEM_postBinary
000073a0   _SEM_postEnterKnl
0000cfd8   _STS_A_TABBEG
0000d038   _STS_A_TABEND
00007a58   _STS_add
00007a20   _STS_delta
00007a84   _STS_reset
00007d60   _STS_set
0000c984   _SWI_D_curfxn
0000c974   _SWI_D_curmask
0000c978   _SWI_D_curset
0000c970   _SWI_D_execaddr
0000c98c   _SWI_D_inswi
0000c97c   _SWI_D_lock
0000c988   _SWI_D_rdybeg
0000c96c   _SWI_D_runaddr
0000c96c   _SWI_data
0000cfac   _SWI_pang
000010f4   _SWI_pang_ftn
0000cf54   _SWI_ping
00000dbc   _SWI_ping_ftn
0000cf80   _SWI_pong
00000f54   _SWI_pong_ftn
00004d70   _SWI_post
0000c960   _SYS
0000cab4   _SYS_PUTCBEG
0000ccb3   _SYS_PUTCEND
00007b60   _SYS_abort
000077a0   _SYS_exit
0000b354   _SYS_exitStack
0000caa4   _SYS_exitStackPtr
0000caa8   _SYS_exitStackTop
000031a0   _TIMER_open
00003420   _TIMER_reset
0000cce8   _TRC_R_mask
0000ca98   _TSK
0000b154   _TSK_ATTRS
0000b170   _TSK_config
00006c00   _TSK_exit
0000d044   _TSK_idle
0000c700   _TSK_init
0000ca90   _TSK_nTasks
0000ca94   _TSK_pid
00006680   _TSK_setup
00006fe0   _TSK_startup
0000b190   _TSK_timerSem
00007c80   _UTL_doAbort
00007d80   _UTL_doError
00007bc0   _UTL_doPutc
00007da0   _UTL_halt
00006bd0   __CLK_lat1beg
00006bfc   __CLK_lat1end
000024a0   __CSL_init
00004b54   __GBL_setL2CacheMode
0000c968   __HOOK_NUMHOOKS
0000c964   __HOOK_knlId
00005240   __HWI_lat1beg
000053c0   __HWI_lat1end
000053c0   __HWI_lat2beg
00005560   __HWI_lat2end1
000054ec   __HWI_lat2end2
00005580   __HWI_lat3beg
00005680   __HWI_lat3end1
0000551c   __HWI_lat3end2
0000b074   __IRQ_dispatchTable
0000afb0   __IRQ_eventTable
00004100   __IRQ_hookFetchPacket
00003b60   __IRQ_init
0000b034   __IRQ_intTable
000070f0   __KNL_lat1beg
00007178   __KNL_lat1end
000079a0   __LOG_lat1beg
0000b2d8   __MCBSP_hDev0
0000b2dc   __MCBSP_hDev1
0000b280   __MEM_mutex
00006460   __SEM_dopost
0000c400   __STACK_END
00000400   __STACK_SIZE
00004eac   __SWI_lat1beg
00004f60   __SWI_lat1end
00004f64   __SWI_lat2beg
00004fd4   __SWI_lat2end
00004d00   __SWI_lat3beg
00004d6c   __SWI_lat3end
0000b330   __TIMER_deviceTable
0000b350   __TIMER_hBios
0000b348   __TIMER_hDev0
0000b34c   __TIMER_hDev1
0000b258   __TSK_mutex
0000b398   ___TI_enable_exit_profile_output
ffffffff   ___TI_pprof_out_hndl
ffffffff   ___TI_prof_data_size
ffffffff   ___TI_prof_data_start
00003f80   ___add_dtor
0000ae00   ___atexit_func_id__
ffffffff   ___binit__
0000c7a0   ___bss__
ffffffff   ___c_args__
00007dc0   ___cinit__
00000000   ___data__
00000000   ___edata__
0000cab4   ___end__
00004120   ___etext__
00009ef4   ___pinit__
00000200   ___text__
00006da0   __auto_init
0000b390   __cleanup_ptr
0000b394   __dtors_ptr
0000b3a4   __lock
000040a0   __nop
000040c0   __register_lock
000040e0   __register_unlock
0000c000   __stack
00003820   __strasg
0000b3a8   __unlock
0000ab34   _a
00003900   _atexit
0000c640   _c_int00
00000b14   _c_int8
00002f00   _call_dtors
0000abb8   _cfgEdmaPang_rx
0000ac00   _cfgEdmaPang_tx
0000ab88   _cfgEdmaPing_rx
0000abd0   _cfgEdmaPing_tx
0000aba0   _cfgEdmaPong_rx
0000abe8   _cfgEdmaPong_tx
0000ab48   _cfgEdma_rx
0000ab70   _cfgEdma_tx
0000ab00   _config1
00001294   _convolution
0000b3ac   _dtors
0000ab28   _hCodec
0000ab44   _hEdmaPang_rx
0000ab6c   _hEdmaPang_tx
0000ab3c   _hEdmaPing_rx
0000ab64   _hEdmaPing_tx
0000ab40   _hEdmaPong_rx
0000ab68   _hEdmaPong_tx
0000ab38   _hEdma_rx
0000ab60   _hEdma_tx
0000026c   _init
00000248   _main
00002260   _memcpy
00000abc   _output_sample
000017c0   _rounding
0000ca88   _rtdxNullChanCnt
0000ca8c   _rtdxNullFuncCnt
0000b7c0   _rtdx_buffer_state
0000b7e0   _rtdx_mon_state
0000a300   _rx_pang
00009f00   _rx_ping
0000a100   _rx_pong
00001830   _scale_down
0000b218   _tccAllocTable
0000a900   _tx_pang
0000a500   _tx_ping
0000a700   _tx_pong
00002d80   _wait500nS
ffffffff   binit
00007dc0   cinit
00000000   edata
0000cab4   end
00004120   etext
00000000   hwi0
00000020   hwi1
00000140   hwi10
00000160   hwi11
00000180   hwi12
000001a0   hwi13
000001c0   hwi14
000001e0   hwi15
00000040   hwi2
00000060   hwi3
00000080   hwi4
000000a0   hwi5
000000c0   hwi6
000000e0   hwi7
00000100   hwi8
00000120   hwi9
00009ef4   pinit


GLOBAL SYMBOLS: SORTED BY Symbol Address 

address    name
--------   ----
00000000   .data
00000000   BUF$
00000000   CLK_COUNTSPMSHIGH
00000000   CLK_PRDHIGH
00000000   CLK_TDDR
00000000   CLK_TDDRHIGH
00000000   CLK_TIMERNUM
00000000   DEV$
00000000   DGN$
00000000   DHL$
00000000   DHL_gChannelsAvailable
00000000   DIO$
00000000   DIO_NUMSWIBASE
00000000   DIO_NUMTSKBASE
00000000   DIO_STATIC
00000000   DPI$
00000000   GBL_BIGENDIAN
00000000   GBL_C641XL2PRIORITY
00000000   GBL_CACHE
00000000   GBL_ENABLEINST
00000000   GBL_L2CONFIGALLOC
00000000   GBL_L2MARMASK1
00000000   GBL_L2MARMASK2
00000000   GBL_L2MARMASK3
00000000   GBL_L2MARMASK4
00000000   GBL_L2MARMASK5
00000000   GBL_L2MODE
00000000   GBL_L2PRIORITY
00000000   GBL_NULL
00000000   GBL_PROCID
00000000   GBL_ROM
00000000   GBL_SUPPORTCSL
00000000   GIO$
00000000   HOOK$
00000000   HOOK_KNLID
00000000   HST$
00000000   HST_A_TABBEG
00000000   HST_A_TABEND
00000000   HST_DSM
00000000   HST_MAXFRAMESET
00000000   HST_NONE
00000000   HWI_A_VECS
00000000   HWI_GENERATE_RESET_VEC
00000000   HWI_INT10$hwi
00000000   HWI_INT11$hwi
00000000   HWI_INT12$hwi
00000000   HWI_INT13$hwi
00000000   HWI_INT14$hwi
00000000   HWI_INT15$hwi
00000000   HWI_INT4$hwi
00000000   HWI_INT5$hwi
00000000   HWI_INT6$hwi
00000000   HWI_INT7$hwi
00000000   HWI_INT8$hwi
00000000   HWI_INT9$hwi
00000000   HWI_NMI$hwi
00000000   HWI_POLARITYMASK
00000000   HWI_RESERVED0$hwi
00000000   HWI_RESERVED1$hwi
00000000   HWI_RESET
00000000   HWI_RESET$hwi
00000000   IDL$
00000000   IDL_CALIBRERROR
00000000   IDL_CALIBRFXN
00000000   IDL_USECLKIDLTIME
00000000   KNL_swi$pri
00000000   KNL_swi$sts$unittype
00000000   KNL_swi$swi
00000000   LOG0$log
00000000   LOG_system$datatype
00000000   LOG_system$log
00000000   MBX$
00000000   MEM_MALLOCSEG
00000000   MEM_NULL
00000000   MEM_SEGZERO
00000000   MEM_USEMPC
00000000   MEM_gNumHeap
00000000   MSGQ$
00000000   MSGQ_USEMSGQ
00000000   OBJ$
00000000   PIP$
00000000   PIP_A_TABBEG
00000000   PIP_A_TABEND
00000000   PIP_A_TABLEN
00000000   PIP_gNextId
00000000   PIP_gNumEmbed
00000000   POOL$
00000000   POOL_USEPOOL
00000000   PRD0$mode
00000000   PRD0$prd
00000000   PRD0$sts$filter
00000000   PRD_swi$sts$unittype
00000000   PRD_swi$swi
00000000   RTDX_MODE
00000000   RTDX_USERTEXECUTION
00000000   SEM$
00000000   SIO$
00000000   STS$
00000000   SWI_EHOOKFXN
00000000   SWI_IHOOKFXN
00000000   SWI_pang$sts$unittype
00000000   SWI_pang$swi
00000000   SWI_ping$sts$unittype
00000000   SWI_ping$swi
00000000   SWI_pong$sts$unittype
00000000   SWI_pong$swi
00000000   TSK_NUM_HOOKS
00000000   TSK_READYFXN
00000000   TSK_STACKSEG
00000000   TSK_SWITCHFXN
00000000   TSK_idle$ord
00000000   TSK_idle$pri
00000000   TSK_idle$tsk
00000000   UDEV$
00000000   _CLK_TDDR
00000000   _CLK_TIMERNUM
00000000   _GBL_CACHE
00000000   _HST_A_TABBEG
00000000   _HST_A_TABEND
00000000   _HWI_RESET
00000000   _MEM_memtab
00000000   _PIP_A_TABBEG
00000000   _PIP_A_TABEND
00000000   _RTDX_interrupt_mask
00000000   ___data__
00000000   ___edata__
00000000   edata
00000000   hwi0
00000001   BUF_ENABLED
00000001   CLK$
00000001   CLK_CALDIV
00000001   CLK_HTIMEDIV
00000001   CLK_LTIMEDIV
00000001   CLK_USETIMER
00000001   GBL$
00000001   GBL_CALLCSLCFGINIT
00000001   GBL_L2CONFIGURE
00000001   GBL_L2MARMASK
00000001   GBL_USERINIT
00000001   GBL_boot
00000001   HST_RTDX
00000001   HWI$
00000001   HWI_NMI
00000001   HWI_ZEROTAB
00000001   ISRC$
00000001   KNL_swi$dorta
00000001   KNL_swi$sts$filtmaxmult
00000001   KNL_swi$sts$filtsummult
00000001   LCK$
00000001   LOG$
00000001   LOG0$datatype
00000001   LOG_ENABLED
00000001   MEM$
00000001   PRD$
00000001   PRD0$ord
00000001   PRD_A_TABLEN
00000001   PRD_swi$dorta
00000001   PRD_swi$ord
00000001   PRD_swi$pri
00000001   PRD_swi$sts$filtmaxmult
00000001   PRD_swi$sts$filtsummult
00000001   QUE$
00000001   RTDX$
00000001   RTDX_NORMALIZED_HDR
00000001   RTDX_USERTDX
00000001   SWI$
00000001   SWI_pang$dorta
00000001   SWI_pang$sts$filtmaxmult
00000001   SWI_pang$sts$filtsummult
00000001   SWI_ping$dorta
00000001   SWI_ping$sts$filtmaxmult
00000001   SWI_ping$sts$filtsummult
00000001   SWI_pong$dorta
00000001   SWI_pong$sts$filtmaxmult
00000001   SWI_pong$sts$filtsummult
00000001   SYS$
00000001   TSK$
00000001   TSK_PRIORITY
00000001   _CLK_USETIMER
00000001   _HWI_NMI
00000002   HWI_RESERVED0
00000002   KNL_swi$ord
00000002   KNL_swi$sts$filter
00000002   LOG_A_TABLEN
00000002   PRD0$sts$unittype
00000002   PRD_swi$sts$filter
00000002   SWI_pang$pri
00000002   SWI_pang$sts$filter
00000002   SWI_ping$pri
00000002   SWI_ping$sts$filter
00000002   SWI_pong$pri
00000002   SWI_pong$sts$filter
00000002   _HWI_RESERVED0
00000002   _LOG_A_TABLEN
00000002   _RTDX_JTAGONLY
00000003   HWI_RESERVED1
00000003   SWI_ping$ord
00000003   _HWI_RESERVED1
00000004   CLK_CALMULT
00000004   CLK_HTIMEMULT
00000004   HWI_INT4
00000004   SWI_pong$ord
00000004   _HWI_INT4
00000005   HWI_INT5
00000005   SWI_A_TABLEN
00000005   _HWI_INT5
00000006   HWI_INT6
00000006   SWI_pang$ord
00000006   _HWI_INT6
00000007   HWI_INT7
00000007   _HWI_INT7
00000008   HWI_INT8
00000008   PRD_SCALAR
00000008   _HWI_INT8
00000009   HWI_INT9
00000009   _HWI_INT9
0000000a   HWI_INT10
0000000a   _HWI_INT10
0000000b   HWI_INT11
0000000b   _HWI_INT11
0000000c   HWI_INT12
0000000c   _HWI_INT12
0000000d   HWI_INT13
0000000d   _HWI_INT13
0000000e   HWI_INT14
0000000e   _HWI_INT14
0000000f   HWI_INT15
0000000f   _HWI_INT15
00000020   CLK_TCR
00000020   hwi1
0000003e   GBL_DSPTYPE
00000040   LOG_system$size
00000040   hwi2
00000042   GBL_FOOTPRINT
00000060   hwi3
00000064   PIP_OBJSIZE
00000080   hwi4
000000a0   hwi5
000000c0   hwi6
000000e0   hwi7
000000ff   HST_MAXFRAMEALLOWED
00000100   LOG0$size
00000100   hwi8
00000120   hwi9
00000140   hwi10
00000160   hwi11
00000180   hwi12
000001a0   hwi13
000001c0   hwi14
000001e0   hwi15
00000200   .text
00000200   ___text__
00000248   _main
0000026c   _init
000003e8   CLK_MICROSECS
000003e8   PRD0$period
00000400   HST_DSMMEMSIZE
00000400   TSK_STACKSIZE
00000400   __STACK_SIZE
00000408   RTDX_BUFMEMSIZE
00000abc   _output_sample
00000b14   _c_int8
00000d14   _PRD0_ftn
00000dbc   _SWI_ping_ftn
00000f54   _SWI_pong_ftn
000010f4   _SWI_pang_ftn
00001294   _convolution
00001730   _Mult_fp
00001770   GBL_CLKTYPE
000017c0   _rounding
00001830   _scale_down
000018ac   _DSK6713_init
00001a39   GBL_DSPSUBTYPE
00001bc8   _DSK6713_rget
00001bdc   _DSK6713_rset
00001bf0   _DSK6713_wait
00001c48   _DSK6713_waitusec
00001c74   _DSK6713_getVersion
00001ce0   _DSK6713_AIC23_openCodec
00001fe0   _EDMA_open
00002226   GBL_L2ALLOC
00002260   _memcpy
000024a0   __CSL_init
000026c0   _IRQ_map
00002a40   _EDMA_allocTable
00002be0   _MCBSP_reset
00002d80   _wait500nS
00002da8   GBL_USERINITFXN
00002da8   _GBL_setPLLto225MHz
00002f00   _call_dtors
00003060   _EDMA_reset
000031a0   _TIMER_open
000032e0   _DSK6713_AIC23_rset
00003378   _DSK6713_AIC23_rget
000033a0   _DSK6713_AIC23_config
00003420   _TIMER_reset
00003540   _MCBSP_open
00003640   _MCBSP_start
00003740   _EDMA_config
00003820   __strasg
00003900   _atexit
000039e0   _EDMA_clearPram
00003b60   __IRQ_init
00003ca0   _DSK6713_DIP_init
00003ca8   _DSK6713_DIP_get
00003d20   _EDMA_disableChannel
00003d80   _EDMA_enableChannel
00003de0   _EDMA_intDisable
00003e40   _EDMA_intEnable
00003ea0   _EDMA_qdmaConfig
00003f00   _IRQ_enable
00003f40   _IRQ_reset
00003f80   ___add_dtor
00003fc0   _CSL6713_LIB_
00003fe0   _EDMA_intClear
00004000   CLK_INTBIT
00004000   GBL_TRCMASKVALUE
00004000   _EDMA_intTest
00004020   _IRQ_globalDisable
00004040   _IRQ_globalEnable
00004060   _IRQ_nmiEnable
00004080   _MCBSP_write
000040a0   __nop
000040c0   __register_lock
000040e0   __register_unlock
00004100   __IRQ_hookFetchPacket
00004108   HWI_CFGDISPATCHED
00004108   _HWI_CFGDISPATCHED
00004120   LNK_F_checkBufferCall
00004120   ___etext__
00004120   etext
00004140   LNK_F_getChanPtr
00004198   LNK_F_init
000041a0   LNK_F_dataPump
000041b4   LNK_rcloop
00004280   LNK_rdrtry
00004290   LNK_rrloop
00004354   LNK_wrrtry
00004364   LNK_wrloop
00004440   LNK_newin
00004580   LNK_newout
000046e4   LNK_F_readCallBack
00004b54   __GBL_setL2CacheMode
00004d00   SWI_F_enable
00004d00   __SWI_lat3beg
00004d6c   __SWI_lat3end
00004d70   SWI_F_post
00004d70   _SWI_post
00004e20   GBL_CLKIN
00004eac   __SWI_lat1beg
00004f1c   SWI_EXECFXN
00004f1c   SWI_F_exec
00004f48   SWI_F_iexec
00004f60   __SWI_lat1end
00004f64   __SWI_lat2beg
00004fd4   __SWI_lat2end
00004fd8   SWI_F_run
00004fd8   SWI_RUNFXN
00005205   GBL_A_VERSION
00005240   CLK_HOOKFXN
00005240   HWI_F_dispatch
00005240   _HWI_F_dispatch
00005240   __HWI_lat1beg
000053c0   __HWI_lat1end
000053c0   __HWI_lat2beg
000054ec   __HWI_lat2end2
0000551c   __HWI_lat3end2
00005560   __HWI_lat2end1
00005580   __HWI_lat3beg
00005680   __HWI_lat3end1
000056a0   PRD_F_swi
00005960   PRD_F_tick
00005a40   _KNL_run
00005d00   _SEM_pendEnterKnl
00006200   PRD_THOOKFXN
00006200   _KNL_tick
00006220   PIP_F_take
000062b4   PIP_F_give
000062b4   PIP_F_probe
00006388   PIP_F_start
00006460   __SEM_dopost
00006680   _TSK_setup
00006880   _KNL_saveIsrFrame
0000694c   _KNL_switch
00006a00   KNL_glue
00006a40   CLK_F_getltime
00006a54   CLK_F_isr
00006bb4   CLK_F_itime
00006bb4   _CLK_F_itime
00006bb4   _CLK_itime
00006bd0   __CLK_lat1beg
00006bfc   __CLK_lat1end
00006c00   _TSK_exit
00006da0   __auto_init
00006fe0   _TSK_startup
000070a0   _KNL_check
000070f0   __KNL_lat1beg
00007178   _KNL_idle
00007178   __KNL_lat1end
0000719c   _KNL_max
000071e0   _GBL_cslCacheInit
000072c0   _KNL_exit
00007314   _KNL_enter
000073a0   _SEM_postEnterKnl
00007480   _SEM_post
00007480   _SEM_postBinary
00007560   _KNL_ipost
00007620   _KNL_post
000076e0   _LCK_post
00007710   _LCK_pend
000077a0   _SYS_exit
00007860   CLK_F_getfhtime
00007880   CLK_F_gethtime
00007880   CLK_F_getshtime
00007880   CLK_TIMEFXN
00007920   FXN_F_nop
00007928   FXN_F_run
00007928   _FXN_F_run
00007978   FXN_F_zero
00007978   _FXN_F_zero
000079a0   LOG_F_event
000079a0   _LOG_event
000079a0   __LOG_lat1beg
00007a20   STS_F_delta
00007a20   _STS_delta
00007a58   STS_F_add
00007a58   _STS_add
00007a84   STS_F_reset
00007a84   _STS_reset
00007aa0   _HWI_disable
00007ab8   _HWI_enable
00007acc   _HWI_restore
00007b00   _SEM_pend
00007b60   _SYS_abort
00007bc0   SYS_PUTCFXN
00007bc0   _UTL_doPutc
00007c20   _CLK_start
00007c80   SYS_ABORTFXN
00007c80   _UTL_doAbort
00007cc0   _CLK_stop
00007d00   GIO_CREATEFXN
00007d00   GIO_DELETEFXN
00007d00   GIO_PENDFXN
00007d00   GIO_POSTFXN
00007d00   TSK_VCREATEFXN
00007d00   TSK_VDELETEFXN
00007d00   TSK_VEXITFXN
00007d00   _FXN_F_nop
00007d20   _GBL_getVersion
00007d40   IDL_F_loop
00007d40   _IDL_loop
00007d60   _STS_set
00007d80   SYS_ERRORFXN
00007d80   _UTL_doError
00007da0   SYS_EXITFXN
00007da0   _UTL_halt
00007dc0   ___cinit__
00007dc0   cinit
0000900c   SYS$config
00009020   _RTDX_Poll
00009420   _RTDX_Buffer_WriteCB
00009a60   _RTDX_Mon_Queue
00009c80   _RTDX_Init_RT_Monitor
00009d00   _RTDX_Buffer_Initialize
00009d60   _RTDX_Buffer_ReadCB
00009dc0   _RTDX_Buffer_Size
00009e00   _RTDX_Final_RT_Monitor
00009e40   _RTDX_Buffer_Read
00009e60   _RTDX_Buffer_Write
00009ea0   _RTDX_Mask_IER
00009ef4   ___pinit__
00009ef4   pinit
00009f00   _rx_ping
0000a100   _rx_pong
0000a300   _rx_pang
0000a500   _tx_ping
0000a700   _tx_pong
0000a900   _tx_pang
0000ab00   _config1
0000ab28   _hCodec
0000ab2c   _AIC_data
0000ab30   _DIP
0000ab34   _a
0000ab38   _hEdma_rx
0000ab3c   _hEdmaPing_rx
0000ab40   _hEdmaPong_rx
0000ab44   _hEdmaPang_rx
0000ab48   _cfgEdma_rx
0000ab60   _hEdma_tx
0000ab64   _hEdmaPing_tx
0000ab68   _hEdmaPong_tx
0000ab6c   _hEdmaPang_tx
0000ab70   _cfgEdma_tx
0000ab88   _cfgEdmaPing_rx
0000aba0   _cfgEdmaPong_rx
0000abb8   _cfgEdmaPang_rx
0000abd0   _cfgEdmaPing_tx
0000abe8   _cfgEdmaPong_tx
0000ac00   _cfgEdmaPang_tx
0000ac18   _Filters
0000adfe   _DSK6713_version
0000ae00   ___atexit_func_id__
0000afb0   __IRQ_eventTable
0000b034   __IRQ_intTable
0000b074   __IRQ_dispatchTable
0000b07c   _KNL_queues
0000b11c   _KNL_dummy
0000b154   _TSK_ATTRS
0000b170   _TSK_config
0000b190   _TSK_timerSem
0000b1b0   _OBJ_table
0000b1e8   _OBJ_segtab
0000b218   _tccAllocTable
0000b258   __TSK_mutex
0000b280   __MEM_mutex
0000b2d8   __MCBSP_hDev0
0000b2dc   __MCBSP_hDev1
0000b330   __TIMER_deviceTable
0000b348   __TIMER_hDev0
0000b34c   __TIMER_hDev1
0000b350   __TIMER_hBios
0000b354   _SYS_exitStack
0000b390   __cleanup_ptr
0000b394   __dtors_ptr
0000b398   ___TI_enable_exit_profile_output
0000b39c   _DSK6713_AIC23_codeccontrolhandle
0000b3a0   _DSK6713_AIC23_codecdatahandle
0000b3a4   __lock
0000b3a8   __unlock
0000b3ac   _dtors
0000b3b0   _RTDX_Buffer
0000b7b8   _RTDX_Buffer_Start
0000b7bc   _RTDX_Buffer_End
0000b7c0   _rtdx_buffer_state
0000b7cc   _RTDX_writing
0000b7e0   _rtdx_mon_state
0000b7fc   IDL_A_TABBEG
0000b7fc   IDL_END
0000b800   LOG0$buf
0000bc00   TSK_idle$stack
0000bf98   TSK_idle$stkptr
0000c000   GBL_stackbeg
0000c000   _HWI_STKTOP
0000c000   __stack
0000c3f8   _HWI_STKBOTTOM
0000c3ff   GBL_stackend
0000c400   BIOS_init
0000c400   _BIOS_init
0000c400   __STACK_END
0000c5a4   BIOS_start
0000c5a4   _BIOS_start
0000c640   _c_int00
0000c700   _TSK_init
0000c780   _OBJ_init
0000c7a0   $bss
0000c7a0   .bss
0000c7a0   _HWI_dispatchTab
0000c7a0   ___bss__
0000c8a0   IDL_D_tabbeg
0000c8a4   IDL_D_calibrate
0000c8a8   IDL_D_calbeg
0000c8ac   LOG_D_system
0000c8ac   _LOG_D_system
0000c8b0   PIP_D_tabbeg
0000c8b4   PIP_D_tablen
0000c8b8   CLK_R_time
0000c8bc   CLK_D_timefxn
0000c8c0   CLK_D_tabbeg
0000c8c4   CLK_D_isrhook
0000c8c8   CLK_D_idletime
0000c8cc   _CLK_htimeDiv
0000c8d0   _CLK_htimeMult
0000c8d4   _CLK_ltimeDiv
0000c8d8   _CLK_ltimeMult
0000c8dc   _CLK_D_dirty
0000c8e0   _CLK_D_prd
0000c8e4   _CLK_D_tddr
0000c8e8   _CLK_D_countspms
0000c8ec   PRD_D_tick
0000c8ec   _PRD_D_tick
0000c8f0   PRD_D_cur
0000c8f4   PRD_D_elapsed
0000c8f8   PRD_D_prevtim
0000c8fc   PRD_D_scalar
0000c900   PRD_D_swihandle
0000c904   PRD_D_tabbeg
0000c908   PRD_D_tablen
0000c90c   PRD_D_thook
0000c910   RTA_D_fromHost
0000c914   RTA_D_toHost
0000c918   RTA_D_logval
0000c928   RTA_D_stsval
0000c934   HST_D_chanmask
0000c938   HST_D_tabbeg
0000c93c   HST_D_tabend
0000c940   _GBL_procId
0000c944   _GBL_clkIn
0000c948   _GBL_freq
0000c94c   _MEM_D_NUMSEGMENTS
0000c950   _MEM_D_memtab
0000c954   _MEM_D_freelist
0000c958   _MEM_D_lockaddr
0000c95c   _MEM_D_unlockaddr
0000c960   _SYS
0000c964   __HOOK_knlId
0000c968   __HOOK_NUMHOOKS
0000c96c   SWI_D_runaddr
0000c96c   _SWI_D_runaddr
0000c96c   _SWI_data
0000c970   SWI_D_execaddr
0000c970   _SWI_D_execaddr
0000c974   SWI_D_curmask
0000c974   _SWI_D_curmask
0000c978   SWI_D_curset
0000c978   _SWI_D_curset
0000c97c   SWI_D_lock
0000c97c   _SWI_D_lock
0000c980   SWI_D_curmbox
0000c984   SWI_D_curfxn
0000c984   _SWI_D_curfxn
0000c988   SWI_D_rdybeg
0000c988   _SWI_D_rdybeg
0000c98c   SWI_D_inswi
0000c98c   _SWI_D_inswi
0000c990   SWI_D_rdytab
0000ca08   _KNL_wFlag
0000ca0c   _KNL_wList
0000ca10   _KNL_alarm
0000ca14   _KNL_setpri
0000ca18   _KNL_inactive
0000ca1c   _KNL_priority
0000ca20   _KNL_set
0000ca24   _KNL_curtask
0000ca28   _KNL_prevtask
0000ca2c   _KNL_curtime
0000ca30   _KNL_swiptr
0000ca34   _KNL_curqueue
0000ca38   _KNL_maxqueue
0000ca3c   _KNL_tswitchfxn
0000ca40   _KNL_tcreatefxn
0000ca44   _KNL_tdeletefxn
0000ca48   _KNL_treadyfxn
0000ca4c   _KNL_idlefxn
0000ca50   HWI_D_spsave
0000ca50   _HWI_D_spsave
0000ca50   _HWI_data
0000ca5c   _HWI_D_inhwi
0000ca60   HWI_D_bss
0000ca64   HWI_D_ccmask
0000ca68   LNK_dspFrameRequestMask
0000ca68   _LNK_dspFrameRequestMask
0000ca6c   LNK_dspFrameReadyMask
0000ca6c   _LNK_dspFrameReadyMask
0000ca70   LNK_readPend
0000ca70   _LNK_readPend
0000ca74   LNK_readDone
0000ca74   _LNK_readDone
0000ca78   LNK_readFail
0000ca78   _LNK_readFail
0000ca7c   LNK_writeFail
0000ca7c   _LNK_writeFail
0000ca88   _rtdxNullChanCnt
0000ca8c   _rtdxNullFuncCnt
0000ca90   _TSK_nTasks
0000ca94   _TSK_pid
0000ca98   _TSK
0000ca9c   _CLK_DFLTMICROSECS
0000caa0   _CLK_D_microseconds
0000caa4   _SYS_exitStackPtr
0000caa8   _SYS_exitStackTop
0000caac   _CLK_htimePerLtime
0000cab4   _SYS_PUTCBEG
0000cab4   ___end__
0000cab4   end
0000ccb3   _SYS_PUTCEND
0000ccb4   LOG_A_TABBEG
0000ccb4   LOG_system
0000ccb4   _LOG_A_TABBEG
0000ccb4   _LOG_system
0000cccc   LOG0
0000cccc   _LOG0
0000cce4   LOG_A_TABEND
0000cce4   TRC_cinit
0000cce4   _LOG_A_TABEND
0000cce8   TRC_R_mask
0000cce8   _TRC_R_mask
0000ccec   GBL_initdone
0000ccf0   CLK_A_TABBEG
0000ccf0   PRD_clock
0000ccf0   _PRD_clock
0000ccf4   CLK_null
0000ccf8   IDL_A_CALBEG
0000ccf8   IDL_END$
0000cd00   LOG_system$buf
0000cef9   PRD0$sts$maxfmt
0000cefc   PRD_SWIHANDLE
0000cefc   PRD_swi
0000cefc   SWI_A_TABBEG
0000cefc   _PRD_swi
0000cf02   PRD0$sts$sumfmt
0000cf0b   PRD0$sts$avgfmt
0000cf16   PRD_swi$sts$maxfmt
0000cf1e   PRD_swi$sts$sumfmt
0000cf26   PRD_swi$sts$avgfmt
0000cf28   KNL_swi
0000cf28   _KNL_swi
0000cf30   KNL_swi$sts$maxfmt
0000cf38   KNL_swi$sts$sumfmt
0000cf40   KNL_swi$sts$avgfmt
0000cf4a   SWI_ping$sts$maxfmt
0000cf52   SWI_ping$sts$sumfmt
0000cf54   SWI_ping
0000cf54   _SWI_ping
0000cf5a   SWI_ping$sts$avgfmt
0000cf64   SWI_pong$sts$maxfmt
0000cf6c   SWI_pong$sts$sumfmt
0000cf74   SWI_pong$sts$avgfmt
0000cf7e   SWI_pang$sts$maxfmt
0000cf80   SWI_pong
0000cf80   _SWI_pong
0000cf86   SWI_pang$sts$sumfmt
0000cf8e   SWI_pang$sts$avgfmt
0000cfac   SWI_pang
0000cfac   _SWI_pang
0000cfd8   PRD0$sts$stsobj
0000cfd8   STS_A_TABBEG
0000cfd8   SWI_A_TABEND
0000cfd8   _STS_A_TABBEG
0000cfdc   PRD0$sts
0000cfe8   PRD_swi$sts$stsobj
0000cfec   PRD_swi$sts
0000cff8   KNL_swi$sts$stsobj
0000cffc   KNL_swi$sts
0000d008   SWI_ping$sts$stsobj
0000d00c   SWI_ping$sts
0000d018   SWI_pong$sts$stsobj
0000d01c   SWI_pong$sts
0000d028   SWI_pang$sts$stsobj
0000d02c   SWI_pang$sts
0000d038   STS_A_TABEND
0000d038   _STS_A_TABEND
0000d044   TSK_idle
0000d044   _TSK_idle
0000d0c0   PRD0
0000d0c0   PRD_A_TABBEG
0000d0c0   _PRD0
0000d0dc   PRD0$aaa
0000d0e0   PRD_A_TABEND
0000dbba   CLK_COUNTSPMS
0000dbba   CLK_HTIMEPERLTIME
0000dbba   CLK_PRD
0000dbba   _CLK_COUNTSPMS
0000dbba   _CLK_PRD
00036ee8   CLK_LTIMEMULT
00036ee8   GBL_FREQ
01940000   CLK_REGS
01940000   _CLK_REGS
082039a3   HWI_INTRMULTHIGH
310718a4   HWI_INTRMULTLOW
ffffffff   HST_DSMBUFSEG
ffffffff   IRAM
ffffffff   RTDX_DATAMEMSEG
ffffffff   SDRAM
ffffffff   _IRAM
ffffffff   _SDRAM
ffffffff   ___TI_pprof_out_hndl
ffffffff   ___TI_prof_data_size
ffffffff   ___TI_prof_data_start
ffffffff   ___binit__
ffffffff   ___c_args__
ffffffff   binit

[771 symbols]
